stm32f7xx_hal_uart.c:289:19:HAL_UART_Init	16	static
stm32f7xx_hal_uart.c:362:19:HAL_HalfDuplex_Init	16	static
stm32f7xx_hal_uart.c:435:19:HAL_LIN_Init	16	static
stm32f7xx_hal_uart.c:532:19:HAL_MultiProcessor_Init	24	static
stm32f7xx_hal_uart.c:606:19:HAL_UART_DeInit	16	static
stm32f7xx_hal_uart.c:652:13:HAL_UART_MspInit	16	static
stm32f7xx_hal_uart.c:667:13:HAL_UART_MspDeInit	16	static
stm32f7xx_hal_uart.c:1093:19:HAL_UART_Transmit	48	static
stm32f7xx_hal_uart.c:1178:19:HAL_UART_Receive	48	static
stm32f7xx_hal_uart.c:1264:19:HAL_UART_Transmit_IT	48	static,ignoring_inline_asm
stm32f7xx_hal_uart.c:1317:19:HAL_UART_Receive_IT	48	static,ignoring_inline_asm
stm32f7xx_hal_uart.c:1357:19:HAL_UART_Transmit_DMA	48	static,ignoring_inline_asm
stm32f7xx_hal_uart.c:1433:19:HAL_UART_Receive_DMA	48	static,ignoring_inline_asm
stm32f7xx_hal_uart.c:1468:19:HAL_UART_DMAPause	120	static,ignoring_inline_asm
stm32f7xx_hal_uart.c:1502:19:HAL_UART_DMAResume	112	static,ignoring_inline_asm
stm32f7xx_hal_uart.c:1537:19:HAL_UART_DMAStop	72	static,ignoring_inline_asm
stm32f7xx_hal_uart.c:1612:19:HAL_UART_Abort	136	static,ignoring_inline_asm
stm32f7xx_hal_uart.c:1709:19:HAL_UART_AbortTransmit	64	static,ignoring_inline_asm
stm32f7xx_hal_uart.c:1762:19:HAL_UART_AbortReceive	112	static,ignoring_inline_asm
stm32f7xx_hal_uart.c:1830:19:HAL_UART_Abort_IT	144	static,ignoring_inline_asm
stm32f7xx_hal_uart.c:1977:19:HAL_UART_AbortTransmit_IT	64	static,ignoring_inline_asm
stm32f7xx_hal_uart.c:2062:19:HAL_UART_AbortReceive_IT	112	static,ignoring_inline_asm
stm32f7xx_hal_uart.c:2155:6:HAL_UART_IRQHandler	240	static,ignoring_inline_asm
stm32f7xx_hal_uart.c:2451:13:HAL_UART_TxCpltCallback	16	static
stm32f7xx_hal_uart.c:2466:13:HAL_UART_TxHalfCpltCallback	16	static
stm32f7xx_hal_uart.c:2481:13:HAL_UART_RxCpltCallback	16	static
stm32f7xx_hal_uart.c:2496:13:HAL_UART_RxHalfCpltCallback	16	static
stm32f7xx_hal_uart.c:2511:13:HAL_UART_ErrorCallback	16	static
stm32f7xx_hal_uart.c:2526:13:HAL_UART_AbortCpltCallback	16	static
stm32f7xx_hal_uart.c:2541:13:HAL_UART_AbortTransmitCpltCallback	16	static
stm32f7xx_hal_uart.c:2556:13:HAL_UART_AbortReceiveCpltCallback	16	static
stm32f7xx_hal_uart.c:2573:13:HAL_UARTEx_RxEventCallback	16	static
stm32f7xx_hal_uart.c:2638:6:HAL_UART_ReceiverTimeout_Config	16	static
stm32f7xx_hal_uart.c:2650:19:HAL_UART_EnableReceiverTimeout	16	static
stm32f7xx_hal_uart.c:2681:19:HAL_UART_DisableReceiverTimeout	16	static
stm32f7xx_hal_uart.c:2712:19:HAL_MultiProcessor_EnableMuteMode	40	static,ignoring_inline_asm
stm32f7xx_hal_uart.c:2732:19:HAL_MultiProcessor_DisableMuteMode	40	static,ignoring_inline_asm
stm32f7xx_hal_uart.c:2752:6:HAL_MultiProcessor_EnterMuteMode	16	static
stm32f7xx_hal_uart.c:2762:19:HAL_HalfDuplex_EnableTransmitter	64	static,ignoring_inline_asm
stm32f7xx_hal_uart.c:2785:19:HAL_HalfDuplex_EnableReceiver	64	static,ignoring_inline_asm
stm32f7xx_hal_uart.c:2809:19:HAL_LIN_SendBreak	16	static
stm32f7xx_hal_uart.c:2854:23:HAL_UART_GetState	24	static
stm32f7xx_hal_uart.c:2870:10:HAL_UART_GetError	16	static
stm32f7xx_hal_uart.c:2918:19:UART_SetConfig	40	static
stm32f7xx_hal_uart.c:3062:6:UART_AdvFeatureConfig	16	static
stm32f7xx_hal_uart.c:3136:19:UART_CheckIdleState	32	static
stm32f7xx_hal_uart.c:3190:19:UART_WaitOnFlagUntilTimeout	120	static,ignoring_inline_asm
stm32f7xx_hal_uart.c:3252:19:UART_Start_Receive_IT	96	static,ignoring_inline_asm
stm32f7xx_hal_uart.c:3303:19:UART_Start_Receive_DMA	96	static,ignoring_inline_asm
stm32f7xx_hal_uart.c:3363:13:UART_EndTxTransfer	40	static,ignoring_inline_asm
stm32f7xx_hal_uart.c:3378:13:UART_EndRxTransfer	88	static,ignoring_inline_asm
stm32f7xx_hal_uart.c:3404:13:UART_DMATransmitCplt	72	static,ignoring_inline_asm
stm32f7xx_hal_uart.c:3438:13:UART_DMATxHalfCplt	24	static
stm32f7xx_hal_uart.c:3456:13:UART_DMAReceiveCplt	120	static,ignoring_inline_asm
stm32f7xx_hal_uart.c:3513:13:UART_DMARxHalfCplt	24	static
stm32f7xx_hal_uart.c:3547:13:UART_DMAError	32	static
stm32f7xx_hal_uart.c:3587:13:UART_DMAAbortOnError	24	static
stm32f7xx_hal_uart.c:3610:13:UART_DMATxAbortCallback	24	static
stm32f7xx_hal_uart.c:3660:13:UART_DMARxAbortCallback	24	static
stm32f7xx_hal_uart.c:3712:13:UART_DMATxOnlyAbortCallback	24	static
stm32f7xx_hal_uart.c:3740:13:UART_DMARxOnlyAbortCallback	24	static
stm32f7xx_hal_uart.c:3773:13:UART_TxISR_8BIT	64	static,ignoring_inline_asm
stm32f7xx_hal_uart.c:3802:13:UART_TxISR_16BIT	72	static,ignoring_inline_asm
stm32f7xx_hal_uart.c:3834:13:UART_EndTransmit_IT	40	static,ignoring_inline_asm
stm32f7xx_hal_uart.c:3859:13:UART_RxISR_8BIT	96	static,ignoring_inline_asm
stm32f7xx_hal_uart.c:3936:13:UART_RxISR_16BIT	96	static,ignoring_inline_asm
