cmath:241:3:constexpr float std::fabs(float)	16	static
time.h:51:3:ros::Time::Time()	16	static
msg.h:45:7:constexpr ros::Msg::Msg()	16	static
publisher.h:48:3:ros::Publisher::Publisher(const char*, ros::Msg*, int)	24	static
UInt8.h:18:5:std_msgs::UInt8::UInt8()	16	static
UInt8.h:23:17:virtual int std_msgs::UInt8::serialize(unsigned char*) const	24	static
UInt8.h:31:17:virtual int std_msgs::UInt8::deserialize(unsigned char*)	24	static
UInt8.h:39:18:virtual const char* std_msgs::UInt8::getType()	16	static
UInt8.h:40:18:virtual const char* std_msgs::UInt8::getMD5()	16	static
Gps.h:23:5:spinal::Gps::Gps()	16	static
Gps.h:31:17:virtual int spinal::Gps::serialize(unsigned char*) const	48	static
Gps.h:77:17:virtual int spinal::Gps::deserialize(unsigned char*)	128	static
Gps.h:125:18:virtual const char* spinal::Gps::getType()	16	static
Gps.h:126:18:virtual const char* spinal::Gps::getMD5()	16	static
gps_backend.h:36:8:GPS_State::GPS_State()	16	static
gps_backend.h:79:3:GPS_Backend::GPS_Backend()	32	static
gps_backend.h:87:11:GPS_Backend::~GPS_Backend()	16	static
gps_backend.h:87:11:virtual GPS_Backend::~GPS_Backend()	16	static
gps_backend.h:112:8:void GPS_Backend::write(const uint8_t*, uint16_t)	24	static
gps_backend.h:132:8:void GPS_Backend::gpsConfigCallback(const std_msgs::UInt8&)	16	static
gps_ublox.cpp:20:1:GPS::GPS()	16	static
gps_ublox.cpp:31:6:void GPS::init(UART_HandleTypeDef*, ros::NodeHandle*, GPIO_TypeDef*, uint16_t)	24	static
gps_ublox.cpp:42:6:virtual void GPS::processMessage()	24	static
gps_ublox.cpp:136:6:void GPS::updateChecksum(uint8_t*, uint16_t, uint8_t&, uint8_t&)	24	static
gps_ublox.cpp:146:6:void GPS::sendMessage(uint8_t, uint8_t, void*, uint16_t)	48	static
gps_ublox.cpp:165:6:bool GPS::configureMessageRate(uint8_t, uint8_t, uint8_t)	32	static
gps_ublox.cpp:175:6:void GPS::configureRate(uint16_t)	32	static
gps_ublox.cpp:184:6:virtual void GPS::update()	24	static
subscriber.h:44:7:ros::Subscriber_::Subscriber_()	16	static
subscriber.h:66:3:ros::Subscriber<MsgT, ObjT>::Subscriber(const char*, ros::Subscriber<MsgT, ObjT>::CallbackT, ObjT*, int) [with MsgT = std_msgs::UInt8; ObjT = GPS_Backend]	24	static
vector3.h:75:5:ap::Vector3<T>::Vector3() [with T = float]	16	static
gps_ublox.h:68:7:GPS::~GPS()	16	static
gps_ublox.h:68:7:virtual GPS::~GPS()	16	static
subscriber.h:74:16:void ros::Subscriber<MsgT, ObjT>::callback(unsigned char*) [with MsgT = std_msgs::UInt8; ObjT = GPS_Backend]	16	static
subscriber.h:88:15:int ros::Subscriber<MsgT, ObjT>::getEndpointType() [with MsgT = std_msgs::UInt8; ObjT = GPS_Backend]	16	static
subscriber.h:80:24:const char* ros::Subscriber<MsgT, ObjT>::getMsgType() [with MsgT = std_msgs::UInt8; ObjT = GPS_Backend]	16	static
subscriber.h:84:24:const char* ros::Subscriber<MsgT, ObjT>::getMsgMD5() [with MsgT = std_msgs::UInt8; ObjT = GPS_Backend]	16	static
