new:173:33:void* operator new(std::size_t, void*)	16	static
flashmemory.cpp:15:7:FlashMemory::{anonymous}::Data::Data(void*, size_t)	24	static
stl_vector.h:125:14:std::_Vector_base<FlashMemory::{anonymous}::Data, std::allocator<FlashMemory::{anonymous}::Data> >::_Vector_impl::~_Vector_impl()	16	static
stl_vector.h:285:7:std::_Vector_base<_Tp, _Alloc>::_Vector_base() [with _Tp = FlashMemory::{anonymous}::Data; _Alloc = std::allocator<FlashMemory::{anonymous}::Data>]	16	static
stl_vector.h:484:7:std::vector<_Tp, _Alloc>::vector() [with _Tp = FlashMemory::{anonymous}::Data; _Alloc = std::allocator<FlashMemory::{anonymous}::Data>]	16	static
flashmemory.cpp:23:8:void FlashMemory::init(uint32_t, uint32_t)	16	static
flashmemory.cpp:28:8:void FlashMemory::addValue(void*, size_t)	24	static
flashmemory.cpp:33:21:HAL_StatusTypeDef FlashMemory::read()	32	static
flashmemory.cpp:62:8:void FlashMemory::erase()	32	static
flashmemory.cpp:85:8:void FlashMemory::write()	32	static
flashmemory.cpp:130:8:bool FlashMemory::isLock()	4	static
stl_vector.h:128:2:std::_Vector_base<_Tp, _Alloc>::_Vector_impl::_Vector_impl() [with _Tp = FlashMemory::{anonymous}::Data; _Alloc = std::allocator<FlashMemory::{anonymous}::Data>]	16	static
allocator.h:153:7:std::allocator< <template-parameter-1-1> >::~allocator() [with _Tp = FlashMemory::{anonymous}::Data]	16	static
stl_vector.h:330:7:std::_Vector_base<_Tp, _Alloc>::~_Vector_base() [with _Tp = FlashMemory::{anonymous}::Data; _Alloc = std::allocator<FlashMemory::{anonymous}::Data>]	16	static
stl_vector.h:1184:7:void std::vector<_Tp, _Alloc>::push_back(const value_type&) [with _Tp = FlashMemory::{anonymous}::Data; _Alloc = std::allocator<FlashMemory::{anonymous}::Data>]	16	static
stl_vector.h:915:7:std::vector<_Tp, _Alloc>::size_type std::vector<_Tp, _Alloc>::size() const [with _Tp = FlashMemory::{anonymous}::Data; _Alloc = std::allocator<FlashMemory::{anonymous}::Data>]	16	static
stl_vector.h:1040:7:std::vector<_Tp, _Alloc>::reference std::vector<_Tp, _Alloc>::operator[](std::vector<_Tp, _Alloc>::size_type) [with _Tp = FlashMemory::{anonymous}::Data; _Alloc = std::allocator<FlashMemory::{anonymous}::Data>]	16	static
allocator.h:138:7:std::allocator< <template-parameter-1-1> >::allocator() [with _Tp = FlashMemory::{anonymous}::Data]	16	static
stl_vector.h:94:2:std::_Vector_base<_Tp, _Alloc>::_Vector_impl_data::_Vector_impl_data() [with _Tp = FlashMemory::{anonymous}::Data; _Alloc = std::allocator<FlashMemory::{anonymous}::Data>]	16	static
new_allocator.h:89:7:__gnu_cxx::new_allocator<_Tp>::~new_allocator() [with _Tp = FlashMemory::{anonymous}::Data]	16	static
stl_vector.h:347:7:void std::_Vector_base<_Tp, _Alloc>::_M_deallocate(std::_Vector_base<_Tp, _Alloc>::pointer, std::size_t) [with _Tp = FlashMemory::{anonymous}::Data; _Alloc = std::allocator<FlashMemory::{anonymous}::Data>]	24	static
alloc_traits.h:482:2:) [with _Up = FlashMemory::{anonymous}::Data; _Args = {const FlashMemory::{anonymous}::Data&}; _Tp = FlashMemory::{anonymous}::Data]	24	static
stl_vector.h:826:7:std::vector<_Tp, _Alloc>::iterator std::vector<_Tp, _Alloc>::end() [with _Tp = FlashMemory::{anonymous}::Data; _Alloc = std::allocator<FlashMemory::{anonymous}::Data>]	24	static
stl_vector.h:441:7:static constexpr bool std::vector<_Tp, _Alloc>::_S_use_relocate() [with _Tp = FlashMemory::{anonymous}::Data; _Alloc = std::allocator<FlashMemory::{anonymous}::Data>]	16	static
stl_vector.h:428:7:static constexpr bool std::vector<_Tp, _Alloc>::_S_nothrow_relocate(std::true_type) [with _Tp = FlashMemory::{anonymous}::Data; _Alloc = std::allocator<FlashMemory::{anonymous}::Data>]	16	static
vector.tcc:426:7:) [with _Args = {const FlashMemory::{anonymous}::Data&}; _Tp = FlashMemory::{anonymous}::Data; _Alloc = std::allocator<FlashMemory::{anonymous}::Data>]	64	static
new_allocator.h:80:7:__gnu_cxx::new_allocator<_Tp>::new_allocator() [with _Tp = FlashMemory::{anonymous}::Data]	16	static
alloc_traits.h:469:7:static void std::allocator_traits<std::allocator<_Tp1> >::deallocate(std::allocator_traits<std::allocator<_Tp1> >::allocator_type&, std::allocator_traits<std::allocator<_Tp1> >::pointer, std::allocator_traits<std::allocator<_Tp1> >::size_type) [with _Tp = FlashMemory::{anonymous}::Data]	24	static
move.h:74:5:constexpr _Tp&& std::forward(typename std::remove_reference<_Tp>::type&) [with _Tp = const FlashMemory::{anonymous}::Data&]	16	static
new_allocator.h:144:2:) [with _Up = FlashMemory::{anonymous}::Data; _Args = {const FlashMemory::{anonymous}::Data&}; _Tp = FlashMemory::{anonymous}::Data]	32	static
stl_iterator.h:806:7:__gnu_cxx::__normal_iterator<_Iterator, _Container>::__normal_iterator(const _Iterator&) [with _Iterator = FlashMemory::{anonymous}::Data*; _Container = std::vector<FlashMemory::{anonymous}::Data>]	16	static
stl_vector.h:1753:7:std::vector<_Tp, _Alloc>::size_type std::vector<_Tp, _Alloc>::_M_check_len(std::vector<_Tp, _Alloc>::size_type, const char*) const [with _Tp = FlashMemory::{anonymous}::Data; _Alloc = std::allocator<FlashMemory::{anonymous}::Data>]	40	static
stl_vector.h:808:7:std::vector<_Tp, _Alloc>::iterator std::vector<_Tp, _Alloc>::begin() [with _Tp = FlashMemory::{anonymous}::Data; _Alloc = std::allocator<FlashMemory::{anonymous}::Data>]	24	static
stl_iterator.h:989:5:typename __gnu_cxx::__normal_iterator<_Iterator, _Container>::difference_type __gnu_cxx::operator-(const __gnu_cxx::__normal_iterator<_Iterator, _Container>&, const __gnu_cxx::__normal_iterator<_Iterator, _Container>&) [with _Iterator = FlashMemory::{anonymous}::Data*; _Container = std::vector<FlashMemory::{anonymous}::Data>]	24	static
stl_vector.h:340:7:std::_Vector_base<_Tp, _Alloc>::pointer std::_Vector_base<_Tp, _Alloc>::_M_allocate(std::size_t) [with _Tp = FlashMemory::{anonymous}::Data; _Alloc = std::allocator<FlashMemory::{anonymous}::Data>]	16	static
stl_vector.h:462:7:static std::vector<_Tp, _Alloc>::pointer std::vector<_Tp, _Alloc>::_S_relocate(std::vector<_Tp, _Alloc>::pointer, std::vector<_Tp, _Alloc>::pointer, std::vector<_Tp, _Alloc>::pointer, std::vector<_Tp, _Alloc>::_Tp_alloc_type&) [with _Tp = FlashMemory::{anonymous}::Data; _Alloc = std::allocator<FlashMemory::{anonymous}::Data>]	48	static
stl_iterator.h:871:7:const _Iterator& __gnu_cxx::__normal_iterator<_Iterator, _Container>::base() const [with _Iterator = FlashMemory::{anonymous}::Data*; _Container = std::vector<FlashMemory::{anonymous}::Data>]	16	static
stl_vector.h:273:7:std::_Vector_base<_Tp, _Alloc>::_Tp_alloc_type& std::_Vector_base<_Tp, _Alloc>::_M_get_Tp_allocator() [with _Tp = FlashMemory::{anonymous}::Data; _Alloc = std::allocator<FlashMemory::{anonymous}::Data>]	16	static
stl_uninitialized.h:323:5:_ForwardIterator std::__uninitialized_move_if_noexcept_a(_InputIterator, _InputIterator, _ForwardIterator, _Allocator&) [with _InputIterator = FlashMemory::{anonymous}::Data*; _ForwardIterator = FlashMemory::{anonymous}::Data*; _Allocator = std::allocator<FlashMemory::{anonymous}::Data>]	32	static
alloc_traits.h:495:2:static void std::allocator_traits<std::allocator<_Tp1> >::destroy(std::allocator_traits<std::allocator<_Tp1> >::allocator_type&, _Up*) [with _Up = FlashMemory::{anonymous}::Data; _Tp = FlashMemory::{anonymous}::Data]	16	static
stl_construct.h:203:5:void std::_Destroy(_ForwardIterator, _ForwardIterator, std::allocator<_T2>&) [with _ForwardIterator = FlashMemory::{anonymous}::Data*; _Tp = FlashMemory::{anonymous}::Data]	24	static
new_allocator.h:119:7:void __gnu_cxx::new_allocator<_Tp>::deallocate(__gnu_cxx::new_allocator<_Tp>::pointer, __gnu_cxx::new_allocator<_Tp>::size_type) [with _Tp = FlashMemory::{anonymous}::Data]	24	static
stl_vector.h:920:7:std::vector<_Tp, _Alloc>::size_type std::vector<_Tp, _Alloc>::max_size() const [with _Tp = FlashMemory::{anonymous}::Data; _Alloc = std::allocator<FlashMemory::{anonymous}::Data>]	16	static
stl_algobase.h:222:5:constexpr const _Tp& std::max(const _Tp&, const _Tp&) [with _Tp = unsigned int]	16	static
alloc_traits.h:443:7:static _Tp* std::allocator_traits<std::allocator<_Tp1> >::allocate(std::allocator_traits<std::allocator<_Tp1> >::allocator_type&, std::allocator_traits<std::allocator<_Tp1> >::size_type) [with _Tp = FlashMemory::{anonymous}::Data]	16	static
stl_vector.h:450:7:static std::vector<_Tp, _Alloc>::pointer std::vector<_Tp, _Alloc>::_S_do_relocate(std::vector<_Tp, _Alloc>::pointer, std::vector<_Tp, _Alloc>::pointer, std::vector<_Tp, _Alloc>::pointer, std::vector<_Tp, _Alloc>::_Tp_alloc_type&, std::true_type) [with _Tp = FlashMemory::{anonymous}::Data; _Alloc = std::allocator<FlashMemory::{anonymous}::Data>]	24	static
stl_iterator.h:1242:5:_ReturnType std::__make_move_if_noexcept_iterator(_Tp*) [with _Tp = FlashMemory::{anonymous}::Data; _ReturnType = std::move_iterator<FlashMemory::{anonymous}::Data*>]	24	static
stl_uninitialized.h:305:5:_ForwardIterator std::__uninitialized_copy_a(_InputIterator, _InputIterator, _ForwardIterator, std::allocator<_Tp>&) [with _InputIterator = std::move_iterator<FlashMemory::{anonymous}::Data*>; _ForwardIterator = FlashMemory::{anonymous}::Data*; _Tp = FlashMemory::{anonymous}::Data]	24	static
new_allocator.h:151:2:void __gnu_cxx::new_allocator<_Tp>::destroy(_Up*) [with _Up = FlashMemory::{anonymous}::Data; _Tp = FlashMemory::{anonymous}::Data]	16	static
stl_construct.h:127:5:void std::_Destroy(_ForwardIterator, _ForwardIterator) [with _ForwardIterator = FlashMemory::{anonymous}::Data*]	16	static
stl_vector.h:1773:7:static std::vector<_Tp, _Alloc>::size_type std::vector<_Tp, _Alloc>::_S_max_size(const _Tp_alloc_type&) [with _Tp = FlashMemory::{anonymous}::Data; _Alloc = std::allocator<FlashMemory::{anonymous}::Data>]	24	static
stl_vector.h:277:7:const _Tp_alloc_type& std::_Vector_base<_Tp, _Alloc>::_M_get_Tp_allocator() const [with _Tp = FlashMemory::{anonymous}::Data; _Alloc = std::allocator<FlashMemory::{anonymous}::Data>]	16	static
new_allocator.h:102:7:_Tp* __gnu_cxx::new_allocator<_Tp>::allocate(__gnu_cxx::new_allocator<_Tp>::size_type, const void*) [with _Tp = FlashMemory::{anonymous}::Data]	24	static
stl_uninitialized.h:958:5:_ForwardIterator std::__relocate_a(_InputIterator, _InputIterator, _ForwardIterator, _Allocator&) [with _InputIterator = FlashMemory::{anonymous}::Data*; _ForwardIterator = FlashMemory::{anonymous}::Data*; _Allocator = std::allocator<FlashMemory::{anonymous}::Data>]	32	static
stl_iterator.h:1057:7:std::move_iterator<_Iterator>::move_iterator(std::move_iterator<_Iterator>::iterator_type) [with _Iterator = FlashMemory::{anonymous}::Data*]	16	static
stl_uninitialized.h:115:5:_ForwardIterator std::uninitialized_copy(_InputIterator, _InputIterator, _ForwardIterator) [with _InputIterator = std::move_iterator<FlashMemory::{anonymous}::Data*>; _ForwardIterator = FlashMemory::{anonymous}::Data*]	32	static
stl_construct.h:117:9:static void std::_Destroy_aux<true>::__destroy(_ForwardIterator, _ForwardIterator) [with _ForwardIterator = FlashMemory::{anonymous}::Data*]	16	static
alloc_traits.h:505:7:static std::allocator_traits<std::allocator<_Tp1> >::size_type std::allocator_traits<std::allocator<_Tp1> >::max_size(const allocator_type&) [with _Tp = FlashMemory::{anonymous}::Data]	16	static
stl_algobase.h:198:5:constexpr const _Tp& std::min(const _Tp&, const _Tp&) [with _Tp = unsigned int]	16	static
new_allocator.h:132:7:__gnu_cxx::new_allocator<_Tp>::size_type __gnu_cxx::new_allocator<_Tp>::max_size() const [with _Tp = FlashMemory::{anonymous}::Data]	16	static
stl_algobase.h:280:5:_Iterator std::__niter_base(_Iterator) [with _Iterator = FlashMemory::{anonymous}::Data*]	16	static
stl_uninitialized.h:936:5:_ForwardIterator std::__relocate_a_1(_InputIterator, _InputIterator, _ForwardIterator, _Allocator&) [with _InputIterator = FlashMemory::{anonymous}::Data*; _ForwardIterator = FlashMemory::{anonymous}::Data*; _Allocator = std::allocator<FlashMemory::{anonymous}::Data>]	40	static
stl_uninitialized.h:76:9:static _ForwardIterator std::__uninitialized_copy<_TrivialValueTypes>::__uninit_copy(_InputIterator, _InputIterator, _ForwardIterator) [with _InputIterator = std::move_iterator<FlashMemory::{anonymous}::Data*>; _ForwardIterator = FlashMemory::{anonymous}::Data*; bool _TrivialValueTypes = false]	40	static
move.h:47:5:constexpr _Tp* std::__addressof(_Tp&) [with _Tp = FlashMemory::{anonymous}::Data]	16	static
stl_uninitialized.h:905:5:void std::__relocate_object_a(_Tp*, _Up*, _Allocator&) [with _Tp = FlashMemory::{anonymous}::Data; _Up = FlashMemory::{anonymous}::Data; _Allocator = std::allocator<FlashMemory::{anonymous}::Data>]	24	static
stl_iterator.h:1157:5:bool std::operator!=(const std::move_iterator<_IteratorL>&, const std::move_iterator<_IteratorL>&) [with _Iterator = FlashMemory::{anonymous}::Data*]	16	static
stl_iterator.h:1078:7:std::move_iterator<_Iterator>& std::move_iterator<_Iterator>::operator++() [with _Iterator = FlashMemory::{anonymous}::Data*]	16	static
stl_iterator.h:1070:7:std::move_iterator<_Iterator>::reference std::move_iterator<_Iterator>::operator*() const [with _Iterator = FlashMemory::{anonymous}::Data*]	16	static
stl_construct.h:74:5:) [with _T1 = FlashMemory::{anonymous}::Data; _Args = {FlashMemory::{anonymous}::Data}]	24	static
move.h:99:5:constexpr typename std::remove_reference<_Tp>::type&& std::move(_Tp&&) [with _Tp = FlashMemory::{anonymous}::Data&]	16	static
alloc_traits.h:482:2:) [with _Up = FlashMemory::{anonymous}::Data; _Args = {FlashMemory::{anonymous}::Data}; _Tp = FlashMemory::{anonymous}::Data]	24	static
stl_iterator.h:1145:5:bool std::operator==(const std::move_iterator<_IteratorL>&, const std::move_iterator<_IteratorL>&) [with _Iterator = FlashMemory::{anonymous}::Data*]	24	static
move.h:74:5:constexpr _Tp&& std::forward(typename std::remove_reference<_Tp>::type&) [with _Tp = FlashMemory::{anonymous}::Data]	16	static
new_allocator.h:144:2:) [with _Up = FlashMemory::{anonymous}::Data; _Args = {FlashMemory::{anonymous}::Data}; _Tp = FlashMemory::{anonymous}::Data]	32	static
stl_iterator.h:1066:7:std::move_iterator<_Iterator>::iterator_type std::move_iterator<_Iterator>::base() const [with _Iterator = FlashMemory::{anonymous}::Data*]	16	static
flashmemory.cpp:133:1:void __static_initialization_and_destruction_0(int, int)	16	static
stl_vector.h:675:7:std::vector<_Tp, _Alloc>::~vector() [with _Tp = FlashMemory::{anonymous}::Data; _Alloc = std::allocator<FlashMemory::{anonymous}::Data>]	24	static
flashmemory.cpp:133:1:cpp)	8	static
flashmemory.cpp:133:1:cpp)	8	static
