stm32f1xx_hal_tim.c:4598:13:void TIM_OC1_SetConfig(TIM_TypeDef*, TIM_OC_InitTypeDef*)	16	static
stm32f1xx_hal_tim.c:4748:13:void TIM_OC3_SetConfig(TIM_TypeDef*, TIM_OC_InitTypeDef*)	16	static
stm32f1xx_hal_tim.c:4822:13:void TIM_OC4_SetConfig(TIM_TypeDef*, TIM_OC_InitTypeDef*)	16	static
stm32f1xx_hal_tim.c:4882:13:void TIM_SlaveTimer_SetConfig(TIM_HandleTypeDef*, TIM_SlaveConfigTypeDef*)	12	static
stm32f1xx_hal_tim.c:272:13:void HAL_TIM_Base_MspInit(TIM_HandleTypeDef*)	0	static
stm32f1xx_hal_tim.c:286:13:void HAL_TIM_Base_MspDeInit(TIM_HandleTypeDef*)	0	static
stm32f1xx_hal_tim.c:245:19:HAL_StatusTypeDef HAL_TIM_Base_DeInit(TIM_HandleTypeDef*)	8	static
stm32f1xx_hal_tim.c:301:19:HAL_StatusTypeDef HAL_TIM_Base_Start(TIM_HandleTypeDef*)	4	static
stm32f1xx_hal_tim.c:324:19:HAL_StatusTypeDef HAL_TIM_Base_Stop(TIM_HandleTypeDef*)	0	static
stm32f1xx_hal_tim.c:347:19:HAL_StatusTypeDef HAL_TIM_Base_Start_IT(TIM_HandleTypeDef*)	0	static
stm32f1xx_hal_tim.c:367:19:HAL_StatusTypeDef HAL_TIM_Base_Stop_IT(TIM_HandleTypeDef*)	0	static
stm32f1xx_hal_tim.c:388:19:HAL_StatusTypeDef HAL_TIM_Base_Start_DMA(TIM_HandleTypeDef*, uint32_t*, uint16_t)	16	static
stm32f1xx_hal_tim.c:432:19:HAL_StatusTypeDef HAL_TIM_Base_Stop_DMA(TIM_HandleTypeDef*)	0	static
stm32f1xx_hal_tim.c:547:13:void HAL_TIM_OC_MspInit(TIM_HandleTypeDef*)	0	static
stm32f1xx_hal_tim.c:561:13:void HAL_TIM_OC_MspDeInit(TIM_HandleTypeDef*)	0	static
stm32f1xx_hal_tim.c:520:19:HAL_StatusTypeDef HAL_TIM_OC_DeInit(TIM_HandleTypeDef*)	8	static
stm32f1xx_hal_tim.c:613:19:HAL_StatusTypeDef HAL_TIM_OC_Stop(TIM_HandleTypeDef*, uint32_t)	0	static
stm32f1xx_hal_tim.c:1051:13:void HAL_TIM_PWM_MspInit(TIM_HandleTypeDef*)	0	static
stm32f1xx_hal_tim.c:1065:13:void HAL_TIM_PWM_MspDeInit(TIM_HandleTypeDef*)	0	static
stm32f1xx_hal_tim.c:1024:19:HAL_StatusTypeDef HAL_TIM_PWM_DeInit(TIM_HandleTypeDef*)	8	static
stm32f1xx_hal_tim.c:1085:19:HAL_StatusTypeDef HAL_TIM_PWM_Start(TIM_HandleTypeDef*, uint32_t)	0	static
stm32f1xx_hal_tim.c:581:19:HAL_StatusTypeDef HAL_TIM_OC_Start(TIM_HandleTypeDef*, uint32_t)	0	static
stm32f1xx_hal_tim.c:1117:19:HAL_StatusTypeDef HAL_TIM_PWM_Stop(TIM_HandleTypeDef*, uint32_t)	4	static
stm32f1xx_hal_tim.c:1152:19:HAL_StatusTypeDef HAL_TIM_PWM_Start_IT(TIM_HandleTypeDef*, uint32_t)	0	static
stm32f1xx_hal_tim.c:645:19:HAL_StatusTypeDef HAL_TIM_OC_Start_IT(TIM_HandleTypeDef*, uint32_t)	0	static
stm32f1xx_hal_tim.c:1218:19:HAL_StatusTypeDef HAL_TIM_PWM_Stop_IT(TIM_HandleTypeDef*, uint32_t)	0	static
stm32f1xx_hal_tim.c:711:19:HAL_StatusTypeDef HAL_TIM_OC_Stop_IT(TIM_HandleTypeDef*, uint32_t)	0	static
stm32f1xx_hal_tim.c:1286:19:HAL_StatusTypeDef HAL_TIM_PWM_Start_DMA(TIM_HandleTypeDef*, uint32_t, uint32_t*, uint16_t)	24	static
stm32f1xx_hal_tim.c:779:19:HAL_StatusTypeDef HAL_TIM_OC_Start_DMA(TIM_HandleTypeDef*, uint32_t, uint32_t*, uint16_t)	0	static
stm32f1xx_hal_tim.c:1403:19:HAL_StatusTypeDef HAL_TIM_PWM_Stop_DMA(TIM_HandleTypeDef*, uint32_t)	4	static
stm32f1xx_hal_tim.c:896:19:HAL_StatusTypeDef HAL_TIM_OC_Stop_DMA(TIM_HandleTypeDef*, uint32_t)	0	static
stm32f1xx_hal_tim.c:1558:13:void HAL_TIM_IC_MspInit(TIM_HandleTypeDef*)	0	static
stm32f1xx_hal_tim.c:1572:13:void HAL_TIM_IC_MspDeInit(TIM_HandleTypeDef*)	0	static
stm32f1xx_hal_tim.c:1531:19:HAL_StatusTypeDef HAL_TIM_IC_DeInit(TIM_HandleTypeDef*)	8	static
stm32f1xx_hal_tim.c:1592:19:HAL_StatusTypeDef HAL_TIM_IC_Start(TIM_HandleTypeDef*, uint32_t)	0	static
stm32f1xx_hal_tim.c:1618:19:HAL_StatusTypeDef HAL_TIM_IC_Stop(TIM_HandleTypeDef*, uint32_t)	4	static
stm32f1xx_hal_tim.c:1644:19:HAL_StatusTypeDef HAL_TIM_IC_Start_IT(TIM_HandleTypeDef*, uint32_t)	0	static
stm32f1xx_hal_tim.c:1703:19:HAL_StatusTypeDef HAL_TIM_IC_Stop_IT(TIM_HandleTypeDef*, uint32_t)	4	static
stm32f1xx_hal_tim.c:1765:19:HAL_StatusTypeDef HAL_TIM_IC_Start_DMA(TIM_HandleTypeDef*, uint32_t, uint32_t*, uint16_t)	24	static
stm32f1xx_hal_tim.c:1878:19:HAL_StatusTypeDef HAL_TIM_IC_Stop_DMA(TIM_HandleTypeDef*, uint32_t)	8	static
stm32f1xx_hal_tim.c:2038:13:void HAL_TIM_OnePulse_MspInit(TIM_HandleTypeDef*)	0	static
stm32f1xx_hal_tim.c:2052:13:void HAL_TIM_OnePulse_MspDeInit(TIM_HandleTypeDef*)	0	static
stm32f1xx_hal_tim.c:2011:19:HAL_StatusTypeDef HAL_TIM_OnePulse_DeInit(TIM_HandleTypeDef*)	8	static
stm32f1xx_hal_tim.c:2070:19:HAL_StatusTypeDef HAL_TIM_OnePulse_Start(TIM_HandleTypeDef*, uint32_t)	0	static
stm32f1xx_hal_tim.c:2103:19:HAL_StatusTypeDef HAL_TIM_OnePulse_Stop(TIM_HandleTypeDef*, uint32_t)	0	static
stm32f1xx_hal_tim.c:2136:19:HAL_StatusTypeDef HAL_TIM_OnePulse_Start_IT(TIM_HandleTypeDef*, uint32_t)	0	static
stm32f1xx_hal_tim.c:2175:19:HAL_StatusTypeDef HAL_TIM_OnePulse_Stop_IT(TIM_HandleTypeDef*, uint32_t)	0	static
stm32f1xx_hal_tim.c:2352:13:void HAL_TIM_Encoder_MspInit(TIM_HandleTypeDef*)	0	static
stm32f1xx_hal_tim.c:2366:13:void HAL_TIM_Encoder_MspDeInit(TIM_HandleTypeDef*)	0	static
stm32f1xx_hal_tim.c:2325:19:HAL_StatusTypeDef HAL_TIM_Encoder_DeInit(TIM_HandleTypeDef*)	8	static
stm32f1xx_hal_tim.c:2385:19:HAL_StatusTypeDef HAL_TIM_Encoder_Start(TIM_HandleTypeDef*, uint32_t)	0	static
stm32f1xx_hal_tim.c:2427:19:HAL_StatusTypeDef HAL_TIM_Encoder_Stop(TIM_HandleTypeDef*, uint32_t)	0	static
stm32f1xx_hal_tim.c:2471:19:HAL_StatusTypeDef HAL_TIM_Encoder_Start_IT(TIM_HandleTypeDef*, uint32_t)	0	static
stm32f1xx_hal_tim.c:2519:19:HAL_StatusTypeDef HAL_TIM_Encoder_Stop_IT(TIM_HandleTypeDef*, uint32_t)	0	static
stm32f1xx_hal_tim.c:2573:19:HAL_StatusTypeDef HAL_TIM_Encoder_Start_DMA(TIM_HandleTypeDef*, uint32_t, uint32_t*, uint32_t*, uint16_t)	24	static
stm32f1xx_hal_tim.c:2690:19:HAL_StatusTypeDef HAL_TIM_Encoder_Stop_DMA(TIM_HandleTypeDef*, uint32_t)	0	static
stm32f1xx_hal_tim.c:3316:19:HAL_StatusTypeDef HAL_TIM_DMABurst_WriteStart(TIM_HandleTypeDef*, uint32_t, uint32_t, uint32_t*, uint32_t)	24	static
stm32f1xx_hal_tim.c:3539:19:HAL_StatusTypeDef HAL_TIM_DMABurst_ReadStart(TIM_HandleTypeDef*, uint32_t, uint32_t, uint32_t*, uint32_t)	24	static
stm32f1xx_hal_tim.c:3671:19:HAL_StatusTypeDef HAL_TIM_DMABurst_ReadStop(TIM_HandleTypeDef*, uint32_t)	16	static
stm32f1xx_hal_tim.c:3447:19:HAL_StatusTypeDef HAL_TIM_DMABurst_WriteStop(TIM_HandleTypeDef*, uint32_t)	0	static
stm32f1xx_hal_tim.c:3743:19:HAL_StatusTypeDef HAL_TIM_GenerateEvent(TIM_HandleTypeDef*, uint32_t)	8	static
stm32f1xx_hal_tim.c:3780:19:HAL_StatusTypeDef HAL_TIM_ConfigOCrefClear(TIM_HandleTypeDef*, TIM_ClearInputConfigTypeDef*, uint32_t)	12	static
stm32f1xx_hal_tim.c:3905:19:HAL_StatusTypeDef HAL_TIM_ConfigClockSource(TIM_HandleTypeDef*, TIM_ClockConfigTypeDef*)	16	static
stm32f1xx_hal_tim.c:4079:19:HAL_StatusTypeDef HAL_TIM_ConfigTI1Input(TIM_HandleTypeDef*, uint32_t)	0	static
stm32f1xx_hal_tim.c:4111:19:HAL_StatusTypeDef HAL_TIM_SlaveConfigSynchronization(TIM_HandleTypeDef*, TIM_SlaveConfigTypeDef*)	16	static
stm32f1xx_hal_tim.c:4146:19:HAL_StatusTypeDef HAL_TIM_SlaveConfigSynchronization_IT(TIM_HandleTypeDef*, TIM_SlaveConfigTypeDef*)	16	static
stm32f1xx_hal_tim.c:4184:10:uint32_t HAL_TIM_ReadCapturedValue(TIM_HandleTypeDef*, uint32_t)	0	static
stm32f1xx_hal_tim.c:4271:13:void HAL_TIM_PeriodElapsedCallback(TIM_HandleTypeDef*)	0	static
stm32f1xx_hal_tim.c:4524:13:void TIM_DMAPeriodElapsedCplt(DMA_HandleTypeDef*)	8	static
stm32f1xx_hal_tim.c:4285:13:void HAL_TIM_OC_DelayElapsedCallback(TIM_HandleTypeDef*)	0	static
stm32f1xx_hal_tim.c:4298:13:void HAL_TIM_IC_CaptureCallback(TIM_HandleTypeDef*)	0	static
stm32f1xx_hal_tim.c:4491:6:void TIM_DMACaptureCplt(DMA_HandleTypeDef*)	8	static
stm32f1xx_hal_tim.c:4312:13:void HAL_TIM_PWM_PulseFinishedCallback(TIM_HandleTypeDef*)	0	static
stm32f1xx_hal_tim.c:4459:6:void TIM_DMADelayPulseCplt(DMA_HandleTypeDef*)	8	static
stm32f1xx_hal_tim.c:4326:13:void HAL_TIM_TriggerCallback(TIM_HandleTypeDef*)	0	static
stm32f1xx_hal_tim.c:2752:6:void HAL_TIM_IRQHandler(TIM_HandleTypeDef*)	8	static
stm32f1xx_hal_tim.c:4538:13:void TIM_DMATriggerCplt(DMA_HandleTypeDef*)	8	static
stm32f1xx_hal_tim.c:4340:13:void HAL_TIM_ErrorCallback(TIM_HandleTypeDef*)	0	static
stm32f1xx_hal_tim.c:4445:6:void TIM_DMAError(DMA_HandleTypeDef*)	8	static
stm32f1xx_hal_tim.c:4373:22:HAL_TIM_StateTypeDef HAL_TIM_Base_GetState(TIM_HandleTypeDef*)	0	static
stm32f1xx_hal_tim.c:4383:22:HAL_TIM_StateTypeDef HAL_TIM_OC_GetState(TIM_HandleTypeDef*)	0	static
stm32f1xx_hal_tim.c:4393:22:HAL_TIM_StateTypeDef HAL_TIM_PWM_GetState(TIM_HandleTypeDef*)	0	static
stm32f1xx_hal_tim.c:4403:22:HAL_TIM_StateTypeDef HAL_TIM_IC_GetState(TIM_HandleTypeDef*)	0	static
stm32f1xx_hal_tim.c:4413:22:HAL_TIM_StateTypeDef HAL_TIM_OnePulse_GetState(TIM_HandleTypeDef*)	0	static
stm32f1xx_hal_tim.c:4423:22:HAL_TIM_StateTypeDef HAL_TIM_Encoder_GetState(TIM_HandleTypeDef*)	0	static
stm32f1xx_hal_tim.c:4553:6:void TIM_Base_SetConfig(TIM_TypeDef*, TIM_Base_InitTypeDef*)	8	static
stm32f1xx_hal_tim.c:206:19:HAL_StatusTypeDef HAL_TIM_Base_Init(TIM_HandleTypeDef*)	8	static
stm32f1xx_hal_tim.c:481:19:HAL_StatusTypeDef HAL_TIM_OC_Init(TIM_HandleTypeDef*)	8	static
stm32f1xx_hal_tim.c:985:19:HAL_StatusTypeDef HAL_TIM_PWM_Init(TIM_HandleTypeDef*)	8	static
stm32f1xx_hal_tim.c:1492:19:HAL_StatusTypeDef HAL_TIM_IC_Init(TIM_HandleTypeDef*)	8	static
stm32f1xx_hal_tim.c:1965:19:HAL_StatusTypeDef HAL_TIM_OnePulse_Init(TIM_HandleTypeDef*, uint32_t)	16	static
stm32f1xx_hal_tim.c:2235:19:HAL_StatusTypeDef HAL_TIM_Encoder_Init(TIM_HandleTypeDef*, TIM_Encoder_InitTypeDef*)	24	static
stm32f1xx_hal_tim.c:4672:6:void TIM_OC2_SetConfig(TIM_TypeDef*, TIM_OC_InitTypeDef*)	16	static
stm32f1xx_hal_tim.c:2915:19:HAL_StatusTypeDef HAL_TIM_OC_ConfigChannel(TIM_HandleTypeDef*, TIM_OC_InitTypeDef*, uint32_t)	8	static
stm32f1xx_hal_tim.c:3080:19:HAL_StatusTypeDef HAL_TIM_PWM_ConfigChannel(TIM_HandleTypeDef*, TIM_OC_InitTypeDef*, uint32_t)	16	static
stm32f1xx_hal_tim.c:5026:6:void TIM_TI1_SetConfig(TIM_TypeDef*, uint32_t, uint32_t, uint32_t)	12	static
stm32f1xx_hal_tim.c:2984:19:HAL_StatusTypeDef HAL_TIM_IC_ConfigChannel(TIM_HandleTypeDef*, TIM_IC_InitTypeDef*, uint32_t)	24	static
stm32f1xx_hal_tim.c:3180:19:HAL_StatusTypeDef HAL_TIM_OnePulse_ConfigChannel(TIM_HandleTypeDef*, TIM_OnePulse_InitTypeDef*, uint32_t, uint32_t)	56	static
stm32f1xx_hal_tim.c:5350:6:void TIM_CCxChannelCmd(TIM_TypeDef*, uint32_t, uint32_t)	4	static
