stm32f1xx_hal_cortex.c:183:6:void HAL_NVIC_SetPriorityGrouping(uint32_t)	0	static
stm32f1xx_hal_cortex.c:205:6:void HAL_NVIC_SetPriority(IRQn_Type, uint32_t, uint32_t)	12	static
stm32f1xx_hal_cortex.c:227:6:void HAL_NVIC_EnableIRQ(IRQn_Type)	0	static
stm32f1xx_hal_cortex.c:243:6:void HAL_NVIC_DisableIRQ(IRQn_Type)	0	static
stm32f1xx_hal_cortex.c:257:6:void HAL_NVIC_SystemReset()	0	static
stm32f1xx_hal_cortex.c:270:10:uint32_t HAL_SYSTICK_Config(uint32_t)	8	static
stm32f1xx_hal_cortex.c:345:10:uint32_t HAL_NVIC_GetPriorityGrouping()	0	static
stm32f1xx_hal_cortex.c:372:6:void HAL_NVIC_GetPriority(IRQn_Type, uint32_t, uint32_t*, uint32_t*)	12	static
stm32f1xx_hal_cortex.c:387:6:void HAL_NVIC_SetPendingIRQ(IRQn_Type)	0	static
stm32f1xx_hal_cortex.c:402:10:uint32_t HAL_NVIC_GetPendingIRQ(IRQn_Type)	0	static
stm32f1xx_hal_cortex.c:415:6:void HAL_NVIC_ClearPendingIRQ(IRQn_Type)	0	static
stm32f1xx_hal_cortex.c:429:10:uint32_t HAL_NVIC_GetActive(IRQn_Type)	0	static
stm32f1xx_hal_cortex.c:443:6:void HAL_SYSTICK_CLKSourceConfig(uint32_t)	0	static
stm32f1xx_hal_cortex.c:470:13:void HAL_SYSTICK_Callback()	0	static
stm32f1xx_hal_cortex.c:461:6:void HAL_SYSTICK_IRQHandler()	8	static
