stm32f1xx_hal_rcc.c:221:6:void HAL_RCC_DeInit()	8	static
stm32f1xx_hal_rcc.c:265:19:HAL_StatusTypeDef HAL_RCC_OscConfig(RCC_OscInitTypeDef*)	32	static
stm32f1xx_hal_rcc.c:888:6:void HAL_RCC_MCOConfig(uint32_t, uint32_t, uint32_t)	40	static
stm32f1xx_hal_rcc.c:921:6:void HAL_RCC_EnableCSS()	0	static
stm32f1xx_hal_rcc.c:930:6:void HAL_RCC_DisableCSS()	0	static
stm32f1xx_hal_rcc.c:964:10:uint32_t HAL_RCC_GetSysClockFreq()	40	static
stm32f1xx_hal_rcc.c:695:19:HAL_StatusTypeDef HAL_RCC_ClockConfig(RCC_ClkInitTypeDef*, uint32_t)	24	static
stm32f1xx_hal_rcc.c:1058:10:uint32_t HAL_RCC_GetHCLKFreq()	0	static
stm32f1xx_hal_rcc.c:1069:10:uint32_t HAL_RCC_GetPCLK1Freq()	0	static
stm32f1xx_hal_rcc.c:1081:10:uint32_t HAL_RCC_GetPCLK2Freq()	0	static
stm32f1xx_hal_rcc.c:1094:6:void HAL_RCC_GetOscConfig(RCC_OscInitTypeDef*)	0	static
stm32f1xx_hal_rcc.c:1194:6:void HAL_RCC_GetClockConfig(RCC_ClkInitTypeDef*, uint32_t*)	4	static
stm32f1xx_hal_rcc.c:1246:13:void HAL_RCC_CSSCallback()	0	static
stm32f1xx_hal_rcc.c:1229:6:void HAL_RCC_NMI_IRQHandler()	8	static
