stm32f1xx_hal_can.c:344:19:HAL_StatusTypeDef HAL_CAN_ConfigFilter(CAN_HandleTypeDef*, CAN_FilterConfTypeDef*)	20	static
stm32f1xx_hal_can.c:477:13:void HAL_CAN_MspInit(CAN_HandleTypeDef*)	0	static
stm32f1xx_hal_can.c:171:19:HAL_StatusTypeDef HAL_CAN_Init(CAN_HandleTypeDef*)	24	static
stm32f1xx_hal_can.c:492:13:void HAL_CAN_MspDeInit(CAN_HandleTypeDef*)	0	static
stm32f1xx_hal_can.c:444:19:HAL_StatusTypeDef HAL_CAN_DeInit(CAN_HandleTypeDef*)	8	static
stm32f1xx_hal_can.c:529:19:HAL_StatusTypeDef HAL_CAN_Transmit(CAN_HandleTypeDef*, uint32_t)	40	static
stm32f1xx_hal_can.c:665:19:HAL_StatusTypeDef HAL_CAN_Transmit_IT(CAN_HandleTypeDef*)	16	static
stm32f1xx_hal_can.c:782:19:HAL_StatusTypeDef HAL_CAN_Receive(CAN_HandleTypeDef*, uint8_t, uint32_t)	24	static
stm32f1xx_hal_can.c:888:19:HAL_StatusTypeDef HAL_CAN_Receive_IT(CAN_HandleTypeDef*, uint8_t)	4	static
stm32f1xx_hal_can.c:956:19:HAL_StatusTypeDef HAL_CAN_Sleep(CAN_HandleTypeDef*)	16	static
stm32f1xx_hal_can.c:1017:19:HAL_StatusTypeDef HAL_CAN_WakeUp(CAN_HandleTypeDef*)	16	static
stm32f1xx_hal_can.c:1189:13:void HAL_CAN_TxCpltCallback(CAN_HandleTypeDef*)	0	static
stm32f1xx_hal_can.c:1204:13:void HAL_CAN_RxCpltCallback(CAN_HandleTypeDef*)	0	static
stm32f1xx_hal_can.c:1333:26:HAL_StatusTypeDef CAN_Receive_IT(CAN_HandleTypeDef*, uint8_t)	24	static
stm32f1xx_hal_can.c:1219:13:void HAL_CAN_ErrorCallback(CAN_HandleTypeDef*)	0	static
stm32f1xx_hal_can.c:1071:6:void HAL_CAN_IRQHandler(CAN_HandleTypeDef*)	8	static
stm32f1xx_hal_can.c:1254:22:HAL_CAN_StateTypeDef HAL_CAN_GetState(CAN_HandleTypeDef*)	0	static
stm32f1xx_hal_can.c:1266:10:uint32_t HAL_CAN_GetError(CAN_HandleTypeDef*)	0	static
