stm32f1xx_hal_tim_ex.c:272:13:void HAL_TIMEx_HallSensor_MspInit(TIM_HandleTypeDef*)	0	static
stm32f1xx_hal_tim_ex.c:167:19:HAL_StatusTypeDef HAL_TIMEx_HallSensor_Init(TIM_HandleTypeDef*, TIM_HallSensor_InitTypeDef*)	56	static
stm32f1xx_hal_tim_ex.c:286:13:void HAL_TIMEx_HallSensor_MspDeInit(TIM_HandleTypeDef*)	0	static
stm32f1xx_hal_tim_ex.c:245:19:HAL_StatusTypeDef HAL_TIMEx_HallSensor_DeInit(TIM_HandleTypeDef*)	8	static
stm32f1xx_hal_tim_ex.c:300:19:HAL_StatusTypeDef HAL_TIMEx_HallSensor_Start(TIM_HandleTypeDef*)	8	static
stm32f1xx_hal_tim_ex.c:321:19:HAL_StatusTypeDef HAL_TIMEx_HallSensor_Stop(TIM_HandleTypeDef*)	8	static
stm32f1xx_hal_tim_ex.c:342:19:HAL_StatusTypeDef HAL_TIMEx_HallSensor_Start_IT(TIM_HandleTypeDef*)	8	static
stm32f1xx_hal_tim_ex.c:366:19:HAL_StatusTypeDef HAL_TIMEx_HallSensor_Stop_IT(TIM_HandleTypeDef*)	8	static
stm32f1xx_hal_tim_ex.c:392:19:HAL_StatusTypeDef HAL_TIMEx_HallSensor_Start_DMA(TIM_HandleTypeDef*, uint32_t*, uint16_t)	24	static
stm32f1xx_hal_tim_ex.c:439:19:HAL_StatusTypeDef HAL_TIMEx_HallSensor_Stop_DMA(TIM_HandleTypeDef*)	8	static
stm32f1xx_hal_tim_ex.c:916:19:HAL_StatusTypeDef HAL_TIMEx_PWMN_Start(TIM_HandleTypeDef*, uint32_t)	0	static
stm32f1xx_hal_tim_ex.c:499:19:HAL_StatusTypeDef HAL_TIMEx_OCN_Start(TIM_HandleTypeDef*, uint32_t)	0	static
stm32f1xx_hal_tim_ex.c:975:19:HAL_StatusTypeDef HAL_TIMEx_PWMN_Start_IT(TIM_HandleTypeDef*, uint32_t)	0	static
stm32f1xx_hal_tim_ex.c:559:19:HAL_StatusTypeDef HAL_TIMEx_OCN_Start_IT(TIM_HandleTypeDef*, uint32_t)	0	static
stm32f1xx_hal_tim_ex.c:1042:19:HAL_StatusTypeDef HAL_TIMEx_PWMN_Stop_IT(TIM_HandleTypeDef*, uint32_t)	4	static
stm32f1xx_hal_tim_ex.c:626:19:HAL_StatusTypeDef HAL_TIMEx_OCN_Stop_IT(TIM_HandleTypeDef*, uint32_t)	0	static
stm32f1xx_hal_tim_ex.c:1117:19:HAL_StatusTypeDef HAL_TIMEx_PWMN_Start_DMA(TIM_HandleTypeDef*, uint32_t, uint32_t*, uint16_t)	24	static
stm32f1xx_hal_tim_ex.c:701:19:HAL_StatusTypeDef HAL_TIMEx_OCN_Start_DMA(TIM_HandleTypeDef*, uint32_t, uint32_t*, uint16_t)	0	static
stm32f1xx_hal_tim_ex.c:1232:19:HAL_StatusTypeDef HAL_TIMEx_PWMN_Stop_DMA(TIM_HandleTypeDef*, uint32_t)	8	static
stm32f1xx_hal_tim_ex.c:816:19:HAL_StatusTypeDef HAL_TIMEx_OCN_Stop_DMA(TIM_HandleTypeDef*, uint32_t)	0	static
stm32f1xx_hal_tim_ex.c:1319:19:HAL_StatusTypeDef HAL_TIMEx_OnePulseN_Start(TIM_HandleTypeDef*, uint32_t)	0	static
stm32f1xx_hal_tim_ex.c:1344:19:HAL_StatusTypeDef HAL_TIMEx_OnePulseN_Stop(TIM_HandleTypeDef*, uint32_t)	4	static
stm32f1xx_hal_tim_ex.c:945:19:HAL_StatusTypeDef HAL_TIMEx_PWMN_Stop(TIM_HandleTypeDef*, uint32_t)	0	static
stm32f1xx_hal_tim_ex.c:529:19:HAL_StatusTypeDef HAL_TIMEx_OCN_Stop(TIM_HandleTypeDef*, uint32_t)	0	static
stm32f1xx_hal_tim_ex.c:1373:19:HAL_StatusTypeDef HAL_TIMEx_OnePulseN_Start_IT(TIM_HandleTypeDef*, uint32_t)	0	static
stm32f1xx_hal_tim_ex.c:1404:19:HAL_StatusTypeDef HAL_TIMEx_OnePulseN_Stop_IT(TIM_HandleTypeDef*, uint32_t)	4	static
stm32f1xx_hal_tim_ex.c:1479:19:HAL_StatusTypeDef HAL_TIMEx_ConfigCommutationEvent(TIM_HandleTypeDef*, uint32_t, uint32_t)	8	static
stm32f1xx_hal_tim_ex.c:1528:19:HAL_StatusTypeDef HAL_TIMEx_ConfigCommutationEvent_IT(TIM_HandleTypeDef*, uint32_t, uint32_t)	8	static
stm32f1xx_hal_tim_ex.c:1581:19:HAL_StatusTypeDef HAL_TIMEx_ConfigCommutationEvent_DMA(TIM_HandleTypeDef*, uint32_t, uint32_t)	16	static
stm32f1xx_hal_tim_ex.c:1625:19:HAL_StatusTypeDef HAL_TIMEx_ConfigBreakDeadTime(TIM_HandleTypeDef*, TIM_BreakDeadTimeConfigTypeDef*)	16	static
stm32f1xx_hal_tim_ex.c:1673:19:HAL_StatusTypeDef HAL_TIMEx_MasterConfigSynchronization(TIM_HandleTypeDef*, TIM_MasterConfigTypeDef*)	20	static
stm32f1xx_hal_tim_ex.c:1726:13:void HAL_TIMEx_CommutationCallback(TIM_HandleTypeDef*)	0	static
stm32f1xx_hal_tim_ex.c:1754:6:void TIMEx_DMACommutationCplt(DMA_HandleTypeDef*)	8	static
stm32f1xx_hal_tim_ex.c:1740:13:void HAL_TIMEx_BreakCallback(TIM_HandleTypeDef*)	0	static
stm32f1xx_hal_tim_ex.c:1791:22:HAL_TIM_StateTypeDef HAL_TIMEx_HallSensor_GetState(TIM_HandleTypeDef*)	0	static
