stm32f1xx_hal.c:215:13:void HAL_MspInit()	0	static
stm32f1xx_hal.c:226:13:void HAL_MspDeInit()	0	static
stm32f1xx_hal.c:190:19:HAL_StatusTypeDef HAL_DeInit()	8	static
stm32f1xx_hal.c:249:26:HAL_StatusTypeDef HAL_InitTick(uint32_t)	8	static
stm32f1xx_hal.c:157:19:HAL_StatusTypeDef HAL_Init()	8	static
stm32f1xx_hal.c:297:13:void HAL_IncTick()	0	static
stm32f1xx_hal.c:308:17:uint32_t HAL_GetTick()	0	static
stm32f1xx_hal.c:324:13:void HAL_Delay(uint32_t)	16	static
stm32f1xx_hal.c:343:13:void HAL_SuspendTick()	0	static
stm32f1xx_hal.c:359:13:void HAL_ResumeTick()	0	static
stm32f1xx_hal.c:369:10:uint32_t HAL_GetHalVersion()	0	static
stm32f1xx_hal.c:385:10:uint32_t HAL_GetREVID()	0	static
stm32f1xx_hal.c:401:10:uint32_t HAL_GetDEVID()	0	static
stm32f1xx_hal.c:410:6:void HAL_DBGMCU_EnableDBGSleepMode()	0	static
stm32f1xx_hal.c:426:6:void HAL_DBGMCU_DisableDBGSleepMode()	0	static
stm32f1xx_hal.c:456:6:void HAL_DBGMCU_EnableDBGStopMode()	0	static
stm32f1xx_hal.c:472:6:void HAL_DBGMCU_DisableDBGStopMode()	0	static
stm32f1xx_hal.c:488:6:void HAL_DBGMCU_EnableDBGStandbyMode()	0	static
stm32f1xx_hal.c:504:6:void HAL_DBGMCU_DisableDBGStandbyMode()	0	static
