stm32f1xx_hal_spi.c:2298:26:HAL_StatusTypeDef SPI_WaitOnFlagUntilTimeout(SPI_HandleTypeDef*, uint32_t, FlagStatus, uint32_t)	24	static
stm32f1xx_hal_spi.c:339:14:void HAL_SPI_MspInit(SPI_HandleTypeDef*)	0	static
stm32f1xx_hal_spi.c:246:26:HAL_StatusTypeDef HAL_SPI_Init(SPI_HandleTypeDef*)	24	static
stm32f1xx_hal_spi.c:354:14:void HAL_SPI_MspDeInit(SPI_HandleTypeDef*)	0	static
stm32f1xx_hal_spi.c:308:19:HAL_StatusTypeDef HAL_SPI_DeInit(SPI_HandleTypeDef*)	8	static
stm32f1xx_hal_spi.c:408:19:HAL_StatusTypeDef HAL_SPI_Transmit(SPI_HandleTypeDef*, uint8_t*, uint16_t, uint32_t)	32	static
stm32f1xx_hal_spi.c:737:19:HAL_StatusTypeDef HAL_SPI_TransmitReceive(SPI_HandleTypeDef*, uint8_t*, uint8_t*, uint16_t, uint32_t)	32	static
stm32f1xx_hal_spi.c:982:19:HAL_StatusTypeDef HAL_SPI_Transmit_IT(SPI_HandleTypeDef*, uint8_t*, uint16_t)	16	static
stm32f1xx_hal_spi.c:1140:19:HAL_StatusTypeDef HAL_SPI_TransmitReceive_IT(SPI_HandleTypeDef*, uint8_t*, uint8_t*, uint16_t)	16	static
stm32f1xx_hal_spi.c:1059:19:HAL_StatusTypeDef HAL_SPI_Receive_IT(SPI_HandleTypeDef*, uint8_t*, uint16_t)	20	static
stm32f1xx_hal_spi.c:1211:19:HAL_StatusTypeDef HAL_SPI_Transmit_DMA(SPI_HandleTypeDef*, uint8_t*, uint16_t)	24	static
stm32f1xx_hal_spi.c:1385:19:HAL_StatusTypeDef HAL_SPI_TransmitReceive_DMA(SPI_HandleTypeDef*, uint8_t*, uint8_t*, uint16_t)	16	static
stm32f1xx_hal_spi.c:1295:19:HAL_StatusTypeDef HAL_SPI_Receive_DMA(SPI_HandleTypeDef*, uint8_t*, uint16_t)	24	static
stm32f1xx_hal_spi.c:1496:19:HAL_StatusTypeDef HAL_SPI_DMAPause(SPI_HandleTypeDef*)	4	static
stm32f1xx_hal_spi.c:1517:19:HAL_StatusTypeDef HAL_SPI_DMAResume(SPI_HandleTypeDef*)	4	static
stm32f1xx_hal_spi.c:1538:19:HAL_StatusTypeDef HAL_SPI_DMAStop(SPI_HandleTypeDef*)	8	static
stm32f1xx_hal_spi.c:1629:13:void HAL_SPI_TxCpltCallback(SPI_HandleTypeDef*)	0	static
stm32f1xx_hal_spi.c:1644:13:void HAL_SPI_RxCpltCallback(SPI_HandleTypeDef*)	0	static
stm32f1xx_hal_spi.c:1659:13:void HAL_SPI_TxRxCpltCallback(SPI_HandleTypeDef*)	0	static
stm32f1xx_hal_spi.c:1674:13:void HAL_SPI_TxHalfCpltCallback(SPI_HandleTypeDef*)	0	static
stm32f1xx_hal_spi.c:2240:13:void SPI_DMAHalfTransmitCplt(DMA_HandleTypeDef*)	8	static
stm32f1xx_hal_spi.c:1689:13:void HAL_SPI_RxHalfCpltCallback(SPI_HandleTypeDef*)	0	static
stm32f1xx_hal_spi.c:2253:13:void SPI_DMAHalfReceiveCplt(DMA_HandleTypeDef*)	8	static
stm32f1xx_hal_spi.c:1704:13:void HAL_SPI_TxRxHalfCpltCallback(SPI_HandleTypeDef*)	0	static
stm32f1xx_hal_spi.c:2266:13:void SPI_DMAHalfTransmitReceiveCplt(DMA_HandleTypeDef*)	8	static
stm32f1xx_hal_spi.c:1719:14:void HAL_SPI_ErrorCallback(SPI_HandleTypeDef*)	0	static
stm32f1xx_hal_spi.c:1853:13:void SPI_TxISR(SPI_HandleTypeDef*)	16	static
stm32f1xx_hal_spi.c:2279:13:void SPI_DMAError(DMA_HandleTypeDef*)	8	static
stm32f1xx_hal_spi.c:2035:13:void SPI_DMATransmitCplt(DMA_HandleTypeDef*)	16	static
stm32f1xx_hal_spi.c:2163:13:void SPI_DMATransmitReceiveCplt(DMA_HandleTypeDef*)	16	static
stm32f1xx_hal_spi.c:1572:6:void HAL_SPI_IRQHandler(SPI_HandleTypeDef*)	16	static
stm32f1xx_hal_spi.c:1755:22:HAL_SPI_StateTypeDef HAL_SPI_GetState(SPI_HandleTypeDef*)	0	static
stm32f1xx_hal_spi.c:1766:10:uint32_t HAL_SPI_GetError(SPI_HandleTypeDef*)	0	static
stm32f1xx_hal_spi.c:2392:16:uint8_t SPI_ISCRCErrorValid(SPI_HandleTypeDef*)	0	static
stm32f1xx_hal_spi.c:553:19:HAL_StatusTypeDef HAL_SPI_Receive(SPI_HandleTypeDef*, uint8_t*, uint16_t, uint32_t)	40	static
stm32f1xx_hal_spi.c:1885:13:void SPI_RxCloseIRQHandler(SPI_HandleTypeDef*)	24	static
stm32f1xx_hal_spi.c:2001:13:void SPI_RxISR(SPI_HandleTypeDef*)	0	static
stm32f1xx_hal_spi.c:1974:13:void SPI_2LinesRxISR(SPI_HandleTypeDef*)	0	static
stm32f1xx_hal_spi.c:2084:13:void SPI_DMAReceiveCplt(DMA_HandleTypeDef*)	24	static
