stm32f1xx_hal_flash.c:928:13:void FLASH_SetErrorCode()	0	static
stm32f1xx_hal_flash.c:285:19:HAL_StatusTypeDef HAL_FLASH_Program_IT(uint32_t, uint32_t, uint64_t)	12	static
stm32f1xx_hal_flash.c:625:13:void HAL_FLASH_EndOfOperationCallback(uint32_t)	0	static
stm32f1xx_hal_flash.c:642:13:void HAL_FLASH_OperationErrorCallback(uint32_t)	0	static
stm32f1xx_hal_flash.c:350:6:void HAL_FLASH_IRQHandler()	24	static
stm32f1xx_hal_flash.c:674:19:HAL_StatusTypeDef HAL_FLASH_Unlock()	0	static
stm32f1xx_hal_flash.c:707:19:HAL_StatusTypeDef HAL_FLASH_Lock()	0	static
stm32f1xx_hal_flash.c:725:19:HAL_StatusTypeDef HAL_FLASH_OB_Unlock()	0	static
stm32f1xx_hal_flash.c:745:19:HAL_StatusTypeDef HAL_FLASH_OB_Lock()	0	static
stm32f1xx_hal_flash.c:758:19:HAL_StatusTypeDef HAL_FLASH_OB_Launch()	8	static
stm32f1xx_hal_flash.c:789:10:uint32_t HAL_FLASH_GetError()	0	static
stm32f1xx_hal_flash.c:840:19:HAL_StatusTypeDef FLASH_WaitForLastOperation(uint32_t)	16	static
stm32f1xx_hal_flash.c:186:19:HAL_StatusTypeDef HAL_FLASH_Program(uint32_t, uint32_t, uint64_t)	40	static
