imu_mpu9250.cpp:201:6:virtual void IMU::receiveDataCallback(uint8_t, uint32_t, uint8_t*)	0	static
imu_mpu9250.cpp:190:6:virtual void IMU::sendData()	16	static
imu_mpu9250.cpp:48:6:void IMU::mpuWrite(uint8_t, uint8_t)	24	static
imu_mpu9250.cpp:56:9:uint8_t IMU::mpuRead(uint8_t)	24	static
imu_mpu9250.cpp:68:6:void IMU::gyroInit()	8	static
imu_mpu9250.cpp:83:6:void IMU::accInit()	8	static
imu_mpu9250.cpp:92:6:void IMU::magInit()	8	static
imu_mpu9250.cpp:16:6:void IMU::init(SPI_HandleTypeDef*)	16	static
imu_mpu9250.cpp:130:6:void IMU::pollingRead()	32	static
imu_mpu9250.cpp:43:6:void IMU::update()	0	static
