stm32h7xx_hal_fdcan.c:288:19:HAL_FDCAN_Init	104	static
stm32h7xx_hal_fdcan.c:593:19:HAL_FDCAN_DeInit	16	static
stm32h7xx_hal_fdcan.c:639:13:HAL_FDCAN_MspInit	16	static
stm32h7xx_hal_fdcan.c:654:13:HAL_FDCAN_MspDeInit	16	static
stm32h7xx_hal_fdcan.c:669:19:HAL_FDCAN_EnterPowerDownMode	24	static
stm32h7xx_hal_fdcan.c:704:19:HAL_FDCAN_ExitPowerDownMode	24	static
stm32h7xx_hal_fdcan.c:1659:19:HAL_FDCAN_ConfigClockCalibration	16	static
stm32h7xx_hal_fdcan.c:1727:10:HAL_FDCAN_GetClockCalibrationState	16	static
stm32h7xx_hal_fdcan.c:1741:19:HAL_FDCAN_ResetClockCalibrationState	16	static
stm32h7xx_hal_fdcan.c:1777:10:HAL_FDCAN_GetClockCalibrationCounter	16	static
stm32h7xx_hal_fdcan.c:1808:19:HAL_FDCAN_ConfigFilter	32	static
stm32h7xx_hal_fdcan.c:1920:19:HAL_FDCAN_ConfigGlobalFilter	24	static
stm32h7xx_hal_fdcan.c:1960:19:HAL_FDCAN_ConfigExtendedIdMask	16	static
stm32h7xx_hal_fdcan.c:1994:19:HAL_FDCAN_ConfigRxFifoOverwrite	24	static
stm32h7xx_hal_fdcan.c:2037:19:HAL_FDCAN_ConfigFifoWatermark	24	static
stm32h7xx_hal_fdcan.c:2087:19:HAL_FDCAN_ConfigRamWatchdog	16	static
stm32h7xx_hal_fdcan.c:2117:19:HAL_FDCAN_ConfigTimestampCounter	16	static
stm32h7xx_hal_fdcan.c:2147:19:HAL_FDCAN_EnableTimestampCounter	16	static
stm32h7xx_hal_fdcan.c:2175:19:HAL_FDCAN_DisableTimestampCounter	16	static
stm32h7xx_hal_fdcan.c:2200:10:HAL_FDCAN_GetTimestampCounter	16	static
stm32h7xx_hal_fdcan.c:2211:19:HAL_FDCAN_ResetTimestampCounter	16	static
stm32h7xx_hal_fdcan.c:2242:19:HAL_FDCAN_ConfigTimeoutCounter	24	static
stm32h7xx_hal_fdcan.c:2271:19:HAL_FDCAN_EnableTimeoutCounter	16	static
stm32h7xx_hal_fdcan.c:2296:19:HAL_FDCAN_DisableTimeoutCounter	16	static
stm32h7xx_hal_fdcan.c:2321:10:HAL_FDCAN_GetTimeoutCounter	16	static
stm32h7xx_hal_fdcan.c:2332:19:HAL_FDCAN_ResetTimeoutCounter	16	static
stm32h7xx_hal_fdcan.c:2362:19:HAL_FDCAN_ConfigTxDelayCompensation	24	static
stm32h7xx_hal_fdcan.c:2391:19:HAL_FDCAN_EnableTxDelayCompensation	16	static
stm32h7xx_hal_fdcan.c:2416:19:HAL_FDCAN_DisableTxDelayCompensation	16	static
stm32h7xx_hal_fdcan.c:2442:19:HAL_FDCAN_EnableISOMode	16	static
stm32h7xx_hal_fdcan.c:2468:19:HAL_FDCAN_DisableISOMode	16	static
stm32h7xx_hal_fdcan.c:2494:19:HAL_FDCAN_EnableEdgeFiltering	16	static
stm32h7xx_hal_fdcan.c:2520:19:HAL_FDCAN_DisableEdgeFiltering	16	static
stm32h7xx_hal_fdcan.c:2580:19:HAL_FDCAN_Start	16	static
stm32h7xx_hal_fdcan.c:2611:19:HAL_FDCAN_Stop	24	static
stm32h7xx_hal_fdcan.c:2693:19:HAL_FDCAN_AddMessageToTxFifoQ	32	static
stm32h7xx_hal_fdcan.c:2771:19:HAL_FDCAN_AddMessageToTxBuffer	48	static,ignoring_inline_asm
stm32h7xx_hal_fdcan.c:2839:19:HAL_FDCAN_EnableTxBufferRequest	16	static
stm32h7xx_hal_fdcan.c:2866:10:HAL_FDCAN_GetLatestTxFifoQRequestBuffer	16	static
stm32h7xx_hal_fdcan.c:2880:19:HAL_FDCAN_AbortTxRequest	16	static
stm32h7xx_hal_fdcan.c:2909:19:HAL_FDCAN_GetRxMessage	48	static
stm32h7xx_hal_fdcan.c:3104:19:HAL_FDCAN_GetTxEvent	32	static
stm32h7xx_hal_fdcan.c:3199:19:HAL_FDCAN_GetHighPriorityMessageStatus	16	static
stm32h7xx_hal_fdcan.c:3217:19:HAL_FDCAN_GetProtocolStatus	24	static
stm32h7xx_hal_fdcan.c:3248:19:HAL_FDCAN_GetErrorCounters	24	static
stm32h7xx_hal_fdcan.c:3275:10:HAL_FDCAN_IsRxBufferMessageAvailable	24	static
stm32h7xx_hal_fdcan.c:3312:10:HAL_FDCAN_IsTxBufferMessagePending	16	static
stm32h7xx_hal_fdcan.c:3332:10:HAL_FDCAN_GetRxFifoFillLevel	24	static
stm32h7xx_hal_fdcan.c:3359:10:HAL_FDCAN_GetTxFifoFreeLevel	24	static
stm32h7xx_hal_fdcan.c:3377:10:HAL_FDCAN_IsRestrictedOperationMode	24	static
stm32h7xx_hal_fdcan.c:3393:19:HAL_FDCAN_ExitRestrictedOperationMode	24	static
stm32h7xx_hal_fdcan.c:3459:19:HAL_FDCAN_TT_ConfigOperation	32	static
stm32h7xx_hal_fdcan.c:3637:19:HAL_FDCAN_TT_ConfigReferenceMessage	24	static
stm32h7xx_hal_fdcan.c:3685:19:HAL_FDCAN_TT_ConfigTrigger	48	static,ignoring_inline_asm
stm32h7xx_hal_fdcan.c:3795:19:HAL_FDCAN_TT_SetGlobalTime	24	static
stm32h7xx_hal_fdcan.c:3869:19:HAL_FDCAN_TT_SetClockSynchronization	24	static
stm32h7xx_hal_fdcan.c:3945:19:HAL_FDCAN_TT_ConfigStopWatch	32	static
stm32h7xx_hal_fdcan.c:4006:19:HAL_FDCAN_TT_ConfigRegisterTimeMark	40	static
stm32h7xx_hal_fdcan.c:4127:19:HAL_FDCAN_TT_EnableRegisterTimeMarkPulse	24	static
stm32h7xx_hal_fdcan.c:4177:19:HAL_FDCAN_TT_DisableRegisterTimeMarkPulse	24	static
stm32h7xx_hal_fdcan.c:4227:19:HAL_FDCAN_TT_EnableTriggerTimeMarkPulse	24	static
stm32h7xx_hal_fdcan.c:4288:19:HAL_FDCAN_TT_DisableTriggerTimeMarkPulse	24	static
stm32h7xx_hal_fdcan.c:4349:19:HAL_FDCAN_TT_EnableHardwareGapControl	24	static
stm32h7xx_hal_fdcan.c:4410:19:HAL_FDCAN_TT_DisableHardwareGapControl	24	static
stm32h7xx_hal_fdcan.c:4473:19:HAL_FDCAN_TT_EnableTimeMarkGapControl	24	static
stm32h7xx_hal_fdcan.c:4534:19:HAL_FDCAN_TT_DisableTimeMarkGapControl	24	static
stm32h7xx_hal_fdcan.c:4595:19:HAL_FDCAN_TT_SetNextIsGap	24	static
stm32h7xx_hal_fdcan.c:4665:19:HAL_FDCAN_TT_SetEndOfGap	24	static
stm32h7xx_hal_fdcan.c:4739:19:HAL_FDCAN_TT_ConfigExternalSyncPhase	24	static
stm32h7xx_hal_fdcan.c:4780:19:HAL_FDCAN_TT_EnableExternalSynchronization	24	static
stm32h7xx_hal_fdcan.c:4830:19:HAL_FDCAN_TT_DisableExternalSynchronization	24	static
stm32h7xx_hal_fdcan.c:4881:19:HAL_FDCAN_TT_GetOperationStatus	24	static
stm32h7xx_hal_fdcan.c:4945:19:HAL_FDCAN_ConfigInterruptLines	32	static
stm32h7xx_hal_fdcan.c:4987:19:HAL_FDCAN_TT_ConfigInterruptLines	32	static
stm32h7xx_hal_fdcan.c:5033:19:HAL_FDCAN_ActivateNotification	32	static
stm32h7xx_hal_fdcan.c:5096:19:HAL_FDCAN_DeactivateNotification	24	static
stm32h7xx_hal_fdcan.c:5155:19:HAL_FDCAN_TT_ActivateNotification	24	static
stm32h7xx_hal_fdcan.c:5205:19:HAL_FDCAN_TT_DeactivateNotification	24	static
stm32h7xx_hal_fdcan.c:5251:6:HAL_FDCAN_IRQHandler	80	static
stm32h7xx_hal_fdcan.c:5673:13:HAL_FDCAN_ClockCalibrationCallback	16	static
stm32h7xx_hal_fdcan.c:5692:13:HAL_FDCAN_TxEventFifoCallback	16	static
stm32h7xx_hal_fdcan.c:5711:13:HAL_FDCAN_RxFifo0Callback	16	static
stm32h7xx_hal_fdcan.c:5730:13:HAL_FDCAN_RxFifo1Callback	16	static
stm32h7xx_hal_fdcan.c:5747:13:HAL_FDCAN_TxFifoEmptyCallback	16	static
stm32h7xx_hal_fdcan.c:5765:13:HAL_FDCAN_TxBufferCompleteCallback	16	static
stm32h7xx_hal_fdcan.c:5784:13:HAL_FDCAN_TxBufferAbortCallback	16	static
stm32h7xx_hal_fdcan.c:5801:13:HAL_FDCAN_RxBufferNewMessageCallback	16	static
stm32h7xx_hal_fdcan.c:5817:13:HAL_FDCAN_TimestampWraparoundCallback	16	static
stm32h7xx_hal_fdcan.c:5833:13:HAL_FDCAN_TimeoutOccurredCallback	16	static
stm32h7xx_hal_fdcan.c:5849:13:HAL_FDCAN_HighPriorityMessageCallback	16	static
stm32h7xx_hal_fdcan.c:5865:13:HAL_FDCAN_ErrorCallback	16	static
stm32h7xx_hal_fdcan.c:5883:13:HAL_FDCAN_ErrorStatusCallback	16	static
stm32h7xx_hal_fdcan.c:5902:13:HAL_FDCAN_TT_ScheduleSyncCallback	16	static
stm32h7xx_hal_fdcan.c:5921:13:HAL_FDCAN_TT_TimeMarkCallback	16	static
stm32h7xx_hal_fdcan.c:5943:13:HAL_FDCAN_TT_StopWatchCallback	24	static
stm32h7xx_hal_fdcan.c:5963:13:HAL_FDCAN_TT_GlobalTimeCallback	16	static
stm32h7xx_hal_fdcan.c:5999:24:HAL_FDCAN_GetState	16	static
stm32h7xx_hal_fdcan.c:6011:10:HAL_FDCAN_GetError	16	static
stm32h7xx_hal_fdcan.c:6035:26:FDCAN_CalcultateRamBlockAddresses	24	static
stm32h7xx_hal_fdcan.c:6134:13:FDCAN_CopyMessageToRAM	40	static
