stm32h7xx_hal_eth.c:278:19:HAL_ETH_Init	24	static
stm32h7xx_hal_eth.c:403:19:HAL_ETH_DeInit	16	static
stm32h7xx_hal_eth.c:436:13:HAL_ETH_MspInit	16	static
stm32h7xx_hal_eth.c:451:13:HAL_ETH_MspDeInit	16	static
stm32h7xx_hal_eth.c:692:19:HAL_ETH_DescAssignMemory	32	static
stm32h7xx_hal_eth.c:751:19:HAL_ETH_Start	16	static
stm32h7xx_hal_eth.c:792:19:HAL_ETH_Start_IT	24	static
stm32h7xx_hal_eth.c:855:19:HAL_ETH_Stop	16	static
stm32h7xx_hal_eth.c:895:19:HAL_ETH_Stop_IT	24	static
stm32h7xx_hal_eth.c:957:19:HAL_ETH_Transmit	32	static
stm32h7xx_hal_eth.c:1030:19:HAL_ETH_Transmit_IT	16	static
stm32h7xx_hal_eth.c:1070:9:HAL_ETH_IsRxDataAvailable	40	static
stm32h7xx_hal_eth.c:1207:19:HAL_ETH_GetRxDataBuffer	48	static
stm32h7xx_hal_eth.c:1304:19:HAL_ETH_GetRxDataLength	32	static
stm32h7xx_hal_eth.c:1336:19:HAL_ETH_GetRxDataInfo	32	static
stm32h7xx_hal_eth.c:1409:19:HAL_ETH_BuildRxDescriptors	40	static
stm32h7xx_hal_eth.c:1475:6:HAL_ETH_IRQHandler	16	static
stm32h7xx_hal_eth.c:1664:13:HAL_ETH_TxCpltCallback	16	static
stm32h7xx_hal_eth.c:1679:13:HAL_ETH_RxCpltCallback	16	static
stm32h7xx_hal_eth.c:1694:13:HAL_ETH_DMAErrorCallback	16	static
stm32h7xx_hal_eth.c:1709:13:HAL_ETH_MACErrorCallback	16	static
stm32h7xx_hal_eth.c:1724:13:HAL_ETH_PMTCallback	16	static
stm32h7xx_hal_eth.c:1739:13:HAL_ETH_EEECallback	16	static
stm32h7xx_hal_eth.c:1754:13:HAL_ETH_WakeUpCallback	16	static
stm32h7xx_hal_eth.c:1772:19:HAL_ETH_ReadPHYRegister	32	static
stm32h7xx_hal_eth.c:1826:19:HAL_ETH_WritePHYRegister	32	static
stm32h7xx_hal_eth.c:1897:19:HAL_ETH_GetMACConfig	16	static
stm32h7xx_hal_eth.c:1964:19:HAL_ETH_GetDMAConfig	16	static
stm32h7xx_hal_eth.c:1998:19:HAL_ETH_SetMACConfig	16	static
stm32h7xx_hal_eth.c:2025:19:HAL_ETH_SetDMAConfig	16	static
stm32h7xx_hal_eth.c:2050:6:HAL_ETH_SetMDIOClockRange	24	static
stm32h7xx_hal_eth.c:2102:19:HAL_ETH_SetMACFilterConfig	24	static
stm32h7xx_hal_eth.c:2136:19:HAL_ETH_GetMACFilterConfig	16	static
stm32h7xx_hal_eth.c:2170:19:HAL_ETH_SetSourceMACAddrMatch	32	static
stm32h7xx_hal_eth.c:2204:19:HAL_ETH_SetHashTable	16	static
stm32h7xx_hal_eth.c:2226:6:HAL_ETH_SetRxVLANIdentifier	24	static
stm32h7xx_hal_eth.c:2248:6:HAL_ETH_EnterPowerDownMode	24	static
stm32h7xx_hal_eth.c:2270:6:HAL_ETH_ExitPowerDownMode	16	static
stm32h7xx_hal_eth.c:2293:19:HAL_ETH_SetWakeUpFilter	32	static
stm32h7xx_hal_eth.c:2342:22:HAL_ETH_GetState	32	static
stm32h7xx_hal_eth.c:2359:10:HAL_ETH_GetError	16	static
stm32h7xx_hal_eth.c:2370:10:HAL_ETH_GetDMAError	16	static
stm32h7xx_hal_eth.c:2381:10:HAL_ETH_GetMACError	16	static
stm32h7xx_hal_eth.c:2392:10:HAL_ETH_GetMACWakeUpSource	16	static
stm32h7xx_hal_eth.c:2409:13:ETH_SetMACConfig	24	static
stm32h7xx_hal_eth.c:2486:13:ETH_SetDMAConfig	24	static
stm32h7xx_hal_eth.c:2528:13:ETH_MACDMAConfig	152	static
stm32h7xx_hal_eth.c:2601:13:ETH_MAC_MDIO_ClkConfig	24	static
stm32h7xx_hal_eth.c:2652:13:ETH_DMATxDescListInit	24	static
stm32h7xx_hal_eth.c:2689:13:ETH_DMARxDescListInit	24	static
stm32h7xx_hal_eth.c:2734:17:ETH_Prepare_Tx_Descriptors	56	static
