stm32h7xx_hal_rcc.c:190:19:HAL_RCC_DeInit	16	static
stm32h7xx_hal_rcc.c:402:26:HAL_RCC_OscConfig	56	static
stm32h7xx_hal_rcc.c:882:19:HAL_RCC_ClockConfig	32	static
stm32h7xx_hal_rcc.c:1246:6:HAL_RCC_MCOConfig	56	static
stm32h7xx_hal_rcc.c:1300:6:HAL_RCC_EnableCSS	4	static
stm32h7xx_hal_rcc.c:1309:6:HAL_RCC_DisableCSS	4	static
stm32h7xx_hal_rcc.c:1348:10:HAL_RCC_GetSysClockFreq	40	static
stm32h7xx_hal_rcc.c:1445:10:HAL_RCC_GetHCLKFreq	16	static
stm32h7xx_hal_rcc.c:1477:10:HAL_RCC_GetPCLK1Freq	8	static
stm32h7xx_hal_rcc.c:1495:10:HAL_RCC_GetPCLK2Freq	8	static
stm32h7xx_hal_rcc.c:1512:6:HAL_RCC_GetOscConfig	16	static
stm32h7xx_hal_rcc.c:1678:6:HAL_RCC_GetClockConfig	16	static
stm32h7xx_hal_rcc.c:1734:6:HAL_RCC_NMI_IRQHandler	8	static
stm32h7xx_hal_rcc.c:1751:13:HAL_RCC_CSSCallback	4	static
