stm32h7xx_hal_uart.c:297:19:HAL_UART_Init	16	static
stm32h7xx_hal_uart.c:370:19:HAL_HalfDuplex_Init	16	static
stm32h7xx_hal_uart.c:443:19:HAL_LIN_Init	16	static
stm32h7xx_hal_uart.c:540:19:HAL_MultiProcessor_Init	24	static
stm32h7xx_hal_uart.c:614:19:HAL_UART_DeInit	16	static
stm32h7xx_hal_uart.c:659:13:HAL_UART_MspInit	16	static
stm32h7xx_hal_uart.c:674:13:HAL_UART_MspDeInit	16	static
stm32h7xx_hal_uart.c:1033:19:HAL_UART_Transmit	48	static
stm32h7xx_hal_uart.c:1122:19:HAL_UART_Receive	48	static
stm32h7xx_hal_uart.c:1207:19:HAL_UART_Transmit_IT	24	static
stm32h7xx_hal_uart.c:1281:19:HAL_UART_Receive_IT	24	static
stm32h7xx_hal_uart.c:1362:19:HAL_UART_Transmit_DMA	24	static
stm32h7xx_hal_uart.c:1438:19:HAL_UART_Receive_DMA	24	static
stm32h7xx_hal_uart.c:1509:19:HAL_UART_DMAPause	24	static
stm32h7xx_hal_uart.c:1543:19:HAL_UART_DMAResume	16	static
stm32h7xx_hal_uart.c:1575:19:HAL_UART_DMAStop	24	static
stm32h7xx_hal_uart.c:1650:19:HAL_UART_Abort	16	static
stm32h7xx_hal_uart.c:1743:19:HAL_UART_AbortTransmit	16	static
stm32h7xx_hal_uart.c:1801:19:HAL_UART_AbortReceive	16	static
stm32h7xx_hal_uart.c:1861:19:HAL_UART_Abort_IT	24	static
stm32h7xx_hal_uart.c:2005:19:HAL_UART_AbortTransmit_IT	16	static
stm32h7xx_hal_uart.c:2095:19:HAL_UART_AbortReceive_IT	16	static
stm32h7xx_hal_uart.c:2179:6:HAL_UART_IRQHandler	40	static
stm32h7xx_hal_uart.c:2411:13:HAL_UART_TxCpltCallback	16	static
stm32h7xx_hal_uart.c:2426:13:HAL_UART_TxHalfCpltCallback	16	static
stm32h7xx_hal_uart.c:2441:13:HAL_UART_RxCpltCallback	16	static
stm32h7xx_hal_uart.c:2456:13:HAL_UART_RxHalfCpltCallback	16	static
stm32h7xx_hal_uart.c:2471:13:HAL_UART_ErrorCallback	16	static
stm32h7xx_hal_uart.c:2486:13:HAL_UART_AbortCpltCallback	16	static
stm32h7xx_hal_uart.c:2501:13:HAL_UART_AbortTransmitCpltCallback	16	static
stm32h7xx_hal_uart.c:2516:13:HAL_UART_AbortReceiveCpltCallback	16	static
stm32h7xx_hal_uart.c:2563:6:HAL_UART_ReceiverTimeout_Config	16	static
stm32h7xx_hal_uart.c:2578:19:HAL_UART_EnableReceiverTimeout	16	static
stm32h7xx_hal_uart.c:2616:19:HAL_UART_DisableReceiverTimeout	16	static
stm32h7xx_hal_uart.c:2654:19:HAL_MultiProcessor_EnableMuteMode	16	static
stm32h7xx_hal_uart.c:2674:19:HAL_MultiProcessor_DisableMuteMode	16	static
stm32h7xx_hal_uart.c:2694:6:HAL_MultiProcessor_EnterMuteMode	16	static
stm32h7xx_hal_uart.c:2704:19:HAL_HalfDuplex_EnableTransmitter	16	static
stm32h7xx_hal_uart.c:2727:19:HAL_HalfDuplex_EnableReceiver	16	static
stm32h7xx_hal_uart.c:2751:19:HAL_LIN_SendBreak	16	static
stm32h7xx_hal_uart.c:2796:23:HAL_UART_GetState	24	static
stm32h7xx_hal_uart.c:2812:10:HAL_UART_GetError	16	static
stm32h7xx_hal_uart.c:2857:19:UART_SetConfig	72	static
stm32h7xx_hal_uart.c:3121:6:UART_AdvFeatureConfig	16	static
stm32h7xx_hal_uart.c:3195:19:UART_CheckIdleState	32	static
stm32h7xx_hal_uart.c:3245:19:UART_WaitOnFlagUntilTimeout	24	static
stm32h7xx_hal_uart.c:3300:13:UART_EndTxTransfer	16	static
stm32h7xx_hal_uart.c:3316:13:UART_EndRxTransfer	16	static
stm32h7xx_hal_uart.c:3335:13:UART_DMATransmitCplt	24	static
stm32h7xx_hal_uart.c:3369:13:UART_DMATxHalfCplt	24	static
stm32h7xx_hal_uart.c:3387:13:UART_DMAReceiveCplt	24	static
stm32h7xx_hal_uart.c:3422:13:UART_DMARxHalfCplt	24	static
stm32h7xx_hal_uart.c:3440:13:UART_DMAError	32	static
stm32h7xx_hal_uart.c:3480:13:UART_DMAAbortOnError	24	static
stm32h7xx_hal_uart.c:3503:13:UART_DMATxAbortCallback	24	static
stm32h7xx_hal_uart.c:3557:13:UART_DMARxAbortCallback	24	static
stm32h7xx_hal_uart.c:3608:13:UART_DMATxOnlyAbortCallback	24	static
stm32h7xx_hal_uart.c:3641:13:UART_DMARxOnlyAbortCallback	24	static
stm32h7xx_hal_uart.c:3673:13:UART_TxISR_8BIT	16	static
stm32h7xx_hal_uart.c:3702:13:UART_TxISR_16BIT	24	static
stm32h7xx_hal_uart.c:3734:13:UART_TxISR_8BIT_FIFOEN	24	static
stm32h7xx_hal_uart.c:3774:13:UART_TxISR_16BIT_FIFOEN	24	static
stm32h7xx_hal_uart.c:3815:13:UART_EndTransmit_IT	16	static
stm32h7xx_hal_uart.c:3840:13:UART_RxISR_8BIT	24	static
stm32h7xx_hal_uart.c:3890:13:UART_RxISR_16BIT	24	static
stm32h7xx_hal_uart.c:3942:13:UART_RxISR_8BIT_FIFOEN	24	static
stm32h7xx_hal_uart.c:4014:13:UART_RxISR_16BIT_FIFOEN	32	static
