stm32h7xx_ll_adc.h:2714:22:LL_ADC_SetCommonPathInternalCh	16	static
stm32h7xx_ll_adc.h:2736:26:LL_ADC_GetCommonPathInternalCh	16	static
stm32h7xx_ll_adc.h:2783:22:LL_ADC_SetCalibrationOffsetFactor	24	static
stm32h7xx_ll_adc.h:2814:26:LL_ADC_GetCalibrationOffsetFactor	16	static
stm32h7xx_ll_adc.h:2849:22:LL_ADC_SetCalibrationLinearFactor	32	static
stm32h7xx_ll_adc.h:2889:26:LL_ADC_GetCalibrationLinearFactor	24	static
stm32h7xx_ll_adc.h:3246:22:LL_ADC_SetOffset	32	static
stm32h7xx_ll_adc.h:3328:26:LL_ADC_GetOffsetChannel	24	static
stm32h7xx_ll_adc.h:3419:22:LL_ADC_SetOffsetSignedSaturation	32	static
stm32h7xx_ll_adc.h:3795:26:LL_ADC_REG_IsTriggerSourceSWStart	16	static
stm32h7xx_ll_adc.h:4582:26:LL_ADC_INJ_IsTriggerSourceSWStart	16	static
stm32h7xx_ll_adc.h:4884:26:LL_ADC_INJ_GetTrigAuto	16	static
stm32h7xx_ll_adc.h:4930:22:LL_ADC_INJ_SetQueueMode	16	static
stm32h7xx_ll_adc.h:5276:22:LL_ADC_SetChannelSamplingTime	32	static
stm32h7xx_ll_adc.h:5422:22:LL_ADC_SetChannelSingleDiff	24	static
stm32h7xx_ll_adc.h:6410:26:LL_ADC_GetMultimode	16	static
stm32h7xx_ll_adc.h:6604:22:LL_ADC_EnableDeepPowerDown	16	static
stm32h7xx_ll_adc.h:6679:22:LL_ADC_DisableInternalRegulator	16	static
stm32h7xx_ll_adc.h:6750:26:LL_ADC_IsEnabled	16	static
stm32h7xx_ll_adc.h:6799:22:LL_ADC_StartCalibration	24	static
stm32h7xx_ll_adc.h:6815:26:LL_ADC_IsCalibrationOnGoing	16	static
stm32h7xx_ll_adc.h:6846:22:LL_ADC_REG_StartConversion	16	static
stm32h7xx_ll_adc.h:6866:22:LL_ADC_REG_StopConversion	16	static
stm32h7xx_ll_adc.h:6882:26:LL_ADC_REG_IsConversionOngoing	16	static
stm32h7xx_ll_adc.h:7041:22:LL_ADC_INJ_StartConversion	16	static
stm32h7xx_ll_adc.h:7077:26:LL_ADC_INJ_IsConversionOngoing	16	static
stm32h7xx_hal_adc_ex.c:136:19:HAL_ADCEx_Calibration_Start	32	static
stm32h7xx_hal_adc_ex.c:210:10:HAL_ADCEx_Calibration_GetValue	16	static
stm32h7xx_hal_adc_ex.c:226:19:HAL_ADCEx_LinearCalibration_GetValue	40	static
stm32h7xx_hal_adc_ex.c:271:19:HAL_ADCEx_Calibration_SetValue	40	static
stm32h7xx_hal_adc_ex.c:322:19:HAL_ADCEx_LinearCalibration_SetValue	32	static
stm32h7xx_hal_adc_ex.c:413:19:HAL_ADCEx_LinearCalibration_FactorLoad	56	static
stm32h7xx_hal_adc_ex.c:459:19:HAL_ADCEx_InjectedStart	32	static
stm32h7xx_hal_adc_ex.c:596:19:HAL_ADCEx_InjectedStop	24	static
stm32h7xx_hal_adc_ex.c:651:19:HAL_ADCEx_InjectedPollForConversion	48	static
stm32h7xx_hal_adc_ex.c:782:19:HAL_ADCEx_InjectedStart_IT	32	static
stm32h7xx_hal_adc_ex.c:943:19:HAL_ADCEx_InjectedStop_IT	24	static
stm32h7xx_hal_adc_ex.c:1009:19:HAL_ADCEx_MultiModeStart_DMA	136	static
stm32h7xx_hal_adc_ex.c:1123:19:HAL_ADCEx_MultiModeStop_DMA	136	static
stm32h7xx_hal_adc_ex.c:1236:10:HAL_ADCEx_MultiModeGetValue	24	static
stm32h7xx_hal_adc_ex.c:1282:10:HAL_ADCEx_InjectedGetValue	24	static
stm32h7xx_hal_adc_ex.c:1317:13:HAL_ADCEx_InjectedConvCpltCallback	16	static
stm32h7xx_hal_adc_ex.c:1336:13:HAL_ADCEx_InjectedQueueOverflowCallback	16	static
stm32h7xx_hal_adc_ex.c:1351:13:HAL_ADCEx_LevelOutOfWindow2Callback	16	static
stm32h7xx_hal_adc_ex.c:1366:13:HAL_ADCEx_LevelOutOfWindow3Callback	16	static
stm32h7xx_hal_adc_ex.c:1382:13:HAL_ADCEx_EndOfSamplingCallback	16	static
stm32h7xx_hal_adc_ex.c:1399:19:HAL_ADCEx_RegularStop	24	static
stm32h7xx_hal_adc_ex.c:1457:19:HAL_ADCEx_RegularStop_IT	24	static
stm32h7xx_hal_adc_ex.c:1517:19:HAL_ADCEx_RegularStop_DMA	24	static
stm32h7xx_hal_adc_ex.c:1603:19:HAL_ADCEx_RegularMultiModeStop_DMA	128	static
stm32h7xx_hal_adc_ex.c:1776:19:HAL_ADCEx_InjectedConfigChannel	184	static,ignoring_inline_asm
stm32h7xx_hal_adc_ex.c:2300:19:HAL_ADCEx_MultiModeConfigChannel	136	static
stm32h7xx_hal_adc_ex.c:2410:19:HAL_ADCEx_EnableInjectedQueue	32	static
stm32h7xx_hal_adc_ex.c:2451:19:HAL_ADCEx_DisableInjectedQueue	32	static
stm32h7xx_hal_adc_ex.c:2488:19:HAL_ADCEx_DisableVoltageRegulator	24	static
stm32h7xx_hal_adc_ex.c:2525:19:HAL_ADCEx_EnterADCDeepPowerDownMode	24	static
