stm32h7xx_hal_eth_ex.c:95:6:HAL_ETHEx_EnableARPOffload	16	static
stm32h7xx_hal_eth_ex.c:106:6:HAL_ETHEx_DisableARPOffload	16	static
stm32h7xx_hal_eth_ex.c:118:6:HAL_ETHEx_SetARPAddressMatch	16	static
stm32h7xx_hal_eth_ex.c:136:19:HAL_ETHEx_SetL4FilterConfig	32	static
stm32h7xx_hal_eth_ex.c:175:19:HAL_ETHEx_GetL4FilterConfig	24	static
stm32h7xx_hal_eth_ex.c:207:19:HAL_ETHEx_SetL3FilterConfig	32	static
stm32h7xx_hal_eth_ex.c:260:19:HAL_ETHEx_GetL3FilterConfig	24	static
stm32h7xx_hal_eth_ex.c:295:6:HAL_ETHEx_EnableL3L4Filtering	16	static
stm32h7xx_hal_eth_ex.c:307:6:HAL_ETHEx_DisableL3L4Filtering	16	static
stm32h7xx_hal_eth_ex.c:321:19:HAL_ETHEx_GetRxVLANConfig	16	static
stm32h7xx_hal_eth_ex.c:349:19:HAL_ETHEx_SetRxVLANConfig	16	static
stm32h7xx_hal_eth_ex.c:377:6:HAL_ETHEx_SetVLANHashTable	16	static
stm32h7xx_hal_eth_ex.c:393:19:HAL_ETHEx_GetTxVLANConfig	24	static
stm32h7xx_hal_eth_ex.c:427:19:HAL_ETHEx_SetTxVLANConfig	24	static
stm32h7xx_hal_eth_ex.c:457:6:HAL_ETHEx_SetTxVLANIdentifier	24	static
stm32h7xx_hal_eth_ex.c:475:6:HAL_ETHEx_EnableVLANProcessing	16	static
stm32h7xx_hal_eth_ex.c:487:6:HAL_ETHEx_DisableVLANProcessing	16	static
stm32h7xx_hal_eth_ex.c:501:6:HAL_ETHEx_EnterLPIMode	16	static
stm32h7xx_hal_eth_ex.c:518:6:HAL_ETHEx_ExitLPIMode	16	static
stm32h7xx_hal_eth_ex.c:534:10:HAL_ETHEx_GetMACLPIEvent	16	static
