msg.h:45:7:constexpr ros::Msg::Msg()	16	static
UInt8.h:18:5:std_msgs::UInt8::UInt8()	16	static
UInt8.h:23:17:virtual int std_msgs::UInt8::serialize(unsigned char*) const	24	static
UInt8.h:31:17:virtual int std_msgs::UInt8::deserialize(unsigned char*)	24	static
UInt8.h:39:18:virtual const char* std_msgs::UInt8::getType()	16	static
UInt8.h:40:18:virtual const char* std_msgs::UInt8::getMD5()	16	static
baro_ms5611.cpp:15:1:Baro::Baro()	32	static
baro_ms5611.cpp:21:6:void Baro::init(I2C_HandleTypeDef*, ros::NodeHandle*, GPIO_TypeDef*, uint16_t)	56	static
baro_ms5611.cpp:67:17:uint16_t crc4(uint16_t*)	24	static
baro_ms5611.cpp:92:6:bool Baro::readCalib(uint16_t*)	32	static
baro_ms5611.cpp:114:10:uint16_t Baro::readCalibWord(uint8_t)	32	static
baro_ms5611.cpp:126:10:uint32_t Baro::readAdc()	32	static
baro_ms5611.cpp:141:6:void Baro::accumulate()	40	static
baro_ms5611.cpp:216:6:void Baro::update(bool)	32	static
baro_ms5611.cpp:261:6:void Baro::calculate()	48	static
baro_ms5611.cpp:294:6:void Baro::baroConfigCallback(const std_msgs::UInt8&)	16	static
subscriber.h:44:7:ros::Subscriber_::Subscriber_()	16	static
subscriber.h:66:3:ros::Subscriber<MsgT, ObjT>::Subscriber(const char*, ros::Subscriber<MsgT, ObjT>::CallbackT, ObjT*, int) [with MsgT = std_msgs::UInt8; ObjT = Baro]	24	static
node_handle.h:432:8:bool ros::NodeHandle_<Hardware, MAX_SUBSCRIBERS, MAX_PUBLISHERS, INPUT_SIZE, OUTPUT_SIZE>::subscribe(SubscriberT&) [with SubscriberT = ros::Subscriber<std_msgs::UInt8, Baro>; Hardware = STM32Hardware; int MAX_SUBSCRIBERS = 50; int MAX_PUBLISHERS = 50; int INPUT_SIZE = 512; int OUTPUT_SIZE = 512]	24	static
subscriber.h:74:16:void ros::Subscriber<MsgT, ObjT>::callback(unsigned char*) [with MsgT = std_msgs::UInt8; ObjT = Baro]	16	static
subscriber.h:88:15:int ros::Subscriber<MsgT, ObjT>::getEndpointType() [with MsgT = std_msgs::UInt8; ObjT = Baro]	16	static
subscriber.h:80:24:const char* ros::Subscriber<MsgT, ObjT>::getMsgType() [with MsgT = std_msgs::UInt8; ObjT = Baro]	16	static
subscriber.h:84:24:const char* ros::Subscriber<MsgT, ObjT>::getMsgMD5() [with MsgT = std_msgs::UInt8; ObjT = Baro]	16	static
