matrix3.cpp:230:6:void ap::Matrix3<T>::zero() [with T = float]	0	static
matrix3.cpp:110:6:void ap::Matrix3<T>::rotate(const ap::Vector3<T>&) [with T = float]	64	static
matrix3.cpp:129:6:void ap::Matrix3<T>::rotateXY(const ap::Vector3<T>&) [with T = float]	56	static
matrix3.cpp:148:6:void ap::Matrix3<T>::rotateXYinv(const ap::Vector3<T>&) [with T = float]	56	static
matrix3.cpp:168:6:void ap::Matrix3<T>::normalize() [with T = float]	64	static
matrix3.cpp:34:6:void ap::Matrix3<T>::from_euler(float, float, float) [with T = float]	32	static
matrix3.cpp:57:6:void ap::Matrix3<T>::to_euler(float*, float*, float*) const [with T = float]	24	static
matrix3.cpp:87:6:void ap::Matrix3<T>::from_euler312(float, float, float) [with T = float]	32	static
matrix3.cpp:76:12:ap::Vector3<T> ap::Matrix3<T>::to_euler312() const [with T = float]	64	static
matrix3.cpp:181:12:ap::Vector3<T> ap::Matrix3<T>::operator*(const ap::Vector3<T>&) const [with T = float]	48	static
matrix3.cpp:198:12:ap::Vector3<T> ap::Matrix3<T>::mul_transpose(const ap::Vector3<T>&) const [with T = float]	48	static
matrix3.cpp:207:12:ap::Matrix3<T> ap::Matrix3<T>::operator*(const ap::Matrix3<T>&) const [with T = float]	56	static
matrix3.cpp:222:12:ap::Matrix3<T> ap::Matrix3<T>::transposed() const [with T = float]	56	static
matrix3.cpp:190:12:ap::Vector2<T> ap::Matrix3<T>::mulXY(const ap::Vector3<T>&) const [with T = float]	32	static
matrix3.cpp:230:6:void ap::Matrix3<T>::zero() [with T = double]	0	static
matrix3.cpp:110:6:void ap::Matrix3<T>::rotate(const ap::Vector3<T>&) [with T = double]	128	static
matrix3.cpp:129:6:void ap::Matrix3<T>::rotateXY(const ap::Vector3<T>&) [with T = double]	104	static
matrix3.cpp:148:6:void ap::Matrix3<T>::rotateXYinv(const ap::Vector3<T>&) [with T = double]	104	static
matrix3.cpp:34:6:void ap::Matrix3<T>::from_euler(float, float, float) [with T = double]	32	static
matrix3.cpp:57:6:void ap::Matrix3<T>::to_euler(float*, float*, float*) const [with T = double]	24	static
matrix3.cpp:181:12:ap::Vector3<T> ap::Matrix3<T>::operator*(const ap::Vector3<T>&) const [with T = double]	88	static
matrix3.cpp:198:12:ap::Vector3<T> ap::Matrix3<T>::mul_transpose(const ap::Vector3<T>&) const [with T = double]	88	static
matrix3.cpp:207:12:ap::Matrix3<T> ap::Matrix3<T>::operator*(const ap::Matrix3<T>&) const [with T = double]	88	static
matrix3.cpp:222:12:ap::Matrix3<T> ap::Matrix3<T>::transposed() const [with T = double]	88	static
matrix3.cpp:190:12:ap::Vector2<T> ap::Matrix3<T>::mulXY(const ap::Vector3<T>&) const [with T = double]	56	static
matrix3.h:57:5:ap::Matrix3<T>::Matrix3() [with T = float]	8	static
matrix3.h:97:17:ap::Matrix3<T>& ap::Matrix3<T>::operator+=(const ap::Matrix3<T>&) [with T = float]	56	static
vector3.h:80:5:ap::Vector3<T>::Vector3(T, T, T) [with T = float]	0	static
matrix3.h:61:5:ap::Matrix3<T>::Matrix3(const ap::Vector3<T>&, const ap::Vector3<T>&, const ap::Vector3<T>&) [with T = float]	16	static
vector2.h:51:5:ap::Vector2<T>::Vector2(T, T) [with T = float]	0	static
matrix3.h:57:5:ap::Matrix3<T>::Matrix3() [with T = double]	8	static
matrix3.h:97:17:ap::Matrix3<T>& ap::Matrix3<T>::operator+=(const ap::Matrix3<T>&) [with T = double]	80	static
vector3.h:80:5:ap::Vector3<T>::Vector3(T, T, T) [with T = double]	0	static
matrix3.h:61:5:ap::Matrix3<T>::Matrix3(const ap::Vector3<T>&, const ap::Vector3<T>&, const ap::Vector3<T>&) [with T = double]	20	static
vector2.h:51:5:ap::Vector2<T>::Vector2(T, T) [with T = double]	0	static
vector3.h:75:5:ap::Vector3<T>::Vector3() [with T = float]	0	static
matrix3.h:93:16:ap::Matrix3<T> ap::Matrix3<T>::operator+(const ap::Matrix3<T>&) const [with T = float]	56	static
vector3.h:75:5:ap::Vector3<T>::Vector3() [with T = double]	8	static
matrix3.h:93:16:ap::Matrix3<T> ap::Matrix3<T>::operator+(const ap::Matrix3<T>&) const [with T = double]	88	static
