\BOOKMARK [1][-]{section.1}{\376\377\000テ\000レ\000オ\000ペ\000レ\000ー\000シ\000ョ\000ン\000シ\000ス\000テ\000ム\000に\000お\000け\000る\000エ\000ネ\000ル\000ギ\000ー\000収\000支}{}% 1
\BOOKMARK [1][-]{section.2}{\376\377\000オ\000ペ\000レ\000ー\000タ\000の\000イ\000ン\000ピ\000ー\000ダ\000ン\000ス\000モ\000デ\000ル}{}% 2
\BOOKMARK [2][-]{subsection.2.1}{\376\377\000オ\000ペ\000レ\000ー\000タ\000の\000モ\000デ\000ル\000化}{section.2}% 3
\BOOKMARK [2][-]{subsection.2.2}{\376\377\000オ\000ペ\000レ\000ー\000タ\000の\000イ\000ン\000ピ\000ー\000ダ\000ン\000ス\000推\000定}{section.2}% 4
\BOOKMARK [2][-]{subsection.2.3}{\376\377\000オ\000ペ\000レ\000ー\000タ\000が\000フ\000ィ\000ー\000ド\000バ\000ッ\000ク\000レ\000ン\000チ\000を\000受\000け\000た\000際\000の\000手\000の\000ツ\000イ\000ス\000ト\000の\000予\000測}{section.2}% 5
\BOOKMARK [2][-]{subsection.2.4}{\376\377\000オ\000ペ\000レ\000ー\000タ\000の\000応\000答\000レ\000ン\000チ\000の\000推\000定}{section.2}% 6
\BOOKMARK [1][-]{section.3}{\376\377\000シ\000ス\000テ\000ム\000の\000エ\000ネ\000ル\000ギ\000ー\000収\000支\000と\000受\000動\000性\000保\000持\000の\000た\000め\000の\000フ\000ィ\000ー\000ド\000バ\000ッ\000ク\000レ\000ン\000チ\000の\000決\000定\000法}{}% 7
\BOOKMARK [2][-]{subsection.3.1}{\376\377\000Q\000P\000ベ\000ー\000ス\000で\000の\000フ\000ィ\000ー\000ド\000バ\000ッ\000ク\000レ\000ン\000チ\000減\000少\000に\000よ\000る\000流\000出\000エ\000ネ\000ル\000ギ\000ー\000の\000縮\000小}{section.3}% 8
\BOOKMARK [2][-]{subsection.3.2}{\376\377\000ダ\000ン\000パ\000追\000加\000に\000よ\000る\000エ\000ネ\000ル\000ギ\000ー\000散\000逸}{section.3}% 9
\BOOKMARK [1][-]{section.4}{\376\377\000ノ\000ー\000ド\000内\000で\000の\000処\000理}{}% 10
\BOOKMARK [1][-]{section.5}{\376\377\000ラ\000グ\000ラ\000ン\000ジ\000ュ\000の\000未\000定\000乗\000数\000法\000と\000K\000K\000T\000条\000件}{}% 11
\BOOKMARK [2][-]{subsection.5.1}{\376\377\000最\000適\000化\000問\000題\000の\000再\000掲}{section.5}% 12
\BOOKMARK [2][-]{subsection.5.2}{\376\377\000考\000え\000方\000（\000幾\000何\000学\000的\000直\000観\000）}{section.5}% 13
\BOOKMARK [2][-]{subsection.5.3}{\376\377\000ラ\000グ\000ラ\000ン\000ジ\000ュ\000関\000数}{section.5}% 14
\BOOKMARK [2][-]{subsection.5.4}{\376\377\000K\000K\000T\000\040\000条\000件}{section.5}% 15
\BOOKMARK [2][-]{subsection.5.5}{\376\377\000K\000K\000T\000\040\000か\000ら\000の\000解\000の\000導\000出}{section.5}% 16
\BOOKMARK [2][-]{subsection.5.6}{\376\377\000解\000の\000解\000釈}{section.5}% 17
\BOOKMARK [2][-]{subsection.5.7}{\376\377\000数\000値\000実\000装\000上\000の\000注\000意}{section.5}% 18
\BOOKMARK [2][-]{subsection.5.8}{\376\377\000関\000係\000式\000の\000簡\000易\000実\000装\000（\000コ\000ー\000ド\000対\000応\000）}{section.5}% 19
\BOOKMARK [1][-]{section.6}{\376\377\000設\000計\000時\000の\000決\000定\000す\000べ\000き\000変\000数}{}% 20
