dynamixel_serial.cpp:55:6:void DynamixelSerial::setTorque(uint8_t)	12	static
dynamixel_serial.cpp:60:6:void DynamixelSerial::setHomingOffset(uint8_t)	12	static
dynamixel_serial.cpp:65:6:void DynamixelSerial::setPositionGain(uint8_t)	12	static
dynamixel_serial.cpp:70:6:void DynamixelSerial::setProfileVelocity(uint8_t)	12	static
dynamixel_serial.cpp:75:6:void DynamixelSerial::setCurrentLimit(uint8_t)	12	static
dynamixel_serial.cpp:189:6:void DynamixelSerial::transmitInstructionPacket(uint8_t, uint16_t, uint8_t, uint8_t*)	88	static
dynamixel_serial.cpp:50:6:void DynamixelSerial::reboot()	16	static
dynamixel_serial.cpp:248:8:int8_t DynamixelSerial::readStatusPacket()	168	static
dynamixel_serial.cpp:40:6:void DynamixelSerial::ping()	24	static
dynamixel_serial.cpp:427:6:void DynamixelSerial::cmdPing(uint8_t)	16	static
dynamixel_serial.cpp:432:6:void DynamixelSerial::cmdReboot(uint8_t)	16	static
dynamixel_serial.cpp:437:6:void DynamixelSerial::cmdRead(uint8_t, uint16_t, uint16_t)	96	static
dynamixel_serial.cpp:447:6:void DynamixelSerial::cmdWrite(uint8_t, uint16_t, uint8_t*, int)	88	static
dynamixel_serial.cpp:458:6:void DynamixelSerial::cmdSyncRead(uint16_t, uint16_t)	88	static
dynamixel_serial.cpp:472:6:void DynamixelSerial::cmdSyncWrite(uint16_t, uint8_t*, int)	112	static
dynamixel_serial.cpp:80:6:void DynamixelSerial::update()	96	static
dynamixel_serial.cpp:3:6:void DynamixelSerial::init(UART_HandleTypeDef*)	96	static
dynamixel_serial.cpp:707:10:uint16_t DynamixelSerial::calcCRC16(uint16_t, uint8_t*, int)	4	static
