predefined_ops.h:48:3:constexpr __gnu_cxx::__ops::_Iter_less_iter __gnu_cxx::__ops::__iter_less_iter()	4	static
predefined_ops.h:60:5:__gnu_cxx::__ops::_Iter_less_val::_Iter_less_val(__gnu_cxx::__ops::_Iter_less_iter)	16	static
predefined_ops.h:98:3:__gnu_cxx::__ops::_Val_less_iter __gnu_cxx::__ops::__val_comp_iter(__gnu_cxx::__ops::_Iter_less_iter)	16	static
stl_algobase.h:1020:3:constexpr int std::__lg(int)	16	static
new:173:33:void* operator new(std::size_t, void*)	16	static
can_device.h:24:2:CANDevice::CANDevice()	16	static
can_device.h:25:2:CANDevice::CANDevice(uint8_t, uint8_t)	16	static
can_device.h:28:7:void CANDevice::sendMessage(uint8_t, uint8_t, uint32_t, uint8_t*, uint32_t)	32	static
imu_basic.h:46:16:virtual void IMU::ledOutput()	16	static
can_imu_mpu9250.h:20:2:CANIMU::CANIMU()	16	static
can_imu_mpu9250.h:21:2:CANIMU::CANIMU(uint8_t, bool)	16	static
can_imu_mpu9250.h:25:7:void CANIMU::setSendDataFlag(bool)	16	static
gthr-default.h:229:1:int __gthread_key_delete(__gthread_key_t)	16	static
can_motor.h:19:2:CANMotor::CANMotor()	16	static
can_motor.h:20:2:CANMotor::CANMotor(uint8_t)	16	static
can_servo.h:36:2:Servo::Servo()	16	static
stl_vector.h:125:14:std::_Vector_base<Servo, std::allocator<Servo> >::_Vector_impl::~_Vector_impl()	16	static
stl_vector.h:285:7:std::_Vector_base<_Tp, _Alloc>::_Vector_base() [with _Tp = Servo; _Alloc = std::allocator<Servo>]	16	static
stl_vector.h:484:7:std::vector<_Tp, _Alloc>::vector() [with _Tp = Servo; _Alloc = std::allocator<Servo>]	16	static
can_servo.h:62:2:CANServo::CANServo()	16	static
can_servo.h:63:2:CANServo::CANServo(uint8_t, unsigned int, bool)	40	static
can_servo.h:70:7:void CANServo::setDynamixelTTLRS485Mixed(bool)	16	static
can_servo.h:59:7:CANServo::~CANServo()	16	static
neuron.h:20:2:Neuron::Neuron(uint8_t)	16	static
neuron.h:26:7:bool Neuron::operator<(const Neuron&) const	16	static
neuron.h:36:10:uint8_t Neuron::getSlaveId() const	16	static
neuron.h:38:7:void Neuron::setInitialized()	16	static
neuron.h:39:7:bool Neuron::getInitialized()	16	static
can_initializer.cpp:10:6:virtual void CANInitializer::sendData()	16	static
can_initializer.cpp:15:6:void CANInitializer::initDevices()	40	static
can_initializer.cpp:26:6:void CANInitializer::configDevice(const Request&)	112	static
neuron.h:15:7:Neuron::~Neuron()	16	static
can_initializer.cpp:164:6:void CANInitializer::addDevice(uint8_t)	384	static
can_device.h:19:7:constexpr CANDevice& CANDevice::operator=(CANDevice&&)	16	static
can_motor.h:14:7:constexpr CANMotor& CANMotor::operator=(CANMotor&&)	16	static
can_servo.h:59:7:CANServo& CANServo::operator=(CANServo&&)	16	static
imu_basic.h:19:7:constexpr IMU& IMU::operator=(IMU&&)	16	static
can_imu_mpu9250.h:14:7:constexpr CANIMU& CANIMU::operator=(CANIMU&&)	16	static
can_initializer.cpp:169:6:virtual void CANInitializer::receiveDataCallback(uint8_t, uint8_t, uint32_t, uint8_t*)	400	static
stl_vector.h:128:2:std::_Vector_base<_Tp, _Alloc>::_Vector_impl::_Vector_impl() [with _Tp = Servo; _Alloc = std::allocator<Servo>]	16	static
allocator.h:153:7:std::allocator< <template-parameter-1-1> >::~allocator() [with _Tp = Servo]	16	static
stl_vector.h:330:7:std::_Vector_base<_Tp, _Alloc>::~_Vector_base() [with _Tp = Servo; _Alloc = std::allocator<Servo>]	16	static
stl_vector.h:675:7:std::vector<_Tp, _Alloc>::~vector() [with _Tp = Servo; _Alloc = std::allocator<Servo>]	24	static
allocator.h:138:7:std::allocator< <template-parameter-1-1> >::allocator() [with _Tp = Servo]	16	static
stl_vector.h:507:7:std::vector<_Tp, _Alloc>::vector(std::vector<_Tp, _Alloc>::size_type, const allocator_type&) [with _Tp = Servo; _Alloc = std::allocator<Servo>]	32	static
stl_vector.h:808:7:std::vector<_Tp, _Alloc>::iterator std::vector<_Tp, _Alloc>::begin() [with _Tp = Neuron; _Alloc = std::allocator<Neuron>]	24	static
stl_vector.h:826:7:std::vector<_Tp, _Alloc>::iterator std::vector<_Tp, _Alloc>::end() [with _Tp = Neuron; _Alloc = std::allocator<Neuron>]	24	static
stl_algo.h:4857:5:void std::sort(_RAIter, _RAIter) [with _RAIter = __gnu_cxx::__normal_iterator<Neuron*, std::vector<Neuron> >]	32	static
stl_vector.h:915:7:std::vector<_Tp, _Alloc>::size_type std::vector<_Tp, _Alloc>::size() const [with _Tp = Neuron; _Alloc = std::allocator<Neuron>]	16	static
stl_vector.h:1089:7:std::vector<_Tp, _Alloc>::reference std::vector<_Tp, _Alloc>::at(std::vector<_Tp, _Alloc>::size_type) [with _Tp = Neuron; _Alloc = std::allocator<Neuron>]	16	static
stl_vector.h:1200:7:void std::vector<_Tp, _Alloc>::push_back(std::vector<_Tp, _Alloc>::value_type&&) [with _Tp = Neuron; _Alloc = std::allocator<Neuron>]	16	static
stl_vector.h:1040:7:std::vector<_Tp, _Alloc>::reference std::vector<_Tp, _Alloc>::operator[](std::vector<_Tp, _Alloc>::size_type) [with _Tp = Neuron; _Alloc = std::allocator<Neuron>]	16	static
stl_vector.h:706:7:std::vector<_Tp, _Alloc>& std::vector<_Tp, _Alloc>::operator=(std::vector<_Tp, _Alloc>&&) [with _Tp = Servo; _Alloc = std::allocator<Servo>]	32	static
stl_vector.h:1040:7:std::vector<_Tp, _Alloc>::reference std::vector<_Tp, _Alloc>::operator[](std::vector<_Tp, _Alloc>::size_type) [with _Tp = Servo; _Alloc = std::allocator<Servo>]	16	static
stl_vector.h:94:2:std::_Vector_base<_Tp, _Alloc>::_Vector_impl_data::_Vector_impl_data() [with _Tp = Servo; _Alloc = std::allocator<Servo>]	16	static
new_allocator.h:89:7:__gnu_cxx::new_allocator<_Tp>::~new_allocator() [with _Tp = Servo]	16	static
stl_vector.h:347:7:void std::_Vector_base<_Tp, _Alloc>::_M_deallocate(std::_Vector_base<_Tp, _Alloc>::pointer, std::size_t) [with _Tp = Servo; _Alloc = std::allocator<Servo>]	24	static
stl_vector.h:273:7:std::_Vector_base<_Tp, _Alloc>::_Tp_alloc_type& std::_Vector_base<_Tp, _Alloc>::_M_get_Tp_allocator() [with _Tp = Servo; _Alloc = std::allocator<Servo>]	16	static
stl_construct.h:203:5:void std::_Destroy(_ForwardIterator, _ForwardIterator, std::allocator<_T2>&) [with _ForwardIterator = Servo*; _Tp = Servo]	24	static
new_allocator.h:80:7:__gnu_cxx::new_allocator<_Tp>::new_allocator() [with _Tp = Servo]	16	static
stl_vector.h:1764:7:static std::vector<_Tp, _Alloc>::size_type std::vector<_Tp, _Alloc>::_S_check_init_len(std::vector<_Tp, _Alloc>::size_type, const allocator_type&) [with _Tp = Servo; _Alloc = std::allocator<Servo>]	32	static
stl_vector.h:300:7:std::_Vector_base<_Tp, _Alloc>::_Vector_base(std::size_t, const allocator_type&) [with _Tp = Servo; _Alloc = std::allocator<Servo>]	24	static
stl_vector.h:1600:7:void std::vector<_Tp, _Alloc>::_M_default_initialize(std::vector<_Tp, _Alloc>::size_type) [with _Tp = Servo; _Alloc = std::allocator<Servo>]	24	static
stl_iterator.h:806:7:__gnu_cxx::__normal_iterator<_Iterator, _Container>::__normal_iterator(const _Iterator&) [with _Iterator = Neuron*; _Container = std::vector<Neuron>]	16	static
stl_algo.h:1962:5:void std::__sort(_RandomAccessIterator, _RandomAccessIterator, _Compare) [with _RandomAccessIterator = __gnu_cxx::__normal_iterator<Neuron*, std::vector<Neuron> >; _Compare = __gnu_cxx::__ops::_Iter_less_iter]	32	static
stl_vector.h:1067:7:void std::vector<_Tp, _Alloc>::_M_range_check(std::vector<_Tp, _Alloc>::size_type) const [with _Tp = Neuron; _Alloc = std::allocator<Neuron>]	16	static
move.h:99:5:constexpr typename std::remove_reference<_Tp>::type&& std::move(_Tp&&) [with _Tp = Neuron&]	16	static
vector.tcc:109:7:) [with _Args = {Neuron}; _Tp = Neuron; _Alloc = std::allocator<Neuron>]	24	static
move.h:99:5:constexpr typename std::remove_reference<_Tp>::type&& std::move(_Tp&&) [with _Tp = std::vector<Servo>&]	16	static
stl_vector.h:1812:7:void std::vector<_Tp, _Alloc>::_M_move_assign(std::vector<_Tp, _Alloc>&&, std::true_type) [with _Tp = Servo; _Alloc = std::allocator<Servo>]	48	static
alloc_traits.h:469:7:static void std::allocator_traits<std::allocator<_Tp1> >::deallocate(std::allocator_traits<std::allocator<_Tp1> >::allocator_type&, std::allocator_traits<std::allocator<_Tp1> >::pointer, std::allocator_traits<std::allocator<_Tp1> >::size_type) [with _Tp = Servo]	24	static
stl_construct.h:127:5:void std::_Destroy(_ForwardIterator, _ForwardIterator) [with _ForwardIterator = Servo*]	16	static
stl_vector.h:1773:7:static std::vector<_Tp, _Alloc>::size_type std::vector<_Tp, _Alloc>::_S_max_size(const _Tp_alloc_type&) [with _Tp = Servo; _Alloc = std::allocator<Servo>]	24	static
allocator.h:141:7:std::allocator< <template-parameter-1-1> >::allocator(const std::allocator< <template-parameter-1-1> >&) [with _Tp = Servo]	16	static
stl_vector.h:133:2:std::_Vector_base<_Tp, _Alloc>::_Vector_impl::_Vector_impl(const _Tp_alloc_type&) [with _Tp = Servo; _Alloc = std::allocator<Servo>]	16	static
stl_vector.h:356:7:void std::_Vector_base<_Tp, _Alloc>::_M_create_storage(std::size_t) [with _Tp = Servo; _Alloc = std::allocator<Servo>]	16	static
stl_uninitialized.h:661:5:_ForwardIterator std::__uninitialized_default_n_a(_ForwardIterator, _Size, std::allocator<_Tp>&) [with _ForwardIterator = Servo*; _Size = unsigned int; _Tp = Servo]	24	static
stl_vector.h:340:7:std::_Vector_base<_Tp, _Alloc>::pointer std::_Vector_base<_Tp, _Alloc>::_M_allocate(std::size_t) [with _Tp = Servo; _Alloc = std::allocator<Servo>]	16	static
stl_iterator.h:907:5:bool __gnu_cxx::operator!=(const __gnu_cxx::__normal_iterator<_Iterator, _Container>&, const __gnu_cxx::__normal_iterator<_Iterator, _Container>&) [with _Iterator = Neuron*; _Container = std::vector<Neuron>]	24	static
stl_iterator.h:989:5:typename __gnu_cxx::__normal_iterator<_Iterator, _Container>::difference_type __gnu_cxx::operator-(const __gnu_cxx::__normal_iterator<_Iterator, _Container>&, const __gnu_cxx::__normal_iterator<_Iterator, _Container>&) [with _Iterator = Neuron*; _Container = std::vector<Neuron>]	24	static
stl_algo.h:1939:5:void std::__introsort_loop(_RandomAccessIterator, _RandomAccessIterator, _Size, _Compare) [with _RandomAccessIterator = __gnu_cxx::__normal_iterator<Neuron*, std::vector<Neuron> >; _Size = int; _Compare = __gnu_cxx::__ops::_Iter_less_iter]	48	static
stl_algo.h:1879:5:void std::__final_insertion_sort(_RandomAccessIterator, _RandomAccessIterator, _Compare) [with _RandomAccessIterator = __gnu_cxx::__normal_iterator<Neuron*, std::vector<Neuron> >; _Compare = __gnu_cxx::__ops::_Iter_less_iter]	40	static
move.h:74:5:constexpr _Tp&& std::forward(typename std::remove_reference<_Tp>::type&) [with _Tp = Neuron]	16	static
alloc_traits.h:482:2:) [with _Up = Neuron; _Args = {Neuron}; _Tp = Neuron]	24	static
stl_vector.h:441:7:static constexpr bool std::vector<_Tp, _Alloc>::_S_use_relocate() [with _Tp = Neuron; _Alloc = std::allocator<Neuron>]	16	static
stl_vector.h:428:7:static constexpr bool std::vector<_Tp, _Alloc>::_S_nothrow_relocate(std::true_type) [with _Tp = Neuron; _Alloc = std::allocator<Neuron>]	16	static
vector.tcc:426:7:) [with _Args = {Neuron}; _Tp = Neuron; _Alloc = std::allocator<Neuron>]	64	static
stl_vector.h:281:7:std::_Vector_base<_Tp, _Alloc>::allocator_type std::_Vector_base<_Tp, _Alloc>::get_allocator() const [with _Tp = Servo; _Alloc = std::allocator<Servo>]	16	static
stl_vector.h:494:7:std::vector<_Tp, _Alloc>::vector(const allocator_type&) [with _Tp = Servo; _Alloc = std::allocator<Servo>]	16	static
stl_vector.h:114:2:void std::_Vector_base<_Tp, _Alloc>::_Vector_impl_data::_M_swap_data(std::_Vector_base<_Tp, _Alloc>::_Vector_impl_data&) [with _Tp = Servo; _Alloc = std::allocator<Servo>]	32	static
alloc_traits.h:553:17:void std::__alloc_on_move(_Alloc&, _Alloc&) [with _Alloc = std::allocator<Servo>]	24	static
new_allocator.h:119:7:void __gnu_cxx::new_allocator<_Tp>::deallocate(__gnu_cxx::new_allocator<_Tp>::pointer, __gnu_cxx::new_allocator<_Tp>::size_type) [with _Tp = Servo]	24	static
stl_construct.h:117:9:static void std::_Destroy_aux<true>::__destroy(_ForwardIterator, _ForwardIterator) [with _ForwardIterator = Servo*]	16	static
alloc_traits.h:505:7:static std::allocator_traits<std::allocator<_Tp1> >::size_type std::allocator_traits<std::allocator<_Tp1> >::max_size(const allocator_type&) [with _Tp = Servo]	16	static
stl_algobase.h:198:5:constexpr const _Tp& std::min(const _Tp&, const _Tp&) [with _Tp = unsigned int]	16	static
new_allocator.h:83:7:__gnu_cxx::new_allocator<_Tp>::new_allocator(const __gnu_cxx::new_allocator<_Tp>&) [with _Tp = Servo]	16	static
stl_uninitialized.h:592:5:_ForwardIterator std::__uninitialized_default_n(_ForwardIterator, _Size) [with _ForwardIterator = Servo*; _Size = unsigned int]	24	static
stl_vector.h:277:7:const _Tp_alloc_type& std::_Vector_base<_Tp, _Alloc>::_M_get_Tp_allocator() const [with _Tp = Servo; _Alloc = std::allocator<Servo>]	16	static
stl_algobase.h:222:5:constexpr const _Tp& std::max(const _Tp&, const _Tp&) [with _Tp = unsigned int]	16	static
alloc_traits.h:443:7:static _Tp* std::allocator_traits<std::allocator<_Tp1> >::allocate(std::allocator_traits<std::allocator<_Tp1> >::allocator_type&, std::allocator_traits<std::allocator<_Tp1> >::size_type) [with _Tp = Servo]	16	static
stl_iterator.h:871:7:const _Iterator& __gnu_cxx::__normal_iterator<_Iterator, _Container>::base() const [with _Iterator = Neuron*; _Container = std::vector<Neuron>]	16	static
stl_algo.h:1927:5:void std::__partial_sort(_RandomAccessIterator, _RandomAccessIterator, _RandomAccessIterator, _Compare) [with _RandomAccessIterator = __gnu_cxx::__normal_iterator<Neuron*, std::vector<Neuron> >; _Compare = __gnu_cxx::__ops::_Iter_less_iter]	32	static
stl_algo.h:1916:5:_RandomAccessIterator std::__unguarded_partition_pivot(_RandomAccessIterator, _RandomAccessIterator, _Compare) [with _RandomAccessIterator = __gnu_cxx::__normal_iterator<Neuron*, std::vector<Neuron> >; _Compare = __gnu_cxx::__ops::_Iter_less_iter]	56	static
stl_iterator.h:859:7:__gnu_cxx::__normal_iterator<_Iterator, _Container> __gnu_cxx::__normal_iterator<_Iterator, _Container>::operator+(__gnu_cxx::__normal_iterator<_Iterator, _Container>::difference_type) const [with _Iterator = Neuron*; _Container = std::vector<Neuron>]	24	static
can_device.h:19:7:constexpr CANDevice::CANDevice(CANDevice&&)	16	static
can_motor.h:14:7:constexpr CANMotor::CANMotor(CANMotor&&)	16	static
imu_basic.h:19:7:constexpr IMU::IMU(IMU&&)	16	static
can_imu_mpu9250.h:14:7:constexpr CANIMU::CANIMU(CANIMU&&)	16	static
stl_vector.h:305:7:std::_Vector_base<_Tp, _Alloc>::_Vector_base(std::_Vector_base<_Tp, _Alloc>&&) [with _Tp = Servo; _Alloc = std::allocator<Servo>]	16	static
stl_vector.h:569:7:std::vector<_Tp, _Alloc>::vector(std::vector<_Tp, _Alloc>&&) [with _Tp = Servo; _Alloc = std::allocator<Servo>]	16	static
can_servo.h:59:7:CANServo::CANServo(CANServo&&)	16	static
neuron.h:15:7:Neuron::Neuron(Neuron&&)	16	static
neuron.h:15:7:Neuron& Neuron::operator=(Neuron&&)	16	static
stl_algo.h:1839:5:void std::__insertion_sort(_RandomAccessIterator, _RandomAccessIterator, _Compare) [with _RandomAccessIterator = __gnu_cxx::__normal_iterator<Neuron*, std::vector<Neuron> >; _Compare = __gnu_cxx::__ops::_Iter_less_iter]	408	static
stl_algo.h:1862:5:void std::__unguarded_insertion_sort(_RandomAccessIterator, _RandomAccessIterator, _Compare) [with _RandomAccessIterator = __gnu_cxx::__normal_iterator<Neuron*, std::vector<Neuron> >; _Compare = __gnu_cxx::__ops::_Iter_less_iter]	40	static
new_allocator.h:144:2:) [with _Up = Neuron; _Args = {Neuron}; _Tp = Neuron]	32	static
stl_vector.h:1753:7:std::vector<_Tp, _Alloc>::size_type std::vector<_Tp, _Alloc>::_M_check_len(std::vector<_Tp, _Alloc>::size_type, const char*) const [with _Tp = Neuron; _Alloc = std::allocator<Neuron>]	40	static
stl_vector.h:340:7:std::_Vector_base<_Tp, _Alloc>::pointer std::_Vector_base<_Tp, _Alloc>::_M_allocate(std::size_t) [with _Tp = Neuron; _Alloc = std::allocator<Neuron>]	16	static
stl_vector.h:462:7:static std::vector<_Tp, _Alloc>::pointer std::vector<_Tp, _Alloc>::_S_relocate(std::vector<_Tp, _Alloc>::pointer, std::vector<_Tp, _Alloc>::pointer, std::vector<_Tp, _Alloc>::pointer, std::vector<_Tp, _Alloc>::_Tp_alloc_type&) [with _Tp = Neuron; _Alloc = std::allocator<Neuron>]	48	static
stl_vector.h:273:7:std::_Vector_base<_Tp, _Alloc>::_Tp_alloc_type& std::_Vector_base<_Tp, _Alloc>::_M_get_Tp_allocator() [with _Tp = Neuron; _Alloc = std::allocator<Neuron>]	16	static
stl_uninitialized.h:323:5:_ForwardIterator std::__uninitialized_move_if_noexcept_a(_InputIterator, _InputIterator, _ForwardIterator, _Allocator&) [with _InputIterator = Neuron*; _ForwardIterator = Neuron*; _Allocator = std::allocator<Neuron>]	32	static
alloc_traits.h:495:2:static void std::allocator_traits<std::allocator<_Tp1> >::destroy(std::allocator_traits<std::allocator<_Tp1> >::allocator_type&, _Up*) [with _Up = Neuron; _Tp = Neuron]	16	static
stl_construct.h:203:5:void std::_Destroy(_ForwardIterator, _ForwardIterator, std::allocator<_T2>&) [with _ForwardIterator = Neuron*; _Tp = Neuron]	24	static
stl_vector.h:347:7:void std::_Vector_base<_Tp, _Alloc>::_M_deallocate(std::_Vector_base<_Tp, _Alloc>::pointer, std::size_t) [with _Tp = Neuron; _Alloc = std::allocator<Neuron>]	24	static
stl_vector.h:290:7:std::_Vector_base<_Tp, _Alloc>::_Vector_base(const allocator_type&) [with _Tp = Servo; _Alloc = std::allocator<Servo>]	16	static
stl_vector.h:106:2:void std::_Vector_base<_Tp, _Alloc>::_Vector_impl_data::_M_copy_data(const std::_Vector_base<_Tp, _Alloc>::_Vector_impl_data&) [with _Tp = Servo; _Alloc = std::allocator<Servo>]	16	static
alloc_traits.h:545:17:void std::__do_alloc_on_move(_Alloc&, _Alloc&, std::true_type) [with _Alloc = std::allocator<Servo>]	24	static
new_allocator.h:132:7:__gnu_cxx::new_allocator<_Tp>::size_type __gnu_cxx::new_allocator<_Tp>::max_size() const [with _Tp = Servo]	16	static
stl_uninitialized.h:539:9:static _ForwardIterator std::__uninitialized_default_n_1<_TrivialValueType>::__uninit_default_n(_ForwardIterator, _Size) [with _ForwardIterator = Servo*; _Size = unsigned int; bool _TrivialValueType = false]	24	static
new_allocator.h:102:7:_Tp* __gnu_cxx::new_allocator<_Tp>::allocate(__gnu_cxx::new_allocator<_Tp>::size_type, const void*) [with _Tp = Servo]	24	static
stl_algo.h:1667:5:void std::__heap_select(_RandomAccessIterator, _RandomAccessIterator, _RandomAccessIterator, _Compare) [with _RandomAccessIterator = __gnu_cxx::__normal_iterator<Neuron*, std::vector<Neuron> >; _Compare = __gnu_cxx::__ops::_Iter_less_iter]	32	static
stl_heap.h:402:5:void std::__sort_heap(_RandomAccessIterator, _RandomAccessIterator, _Compare&) [with _RandomAccessIterator = __gnu_cxx::__normal_iterator<Neuron*, std::vector<Neuron> >; _Compare = __gnu_cxx::__ops::_Iter_less_iter]	24	static
stl_iterator.h:867:7:__gnu_cxx::__normal_iterator<_Iterator, _Container> __gnu_cxx::__normal_iterator<_Iterator, _Container>::operator-(__gnu_cxx::__normal_iterator<_Iterator, _Container>::difference_type) const [with _Iterator = Neuron*; _Container = std::vector<Neuron>]	24	static
predefined_ops.h:42:7:constexpr bool __gnu_cxx::__ops::_Iter_less_iter::operator()(_Iterator1, _Iterator2) const [with _Iterator1 = __gnu_cxx::__normal_iterator<Neuron*, std::vector<Neuron> >; _Iterator2 = __gnu_cxx::__normal_iterator<Neuron*, std::vector<Neuron> >]	32	static
stl_algo.h:78:5:void std::__move_median_to_first(_Iterator, _Iterator, _Iterator, _Iterator, _Compare) [with _Iterator = __gnu_cxx::__normal_iterator<Neuron*, std::vector<Neuron> >; _Compare = __gnu_cxx::__ops::_Iter_less_iter]	24	static
stl_algo.h:1895:5:_RandomAccessIterator std::__unguarded_partition(_RandomAccessIterator, _RandomAccessIterator, _RandomAccessIterator, _Compare) [with _RandomAccessIterator = __gnu_cxx::__normal_iterator<Neuron*, std::vector<Neuron> >; _Compare = __gnu_cxx::__ops::_Iter_less_iter]	24	static
stl_iterator.h:893:5:bool __gnu_cxx::operator==(const __gnu_cxx::__normal_iterator<_Iterator, _Container>&, const __gnu_cxx::__normal_iterator<_Iterator, _Container>&) [with _Iterator = Neuron*; _Container = std::vector<Neuron>]	24	static
stl_iterator.h:827:7:__gnu_cxx::__normal_iterator<_Iterator, _Container>& __gnu_cxx::__normal_iterator<_Iterator, _Container>::operator++() [with _Iterator = Neuron*; _Container = std::vector<Neuron>]	16	static
stl_iterator.h:819:7:__gnu_cxx::__normal_iterator<_Iterator, _Container>::reference __gnu_cxx::__normal_iterator<_Iterator, _Container>::operator*() const [with _Iterator = Neuron*; _Container = std::vector<Neuron>]	16	static
stl_vector.h:140:2:std::_Vector_base<_Tp, _Alloc>::_Vector_impl::_Vector_impl(std::_Vector_base<_Tp, _Alloc>::_Vector_impl&&) [with _Tp = Servo; _Alloc = std::allocator<Servo>]	24	static
stl_algobase.h:676:5:_BI2 std::move_backward(_BI1, _BI1, _BI2) [with _BI1 = __gnu_cxx::__normal_iterator<Neuron*, std::vector<Neuron> >; _BI2 = __gnu_cxx::__normal_iterator<Neuron*, std::vector<Neuron> >]	32	static
stl_algo.h:1820:5:void std::__unguarded_linear_insert(_RandomAccessIterator, _Compare) [with _RandomAccessIterator = __gnu_cxx::__normal_iterator<Neuron*, std::vector<Neuron> >; _Compare = __gnu_cxx::__ops::_Val_less_iter]	392	static
stl_vector.h:920:7:std::vector<_Tp, _Alloc>::size_type std::vector<_Tp, _Alloc>::max_size() const [with _Tp = Neuron; _Alloc = std::allocator<Neuron>]	16	static
alloc_traits.h:443:7:static _Tp* std::allocator_traits<std::allocator<_Tp1> >::allocate(std::allocator_traits<std::allocator<_Tp1> >::allocator_type&, std::allocator_traits<std::allocator<_Tp1> >::size_type) [with _Tp = Neuron]	16	static
stl_vector.h:450:7:static std::vector<_Tp, _Alloc>::pointer std::vector<_Tp, _Alloc>::_S_do_relocate(std::vector<_Tp, _Alloc>::pointer, std::vector<_Tp, _Alloc>::pointer, std::vector<_Tp, _Alloc>::pointer, std::vector<_Tp, _Alloc>::_Tp_alloc_type&, std::true_type) [with _Tp = Neuron; _Alloc = std::allocator<Neuron>]	24	static
stl_iterator.h:1242:5:_ReturnType std::__make_move_if_noexcept_iterator(_Tp*) [with _Tp = Neuron; _ReturnType = std::move_iterator<Neuron*>]	24	static
stl_uninitialized.h:305:5:_ForwardIterator std::__uninitialized_copy_a(_InputIterator, _InputIterator, _ForwardIterator, std::allocator<_Tp>&) [with _InputIterator = std::move_iterator<Neuron*>; _ForwardIterator = Neuron*; _Tp = Neuron]	24	static
new_allocator.h:151:2:void __gnu_cxx::new_allocator<_Tp>::destroy(_Up*) [with _Up = Neuron; _Tp = Neuron]	16	static
stl_construct.h:127:5:void std::_Destroy(_ForwardIterator, _ForwardIterator) [with _ForwardIterator = Neuron*]	16	static
alloc_traits.h:469:7:static void std::allocator_traits<std::allocator<_Tp1> >::deallocate(std::allocator_traits<std::allocator<_Tp1> >::allocator_type&, std::allocator_traits<std::allocator<_Tp1> >::pointer, std::allocator_traits<std::allocator<_Tp1> >::size_type) [with _Tp = Neuron]	24	static
move.h:99:5:constexpr typename std::remove_reference<_Tp>::type&& std::move(_Tp&&) [with _Tp = std::allocator<Servo>&]	16	static
move.h:47:5:constexpr _Tp* std::__addressof(_Tp&) [with _Tp = Servo]	16	static
stl_construct.h:74:5:) [with _T1 = Servo; _Args = {}]	16	static
stl_heap.h:326:5:void std::__make_heap(_RandomAccessIterator, _RandomAccessIterator, _Compare&) [with _RandomAccessIterator = __gnu_cxx::__normal_iterator<Neuron*, std::vector<Neuron> >; _Compare = __gnu_cxx::__ops::_Iter_less_iter]	776	static
stl_iterator.h:922:5:bool __gnu_cxx::operator<(const __gnu_cxx::__normal_iterator<_Iterator, _Container>&, const __gnu_cxx::__normal_iterator<_Iterator, _Container>&) [with _Iterator = Neuron*; _Container = std::vector<Neuron>]	24	static
stl_heap.h:243:5:void std::__pop_heap(_RandomAccessIterator, _RandomAccessIterator, _RandomAccessIterator, _Compare&) [with _RandomAccessIterator = __gnu_cxx::__normal_iterator<Neuron*, std::vector<Neuron> >; _Compare = __gnu_cxx::__ops::_Iter_less_iter]	760	static
stl_iterator.h:839:7:__gnu_cxx::__normal_iterator<_Iterator, _Container>& __gnu_cxx::__normal_iterator<_Iterator, _Container>::operator--() [with _Iterator = Neuron*; _Container = std::vector<Neuron>]	16	static
stl_algobase.h:123:5:void std::iter_swap(_ForwardIterator1, _ForwardIterator2) [with _ForwardIterator1 = __gnu_cxx::__normal_iterator<Neuron*, std::vector<Neuron> >; _ForwardIterator2 = __gnu_cxx::__normal_iterator<Neuron*, std::vector<Neuron> >]	24	static
move.h:99:5:constexpr typename std::remove_reference<_Tp>::type&& std::move(_Tp&&) [with _Tp = std::_Vector_base<Servo, std::allocator<Servo> >::_Vector_impl&]	16	static
stl_vector.h:99:2:std::_Vector_base<_Tp, _Alloc>::_Vector_impl_data::_Vector_impl_data(std::_Vector_base<_Tp, _Alloc>::_Vector_impl_data&&) [with _Tp = Servo; _Alloc = std::allocator<Servo>]	16	static
cpp_type_traits.h:428:5:_Iterator std::__miter_base(_Iterator) [with _Iterator = __gnu_cxx::__normal_iterator<Neuron*, std::vector<Neuron> >]	16	static
stl_algobase.h:613:5:_BI2 std::__copy_move_backward_a2(_BI1, _BI1, _BI2) [with bool _IsMove = true; _BI1 = __gnu_cxx::__normal_iterator<Neuron*, std::vector<Neuron> >; _BI2 = __gnu_cxx::__normal_iterator<Neuron*, std::vector<Neuron> >]	32	static
predefined_ops.h:89:7:bool __gnu_cxx::__ops::_Val_less_iter::operator()(_Value&, _Iterator) const [with _Value = Neuron; _Iterator = __gnu_cxx::__normal_iterator<Neuron*, std::vector<Neuron> >]	24	static
stl_vector.h:1773:7:static std::vector<_Tp, _Alloc>::size_type std::vector<_Tp, _Alloc>::_S_max_size(const _Tp_alloc_type&) [with _Tp = Neuron; _Alloc = std::allocator<Neuron>]	24	static
stl_vector.h:277:7:const _Tp_alloc_type& std::_Vector_base<_Tp, _Alloc>::_M_get_Tp_allocator() const [with _Tp = Neuron; _Alloc = std::allocator<Neuron>]	16	static
new_allocator.h:102:7:_Tp* __gnu_cxx::new_allocator<_Tp>::allocate(__gnu_cxx::new_allocator<_Tp>::size_type, const void*) [with _Tp = Neuron]	24	static
stl_uninitialized.h:958:5:_ForwardIterator std::__relocate_a(_InputIterator, _InputIterator, _ForwardIterator, _Allocator&) [with _InputIterator = Neuron*; _ForwardIterator = Neuron*; _Allocator = std::allocator<Neuron>]	32	static
stl_iterator.h:1057:7:std::move_iterator<_Iterator>::move_iterator(std::move_iterator<_Iterator>::iterator_type) [with _Iterator = Neuron*]	16	static
stl_uninitialized.h:115:5:_ForwardIterator std::uninitialized_copy(_InputIterator, _InputIterator, _ForwardIterator) [with _InputIterator = std::move_iterator<Neuron*>; _ForwardIterator = Neuron*]	32	static
stl_construct.h:105:9:static void std::_Destroy_aux<<anonymous> >::__destroy(_ForwardIterator, _ForwardIterator) [with _ForwardIterator = Neuron*; bool <anonymous> = false]	16	static
new_allocator.h:119:7:void __gnu_cxx::new_allocator<_Tp>::deallocate(__gnu_cxx::new_allocator<_Tp>::pointer, __gnu_cxx::new_allocator<_Tp>::size_type) [with _Tp = Neuron]	24	static
stl_heap.h:214:5:void std::__adjust_heap(_RandomAccessIterator, _Distance, _Distance, _Tp, _Compare) [with _RandomAccessIterator = __gnu_cxx::__normal_iterator<Neuron*, std::vector<Neuron> >; _Distance = int; _Tp = Neuron; _Compare = __gnu_cxx::__ops::_Iter_less_iter]	432	static
move.h:182:5:typename std::enable_if<std::__and_<std::__not_<std::__is_tuple_like<_Tp> >, std::is_move_constructible<_Tp>, std::is_move_assignable<_Tp> >::value>::type std::swap(_Tp&, _Tp&) [with _Tp = Neuron]	376	static
stl_iterator.h:1010:5:_Iterator std::__niter_base(__gnu_cxx::__normal_iterator<_Iterator, _Container>) [with _Iterator = Neuron*; _Container = std::vector<Neuron>]	16	static
stl_algobase.h:595:5:_BI2 std::__copy_move_backward_a(_BI1, _BI1, _BI2) [with bool _IsMove = true; _BI1 = Neuron*; _BI2 = Neuron*]	32	static
stl_algobase.h:289:5:_From std::__niter_wrap(_From, _To) [with _From = __gnu_cxx::__normal_iterator<Neuron*, std::vector<Neuron> >; _To = Neuron*]	16	static
alloc_traits.h:505:7:static std::allocator_traits<std::allocator<_Tp1> >::size_type std::allocator_traits<std::allocator<_Tp1> >::max_size(const allocator_type&) [with _Tp = Neuron]	16	static
new_allocator.h:132:7:__gnu_cxx::new_allocator<_Tp>::size_type __gnu_cxx::new_allocator<_Tp>::max_size() const [with _Tp = Neuron]	16	static
stl_algobase.h:280:5:_Iterator std::__niter_base(_Iterator) [with _Iterator = Neuron*]	16	static
stl_uninitialized.h:936:5:_ForwardIterator std::__relocate_a_1(_InputIterator, _InputIterator, _ForwardIterator, _Allocator&) [with _InputIterator = Neuron*; _ForwardIterator = Neuron*; _Allocator = std::allocator<Neuron>]	40	static
stl_uninitialized.h:76:9:static _ForwardIterator std::__uninitialized_copy<_TrivialValueTypes>::__uninit_copy(_InputIterator, _InputIterator, _ForwardIterator) [with _InputIterator = std::move_iterator<Neuron*>; _ForwardIterator = Neuron*; bool _TrivialValueTypes = false]	40	static
move.h:47:5:constexpr _Tp* std::__addressof(_Tp&) [with _Tp = Neuron]	16	static
stl_construct.h:97:5:void std::_Destroy(_Tp*) [with _Tp = Neuron]	16	static
move.h:99:5:constexpr typename std::remove_reference<_Tp>::type&& std::move(_Tp&&) [with _Tp = __gnu_cxx::__ops::_Iter_less_iter&]	16	static
stl_heap.h:128:5:void std::__push_heap(_RandomAccessIterator, _Distance, _Distance, _Tp, _Compare&) [with _RandomAccessIterator = __gnu_cxx::__normal_iterator<Neuron*, std::vector<Neuron> >; _Distance = int; _Tp = Neuron; _Compare = __gnu_cxx::__ops::_Iter_less_val]	48	static
stl_algobase.h:562:2:static _BI2 std::__copy_move_backward<true, false, std::random_access_iterator_tag>::__copy_move_b(_BI1, _BI1, _BI2) [with _BI1 = Neuron*; _BI2 = Neuron*]	32	static
stl_uninitialized.h:905:5:void std::__relocate_object_a(_Tp*, _Up*, _Allocator&) [with _Tp = Neuron; _Up = Neuron; _Allocator = std::allocator<Neuron>]	24	static
stl_iterator.h:1157:5:bool std::operator!=(const std::move_iterator<_IteratorL>&, const std::move_iterator<_IteratorL>&) [with _Iterator = Neuron*]	16	static
stl_iterator.h:1078:7:std::move_iterator<_Iterator>& std::move_iterator<_Iterator>::operator++() [with _Iterator = Neuron*]	16	static
stl_iterator.h:1070:7:std::move_iterator<_Iterator>::reference std::move_iterator<_Iterator>::operator*() const [with _Iterator = Neuron*]	16	static
stl_construct.h:74:5:) [with _T1 = Neuron; _Args = {Neuron}]	24	static
predefined_ops.h:64:7:bool __gnu_cxx::__ops::_Iter_less_val::operator()(_Iterator, _Value&) const [with _Iterator = __gnu_cxx::__normal_iterator<Neuron*, std::vector<Neuron> >; _Value = Neuron]	24	static
stl_iterator.h:1145:5:bool std::operator==(const std::move_iterator<_IteratorL>&, const std::move_iterator<_IteratorL>&) [with _Iterator = Neuron*]	24	static
stl_iterator.h:1066:7:std::move_iterator<_Iterator>::iterator_type std::move_iterator<_Iterator>::base() const [with _Iterator = Neuron*]	16	static
