Archive member included to satisfy reference by file (symbol)

/opt/Atollic_TrueSTUDIO_for_ARM_x86_64_8.1.0/ARMTools/bin/../lib/gcc/arm-atollic-eabi/6.3.1/../../../../arm-atollic-eabi/lib/armv7-m/libstdc++_nano.a(si_class_type_info.o)
                              Application/IMU/imu_mpu9250.o (vtable for __cxxabiv1::__si_class_type_info)
/opt/Atollic_TrueSTUDIO_for_ARM_x86_64_8.1.0/ARMTools/bin/../lib/gcc/arm-atollic-eabi/6.3.1/../../../../arm-atollic-eabi/lib/armv7-m/libstdc++_nano.a(del_ops.o)
                              /opt/Atollic_TrueSTUDIO_for_ARM_x86_64_8.1.0/ARMTools/bin/../lib/gcc/arm-atollic-eabi/6.3.1/../../../../arm-atollic-eabi/lib/armv7-m/libstdc++_nano.a(si_class_type_info.o) (operator delete(void*, unsigned int))
/opt/Atollic_TrueSTUDIO_for_ARM_x86_64_8.1.0/ARMTools/bin/../lib/gcc/arm-atollic-eabi/6.3.1/../../../../arm-atollic-eabi/lib/armv7-m/libstdc++_nano.a(class_type_info.o)
                              /opt/Atollic_TrueSTUDIO_for_ARM_x86_64_8.1.0/ARMTools/bin/../lib/gcc/arm-atollic-eabi/6.3.1/../../../../arm-atollic-eabi/lib/armv7-m/libstdc++_nano.a(si_class_type_info.o) (__cxxabiv1::__class_type_info::__do_upcast(__cxxabiv1::__class_type_info const*, void**) const)
/opt/Atollic_TrueSTUDIO_for_ARM_x86_64_8.1.0/ARMTools/bin/../lib/gcc/arm-atollic-eabi/6.3.1/../../../../arm-atollic-eabi/lib/armv7-m/libstdc++_nano.a(tinfo.o)
                              /opt/Atollic_TrueSTUDIO_for_ARM_x86_64_8.1.0/ARMTools/bin/../lib/gcc/arm-atollic-eabi/6.3.1/../../../../arm-atollic-eabi/lib/armv7-m/libstdc++_nano.a(class_type_info.o) (std::type_info::~type_info())
/opt/Atollic_TrueSTUDIO_for_ARM_x86_64_8.1.0/ARMTools/bin/../lib/gcc/arm-atollic-eabi/6.3.1/../../../../arm-atollic-eabi/lib/armv7-m/libstdc++_nano.a(del_op.o)
                              /opt/Atollic_TrueSTUDIO_for_ARM_x86_64_8.1.0/ARMTools/bin/../lib/gcc/arm-atollic-eabi/6.3.1/../../../../arm-atollic-eabi/lib/armv7-m/libstdc++_nano.a(del_ops.o) (operator delete(void*))
/opt/Atollic_TrueSTUDIO_for_ARM_x86_64_8.1.0/ARMTools/bin/../lib/gcc/arm-atollic-eabi/6.3.1/../../../../arm-atollic-eabi/lib/armv7-m/libc_nano.a(lib_a-init.o)
                              Application/TrueSTUDIO/startup_stm32f103xb.o (__libc_init_array)
/opt/Atollic_TrueSTUDIO_for_ARM_x86_64_8.1.0/ARMTools/bin/../lib/gcc/arm-atollic-eabi/6.3.1/../../../../arm-atollic-eabi/lib/armv7-m/libc_nano.a(lib_a-malloc.o)
                              /opt/Atollic_TrueSTUDIO_for_ARM_x86_64_8.1.0/ARMTools/bin/../lib/gcc/arm-atollic-eabi/6.3.1/../../../../arm-atollic-eabi/lib/armv7-m/libstdc++_nano.a(del_op.o) (free)
/opt/Atollic_TrueSTUDIO_for_ARM_x86_64_8.1.0/ARMTools/bin/../lib/gcc/arm-atollic-eabi/6.3.1/../../../../arm-atollic-eabi/lib/armv7-m/libc_nano.a(lib_a-memcpy-stub.o)
                              Application/CAN/can_core.o (memcpy)
/opt/Atollic_TrueSTUDIO_for_ARM_x86_64_8.1.0/ARMTools/bin/../lib/gcc/arm-atollic-eabi/6.3.1/../../../../arm-atollic-eabi/lib/armv7-m/libc_nano.a(lib_a-memset.o)
                              Application/User/main.o (memset)
/opt/Atollic_TrueSTUDIO_for_ARM_x86_64_8.1.0/ARMTools/bin/../lib/gcc/arm-atollic-eabi/6.3.1/../../../../arm-atollic-eabi/lib/armv7-m/libc_nano.a(lib_a-nano-freer.o)
                              /opt/Atollic_TrueSTUDIO_for_ARM_x86_64_8.1.0/ARMTools/bin/../lib/gcc/arm-atollic-eabi/6.3.1/../../../../arm-atollic-eabi/lib/armv7-m/libc_nano.a(lib_a-malloc.o) (_free_r)
/opt/Atollic_TrueSTUDIO_for_ARM_x86_64_8.1.0/ARMTools/bin/../lib/gcc/arm-atollic-eabi/6.3.1/../../../../arm-atollic-eabi/lib/armv7-m/libc_nano.a(lib_a-nano-mallocr.o)
                              /opt/Atollic_TrueSTUDIO_for_ARM_x86_64_8.1.0/ARMTools/bin/../lib/gcc/arm-atollic-eabi/6.3.1/../../../../arm-atollic-eabi/lib/armv7-m/libc_nano.a(lib_a-malloc.o) (_malloc_r)
/opt/Atollic_TrueSTUDIO_for_ARM_x86_64_8.1.0/ARMTools/bin/../lib/gcc/arm-atollic-eabi/6.3.1/../../../../arm-atollic-eabi/lib/armv7-m/libc_nano.a(lib_a-sbrkr.o)
                              /opt/Atollic_TrueSTUDIO_for_ARM_x86_64_8.1.0/ARMTools/bin/../lib/gcc/arm-atollic-eabi/6.3.1/../../../../arm-atollic-eabi/lib/armv7-m/libc_nano.a(lib_a-nano-mallocr.o) (_sbrk_r)
/opt/Atollic_TrueSTUDIO_for_ARM_x86_64_8.1.0/ARMTools/bin/../lib/gcc/arm-atollic-eabi/6.3.1/../../../../arm-atollic-eabi/lib/armv7-m/libc_nano.a(lib_a-strcmp.o)
                              /opt/Atollic_TrueSTUDIO_for_ARM_x86_64_8.1.0/ARMTools/bin/../lib/gcc/arm-atollic-eabi/6.3.1/../../../../arm-atollic-eabi/lib/armv7-m/libstdc++_nano.a(tinfo.o) (strcmp)
/opt/Atollic_TrueSTUDIO_for_ARM_x86_64_8.1.0/ARMTools/bin/../lib/gcc/arm-atollic-eabi/6.3.1/../../../../arm-atollic-eabi/lib/armv7-m/libc_nano.a(lib_a-impure.o)
                              /opt/Atollic_TrueSTUDIO_for_ARM_x86_64_8.1.0/ARMTools/bin/../lib/gcc/arm-atollic-eabi/6.3.1/../../../../arm-atollic-eabi/lib/armv7-m/libc_nano.a(lib_a-malloc.o) (_impure_ptr)
[...]
Memory Configuration

Name             Origin             Length             Attributes
RAM              0x0000000020000000 0x0000000000005000 xrw
FLASH            0x0000000008000000 0x000000000000fc00 xr
*default*        0x0000000000000000 0xffffffffffffffff

Linker script and memory map

LOAD /opt/Atollic_TrueSTUDIO_for_ARM_x86_64_8.1.0/ARMTools/bin/../lib/gcc/arm-atollic-eabi/6.3.1/armv7-m/crti.o
LOAD /opt/Atollic_TrueSTUDIO_for_ARM_x86_64_8.1.0/ARMTools/bin/../lib/gcc/arm-atollic-eabi/6.3.1/armv7-m/crtbegin.o
LOAD Application/CAN/can_core.o
LOAD Application/CAN/can_device_manager.o
LOAD Application/Flashmemory/flashmemory.o
LOAD Application/IMU/imu_mpu9250.o
LOAD Application/Initializer/initializer.o
LOAD Application/Motor/motor.o
LOAD Application/Servo/Dynamixel/dynamixel_serial.o
LOAD Application/Servo/servo.o
LOAD Application/TrueSTUDIO/startup_stm32f103xb.o
LOAD Application/User/can.o
LOAD Application/User/gpio.o
LOAD Application/User/main.o
LOAD Application/User/spi.o
LOAD Application/User/stm32f1xx_hal_msp.o
LOAD Application/User/stm32f1xx_it.o
LOAD Application/User/tim.o
LOAD Application/User/usart.o
LOAD Drivers/CMSIS/system_stm32f1xx.o
LOAD Drivers/STM32F1xx_HAL_Driver/stm32f1xx_hal.o
LOAD Drivers/STM32F1xx_HAL_Driver/stm32f1xx_hal_can.o
LOAD Drivers/STM32F1xx_HAL_Driver/stm32f1xx_hal_cortex.o
LOAD Drivers/STM32F1xx_HAL_Driver/stm32f1xx_hal_dma.o
LOAD Drivers/STM32F1xx_HAL_Driver/stm32f1xx_hal_flash.o
LOAD Drivers/STM32F1xx_HAL_Driver/stm32f1xx_hal_flash_ex.o
LOAD Drivers/STM32F1xx_HAL_Driver/stm32f1xx_hal_gpio.o
LOAD Drivers/STM32F1xx_HAL_Driver/stm32f1xx_hal_gpio_ex.o
LOAD Drivers/STM32F1xx_HAL_Driver/stm32f1xx_hal_iwdg.o
LOAD Drivers/STM32F1xx_HAL_Driver/stm32f1xx_hal_pwr.o
LOAD Drivers/STM32F1xx_HAL_Driver/stm32f1xx_hal_rcc.o
LOAD Drivers/STM32F1xx_HAL_Driver/stm32f1xx_hal_rcc_ex.o
LOAD Drivers/STM32F1xx_HAL_Driver/stm32f1xx_hal_spi.o
LOAD Drivers/STM32F1xx_HAL_Driver/stm32f1xx_hal_spi_ex.o
LOAD Drivers/STM32F1xx_HAL_Driver/stm32f1xx_hal_tim.o
LOAD Drivers/STM32F1xx_HAL_Driver/stm32f1xx_hal_tim_ex.o
LOAD Drivers/STM32F1xx_HAL_Driver/stm32f1xx_hal_uart.o
                0x0000000000001000                malloc_getpagesize_P = 0x1000
START GROUP
LOAD /opt/Atollic_TrueSTUDIO_for_ARM_x86_64_8.1.0/ARMTools/bin/../lib/gcc/arm-atollic-eabi/6.3.1/../../../../arm-atollic-eabi/lib/armv7-m/libstdc++_nano.a
LOAD /opt/Atollic_TrueSTUDIO_for_ARM_x86_64_8.1.0/ARMTools/bin/../lib/gcc/arm-atollic-eabi/6.3.1/../../../../arm-atollic-eabi/lib/armv7-m/libsupc++_nano.a
END GROUP
LOAD /opt/Atollic_TrueSTUDIO_for_ARM_x86_64_8.1.0/ARMTools/bin/../lib/gcc/arm-atollic-eabi/6.3.1/../../../../arm-atollic-eabi/lib/armv7-m/libstdc++_nano.a
LOAD /opt/Atollic_TrueSTUDIO_for_ARM_x86_64_8.1.0/ARMTools/bin/../lib/gcc/arm-atollic-eabi/6.3.1/../../../../arm-atollic-eabi/lib/armv7-m/libm.a
LOAD /opt/Atollic_TrueSTUDIO_for_ARM_x86_64_8.1.0/ARMTools/bin/../lib/gcc/arm-atollic-eabi/6.3.1/../../../../arm-atollic-eabi/lib/armv7-m/libc_nano.a
START GROUP
LOAD /opt/Atollic_TrueSTUDIO_for_ARM_x86_64_8.1.0/ARMTools/bin/../lib/gcc/arm-atollic-eabi/6.3.1/armv7-m/libgcc.a
LOAD /opt/Atollic_TrueSTUDIO_for_ARM_x86_64_8.1.0/ARMTools/bin/../lib/gcc/arm-atollic-eabi/6.3.1/../../../../arm-atollic-eabi/lib/armv7-m/libc_nano.a
END GROUP
START GROUP
LOAD /opt/Atollic_TrueSTUDIO_for_ARM_x86_64_8.1.0/ARMTools/bin/../lib/gcc/arm-atollic-eabi/6.3.1/armv7-m/libgcc.a
LOAD /opt/Atollic_TrueSTUDIO_for_ARM_x86_64_8.1.0/ARMTools/bin/../lib/gcc/arm-atollic-eabi/6.3.1/../../../../arm-atollic-eabi/lib/armv7-m/libc_nano.a
LOAD /opt/Atollic_TrueSTUDIO_for_ARM_x86_64_8.1.0/ARMTools/bin/../lib/gcc/arm-atollic-eabi/6.3.1/../../../../arm-atollic-eabi/lib/armv7-m/libnosys.a
END GROUP
START GROUP
LOAD /opt/Atollic_TrueSTUDIO_for_ARM_x86_64_8.1.0/ARMTools/bin/../lib/gcc/arm-atollic-eabi/6.3.1/armv7-m/libgcc.a
LOAD /opt/Atollic_TrueSTUDIO_for_ARM_x86_64_8.1.0/ARMTools/bin/../lib/gcc/arm-atollic-eabi/6.3.1/../../../../arm-atollic-eabi/lib/armv7-m/libc_nano.a
LOAD /opt/Atollic_TrueSTUDIO_for_ARM_x86_64_8.1.0/ARMTools/bin/../lib/gcc/arm-atollic-eabi/6.3.1/../../../../arm-atollic-eabi/lib/armv7-m/libnosys.a
END GROUP
LOAD /opt/Atollic_TrueSTUDIO_for_ARM_x86_64_8.1.0/ARMTools/bin/../lib/gcc/arm-atollic-eabi/6.3.1/armv7-m/crtend.o
LOAD /opt/Atollic_TrueSTUDIO_for_ARM_x86_64_8.1.0/ARMTools/bin/../lib/gcc/arm-atollic-eabi/6.3.1/armv7-m/crtn.o
                0x0000000020005000                _estack = 0x20005000
                0x0000000000000200                _Min_Heap_Size = 0x200
                0x0000000000000400                _Min_Stack_Size = 0x400

.isr_vector     0x0000000008000000      0x10c
                0x0000000008000000                . = ALIGN (0x4)
 *(.isr_vector)
 .isr_vector    0x0000000008000000      0x10c Application/TrueSTUDIO/startup_stm32f103xb.o
                0x0000000008000000                g_pfnVectors
                0x000000000800010c                . = ALIGN (0x4)

.text           0x000000000800010c     0x5f34
                0x000000000800010c                . = ALIGN (0x4)
 *(.text)
 .text          0x000000000800010c       0x40 /opt/Atollic_TrueSTUDIO_for_ARM_x86_64_8.1.0/ARMTools/bin/../lib/gcc/arm-atollic-eabi/6.3.1/armv7-m/crtbegin.o
 .text          0x000000000800014c       0x14 /opt/Atollic_TrueSTUDIO_for_ARM_x86_64_8.1.0/ARMTools/bin/../lib/gcc/arm-atollic-eabi/6.3.1/../../../../arm-atollic-eabi/lib/armv7-m/libc_nano.a(lib_a-strcmp.o)
                0x000000000800014c                strcmp
 .text          0x0000000008000160      0x21c /opt/Atollic_TrueSTUDIO_for_ARM_x86_64_8.1.0/ARMTools/bin/../lib/gcc/arm-atollic-eabi/6.3.1/armv7-m/libgcc.a(_arm_addsubsf3.o)
                0x0000000008000160                __aeabi_frsub
                0x0000000008000168                __subsf3
                0x0000000008000168                __aeabi_fsub
                0x000000000800016c                __aeabi_fadd
                0x000000000800016c                __addsf3
                0x00000000080002cc                __aeabi_ui2f
                0x00000000080002cc                __floatunsisf
                0x00000000080002d4                __aeabi_i2f
                0x00000000080002d4                __floatsisf
                0x00000000080002f0                __floatundisf
                0x00000000080002f0                __aeabi_ul2f
                0x0000000008000300                __floatdisf
                0x0000000008000300                __aeabi_l2f
 .text          0x000000000800037c      0x2a0 /opt/Atollic_TrueSTUDIO_for_ARM_x86_64_8.1.0/ARMTools/bin/../lib/gcc/arm-atollic-eabi/6.3.1/armv7-m/libgcc.a(_arm_muldivsf3.o)
                0x000000000800037c                __mulsf3
                0x000000000800037c                __aeabi_fmul
                0x00000000080004e4                __divsf3
                0x00000000080004e4                __aeabi_fdiv
 .text          0x000000000800061c       0x40 /opt/Atollic_TrueSTUDIO_for_ARM_x86_64_8.1.0/ARMTools/bin/../lib/gcc/arm-atollic-eabi/6.3.1/armv7-m/libgcc.a(_arm_fixunssfsi.o)
                0x000000000800061c                __aeabi_f2uiz
                0x000000000800061c                __fixunssfsi
 .text          0x000000000800065c      0x9dc /opt/Atollic_TrueSTUDIO_for_ARM_x86_64_8.1.0/ARMTools/bin/../lib/gcc/arm-atollic-eabi/6.3.1/armv7-m/libgcc.a(unwind-arm.o)
                0x0000000008000920                _Unwind_GetCFA
                0x0000000008000924                __gnu_Unwind_RaiseException
                0x0000000008000984                __gnu_Unwind_ForcedUnwind
                0x0000000008000998                __gnu_Unwind_Resume
                0x00000000080009dc                __gnu_Unwind_Resume_or_Rethrow
                0x00000000080009f0                _Unwind_Complete
                0x00000000080009f4                _Unwind_DeleteException
                0x0000000008000a00                _Unwind_VRS_Get
                0x0000000008000a4c                _Unwind_VRS_Set
                0x0000000008000a9c                __gnu_Unwind_Backtrace
                0x0000000008000de0                __aeabi_unwind_cpp_pr0
                0x0000000008000de4                __aeabi_unwind_cpp_pr1
                0x0000000008000de8                __aeabi_unwind_cpp_pr2
                0x0000000008000dec                _Unwind_VRS_Pop
 .text          0x0000000008001038      0x1ac /opt/Atollic_TrueSTUDIO_for_ARM_x86_64_8.1.0/ARMTools/bin/../lib/gcc/arm-atollic-eabi/6.3.1/armv7-m/libgcc.a(libunwind.o)
                0x0000000008001038                __restore_core_regs
                0x0000000008001038                restore_core_regs
                0x0000000008001050                __gnu_Unwind_Restore_VFP
                0x0000000008001058                __gnu_Unwind_Save_VFP
                0x0000000008001060                __gnu_Unwind_Restore_VFP_D
                0x0000000008001068                __gnu_Unwind_Save_VFP_D
                0x0000000008001070                __gnu_Unwind_Restore_VFP_D_16_to_31
                0x0000000008001078                __gnu_Unwind_Save_VFP_D_16_to_31
                0x0000000008001080                __gnu_Unwind_Restore_WMMXD
                0x00000000080010c4                __gnu_Unwind_Save_WMMXD
                0x0000000008001108                __gnu_Unwind_Restore_WMMXC
                0x000000000800111c                __gnu_Unwind_Save_WMMXC
                0x0000000008001130                ___Unwind_RaiseException
                0x0000000008001130                _Unwind_RaiseException
                0x0000000008001154                ___Unwind_Resume
                0x0000000008001154                _Unwind_Resume
                0x0000000008001178                _Unwind_Resume_or_Rethrow
                0x0000000008001178                ___Unwind_Resume_or_Rethrow
                0x000000000800119c                ___Unwind_ForcedUnwind
                0x000000000800119c                _Unwind_ForcedUnwind
                0x00000000080011c0                _Unwind_Backtrace
                0x00000000080011c0                ___Unwind_Backtrace
 .text          0x00000000080011e4      0x384 /opt/Atollic_TrueSTUDIO_for_ARM_x86_64_8.1.0/ARMTools/bin/../lib/gcc/arm-atollic-eabi/6.3.1/armv7-m/libgcc.a(pr-support.o)
                0x000000000800123c                __gnu_unwind_execute
                0x000000000800150c                __gnu_unwind_frame
                0x0000000008001538                _Unwind_GetRegionStart
                0x0000000008001544                _Unwind_GetLanguageSpecificData
                0x0000000008001558                _Unwind_GetTextRelBase
                0x0000000008001560                _Unwind_GetDataRelBase
 *(.text*)
 .text._ZN3CAN4initEP17CAN_HandleTypeDefh
                0x0000000008001568       0x70 Application/CAN/can_core.o
                0x0000000008001568                CAN::init(CAN_HandleTypeDef*, unsigned char)
 .text._ZN3CAN15getHcanInstanceEv
                0x00000000080015d8        0xc Application/CAN/can_core.o
                0x00000000080015d8                CAN::getHcanInstance()
 .text._ZN3CAN10setMessageEhhhmPh
                0x00000000080015e4       0x30 Application/CAN/can_core.o
                0x00000000080015e4                CAN::setMessage(unsigned char, unsigned char, unsigned char, unsigned long, unsigned char*)
 .text._ZN16CANDeviceManager4initEP17CAN_HandleTypeDefhP12GPIO_TypeDeft
                0x0000000008001614       0x1c Application/CAN/can_device_manager.o
                0x0000000008001614                CANDeviceManager::init(CAN_HandleTypeDef*, unsigned char, GPIO_TypeDef*, unsigned short)
 .text._ZN16CANDeviceManager9addDeviceEP9CANDevice
                0x0000000008001630       0x10 Application/CAN/can_device_manager.o
                0x0000000008001630                CANDeviceManager::addDevice(CANDevice*)
 .text._ZN16CANDeviceManager4tickEi
                0x0000000008001640       0x48 Application/CAN/can_device_manager.o
                0x0000000008001640                CANDeviceManager::tick(int)
 .text._ZN16CANDeviceManager10Receive_ITEv
                0x0000000008001688       0x10 Application/CAN/can_device_manager.o
                0x0000000008001688                CANDeviceManager::Receive_IT()
 .text.HAL_CAN_RxCpltCallback
                0x0000000008001698       0x5c Application/CAN/can_device_manager.o
                0x0000000008001698                HAL_CAN_RxCpltCallback
 .text._ZN11Flashmemory4initEm
                0x00000000080016f4        0xc Application/Flashmemory/flashmemory.o
                0x00000000080016f4                Flashmemory::init(unsigned long)
 .text._ZN11Flashmemory8addValueEPvj
                0x0000000008001700       0x24 Application/Flashmemory/flashmemory.o
                0x0000000008001700                Flashmemory::addValue(void*, unsigned int)
 .text._ZN11Flashmemory4readEv
                0x0000000008001724       0x58 Application/Flashmemory/flashmemory.o
                0x0000000008001724                Flashmemory::read()
 .text._ZN11Flashmemory5eraseEv
                0x000000000800177c       0x34 Application/Flashmemory/flashmemory.o
                0x000000000800177c                Flashmemory::erase()
 .text._ZN11Flashmemory5writeEv
                0x00000000080017b0       0x70 Application/Flashmemory/flashmemory.o
                0x00000000080017b0                Flashmemory::write()
 .text._ZN3IMU19receiveDataCallbackEhmPh
                0x0000000008001820        0x4 Application/IMU/imu_mpu9250.o
                0x0000000008001820                IMU::receiveDataCallback(unsigned char, unsigned long, unsigned char*)
 .text._ZN3IMU8sendDataEv
                0x0000000008001824       0x68 Application/IMU/imu_mpu9250.o
                0x0000000008001824                IMU::sendData()
 .text._ZN3IMU8mpuWriteEhh
                0x000000000800188c       0x4c Application/IMU/imu_mpu9250.o
                0x000000000800188c                IMU::mpuWrite(unsigned char, unsigned char)
 .text._ZN3IMU8gyroInitEv
                0x00000000080018d8       0x4c Application/IMU/imu_mpu9250.o
                0x00000000080018d8                IMU::gyroInit()
 .text._ZN3IMU7accInitEv
                0x0000000008001924       0x28 Application/IMU/imu_mpu9250.o
                0x0000000008001924                IMU::accInit()
 .text._ZN3IMU7magInitEv
                0x000000000800194c       0xe0 Application/IMU/imu_mpu9250.o
                0x000000000800194c                IMU::magInit()
 .text._ZN3IMU4initEP19__SPI_HandleTypeDef
                0x0000000008001a2c       0x74 Application/IMU/imu_mpu9250.o
                0x0000000008001a2c                IMU::init(__SPI_HandleTypeDef*)
 .text._ZN3IMU11pollingReadEv
                0x0000000008001aa0      0x168 Application/IMU/imu_mpu9250.o
                0x0000000008001aa0                IMU::pollingRead()
 .text._ZN3IMU6updateEv
                0x0000000008001c08        0x4 Application/IMU/imu_mpu9250.o
                0x0000000008001c08                IMU::update()
 .text._ZN11Initializer8sendDataEv
                0x0000000008001c0c        0x4 Application/Initializer/initializer.o
                0x0000000008001c0c                Initializer::sendData()
 .text._ZN11Initializer19receiveDataCallbackEhmPh
                0x0000000008001c10      0x22c Application/Initializer/initializer.o
                0x0000000008001c10                Initializer::receiveDataCallback(unsigned char, unsigned long, unsigned char*)
 .text._ZN5Motor8sendDataEv
                0x0000000008001e3c        0x4 Application/Motor/motor.o
                0x0000000008001e3c                Motor::sendData()
 .text._ZN5Motor19receiveDataCallbackEhmPh
                0x0000000008001e40      0x148 Application/Motor/motor.o
                0x0000000008001e40                Motor::receiveDataCallback(unsigned char, unsigned long, unsigned char*)
 .text._ZN5Motor4initEP17TIM_HandleTypeDef
                0x0000000008001f88        0xc Application/Motor/motor.o
                0x0000000008001f88                Motor::init(TIM_HandleTypeDef*)
 .text._ZN15DynamixelSerial9setTorqueEh
                0x0000000008001f94       0x38 Application/Servo/Dynamixel/dynamixel_serial.o
                0x0000000008001f94                DynamixelSerial::setTorque(unsigned char)
 .text._ZN15DynamixelSerial15setHomingOffsetEh
                0x0000000008001fcc       0x38 Application/Servo/Dynamixel/dynamixel_serial.o
                0x0000000008001fcc                DynamixelSerial::setHomingOffset(unsigned char)
 .text._ZN15DynamixelSerial15setPositionGainEh
                0x0000000008002004       0x38 Application/Servo/Dynamixel/dynamixel_serial.o
                0x0000000008002004                DynamixelSerial::setPositionGain(unsigned char)
 .text._ZN15DynamixelSerial18setProfileVelocityEh
                0x000000000800203c       0x38 Application/Servo/Dynamixel/dynamixel_serial.o
                0x000000000800203c                DynamixelSerial::setProfileVelocity(unsigned char)
 .text._ZN15DynamixelSerial15setCurrentLimitEh
                0x0000000008002074       0x38 Application/Servo/Dynamixel/dynamixel_serial.o
                0x0000000008002074                DynamixelSerial::setCurrentLimit(unsigned char)
 .text._ZN15DynamixelSerial25transmitInstructionPacketEhthPh
                0x00000000080020ac      0x128 Application/Servo/Dynamixel/dynamixel_serial.o
                0x00000000080020ac                DynamixelSerial::transmitInstructionPacket(unsigned char, unsigned short, unsigned char, unsigned char*)
 .text._ZN15DynamixelSerial16readStatusPacketEv
                0x00000000080021d4      0x418 Application/Servo/Dynamixel/dynamixel_serial.o
                0x00000000080021d4                DynamixelSerial::readStatusPacket()
 .text._ZN15DynamixelSerial4pingEv
                0x00000000080025ec       0x24 Application/Servo/Dynamixel/dynamixel_serial.o
                0x00000000080025ec                DynamixelSerial::ping()
 .text._ZN15DynamixelSerial8cmdWriteEhtPhi
                0x0000000008002610       0x3c Application/Servo/Dynamixel/dynamixel_serial.o
                0x0000000008002610                DynamixelSerial::cmdWrite(unsigned char, unsigned short, unsigned char*, int)
 .text._ZN15DynamixelSerial11cmdSyncReadEtt
                0x000000000800264c       0x4c Application/Servo/Dynamixel/dynamixel_serial.o
                0x000000000800264c                DynamixelSerial::cmdSyncRead(unsigned short, unsigned short)
 .text._ZN15DynamixelSerial12cmdSyncWriteEtPhi
                0x0000000008002698       0x98 Application/Servo/Dynamixel/dynamixel_serial.o
                0x0000000008002698                DynamixelSerial::cmdSyncWrite(unsigned short, unsigned char*, int)
 .text._ZN15DynamixelSerial6updateEv
                0x0000000008002730      0x3e8 Application/Servo/Dynamixel/dynamixel_serial.o
                0x0000000008002730                DynamixelSerial::update()
 .text._ZN15DynamixelSerial4initEP18UART_HandleTypeDef
                0x0000000008002b18      0x1e0 Application/Servo/Dynamixel/dynamixel_serial.o
                0x0000000008002b18                DynamixelSerial::init(UART_HandleTypeDef*)
 .text._ZN5Servo8sendDataEv
                0x0000000008002cf8       0x9c Application/Servo/servo.o
                0x0000000008002cf8                Servo::sendData()
 .text._ZN5Servo19receiveDataCallbackEhmPh
                0x0000000008002d94       0x58 Application/Servo/servo.o
                0x0000000008002d94                Servo::receiveDataCallback(unsigned char, unsigned long, unsigned char*)
 .text._ZN5Servo4initEP18UART_HandleTypeDef
                0x0000000008002dec        0x8 Application/Servo/servo.o
                0x0000000008002dec                Servo::init(UART_HandleTypeDef*)
 .text._ZN5Servo6updateEv
                0x0000000008002df4        0x8 Application/Servo/servo.o
                0x0000000008002df4                Servo::update()
 .text.Reset_Handler
                0x0000000008002dfc       0x48 Application/TrueSTUDIO/startup_stm32f103xb.o
                0x0000000008002dfc                Reset_Handler
 .text.Default_Handler
                0x0000000008002e44        0x2 Application/TrueSTUDIO/startup_stm32f103xb.o
                0x0000000008002e44                RTC_Alarm_IRQHandler
                0x0000000008002e44                EXTI2_IRQHandler
                0x0000000008002e44                DebugMon_Handler
                0x0000000008002e44                TIM1_CC_IRQHandler
                0x0000000008002e44                HardFault_Handler
                0x0000000008002e44                PVD_IRQHandler
                0x0000000008002e44                PendSV_Handler
                0x0000000008002e44                NMI_Handler
                0x0000000008002e44                EXTI3_IRQHandler
                0x0000000008002e44                EXTI0_IRQHandler
                0x0000000008002e44                I2C2_EV_IRQHandler
                0x0000000008002e44                UsageFault_Handler
                0x0000000008002e44                ADC1_2_IRQHandler
                0x0000000008002e44                SPI1_IRQHandler
                0x0000000008002e44                TAMPER_IRQHandler
                0x0000000008002e44                DMA1_Channel4_IRQHandler
                0x0000000008002e44                USART3_IRQHandler
                0x0000000008002e44                RTC_IRQHandler
                0x0000000008002e44                DMA1_Channel7_IRQHandler
                0x0000000008002e44                TIM4_IRQHandler
                0x0000000008002e44                I2C1_EV_IRQHandler
                0x0000000008002e44                DMA1_Channel6_IRQHandler
                0x0000000008002e44                TIM3_IRQHandler
                0x0000000008002e44                RCC_IRQHandler
                0x0000000008002e44                TIM1_TRG_COM_IRQHandler
                0x0000000008002e44                DMA1_Channel1_IRQHandler
                0x0000000008002e44                Default_Handler
                0x0000000008002e44                EXTI15_10_IRQHandler
                0x0000000008002e44                EXTI9_5_IRQHandler
                0x0000000008002e44                SPI2_IRQHandler
                0x0000000008002e44                MemManage_Handler
                0x0000000008002e44                SVC_Handler
                0x0000000008002e44                DMA1_Channel5_IRQHandler
                0x0000000008002e44                EXTI4_IRQHandler
                0x0000000008002e44                USB_LP_CAN1_RX0_IRQHandler
                0x0000000008002e44                USB_HP_CAN1_TX_IRQHandler
                0x0000000008002e44                DMA1_Channel3_IRQHandler
                0x0000000008002e44                TIM1_UP_IRQHandler
                0x0000000008002e44                WWDG_IRQHandler
                0x0000000008002e44                TIM2_IRQHandler
                0x0000000008002e44                TIM1_BRK_IRQHandler
                0x0000000008002e44                EXTI1_IRQHandler
                0x0000000008002e44                I2C2_ER_IRQHandler
                0x0000000008002e44                DMA1_Channel2_IRQHandler
                0x0000000008002e44                CAN1_SCE_IRQHandler
                0x0000000008002e44                FLASH_IRQHandler
                0x0000000008002e44                BusFault_Handler
                0x0000000008002e44                USART1_IRQHandler
                0x0000000008002e44                I2C1_ER_IRQHandler
                0x0000000008002e44                USBWakeUp_IRQHandler
 *fill*         0x0000000008002e46        0x2 
 .text.MX_CAN_Init
                0x0000000008002e48       0x44 Application/User/can.o
                0x0000000008002e48                MX_CAN_Init
 .text.HAL_CAN_MspInit
                0x0000000008002e8c       0x68 Application/User/can.o
                0x0000000008002e8c                HAL_CAN_MspInit
 .text.MX_GPIO_Init
                0x0000000008002ef4       0xc0 Application/User/gpio.o
                0x0000000008002ef4                MX_GPIO_Init
 .text.HAL_SYSTICK_Callback
                0x0000000008002fb4       0x30 Application/User/main.o
                0x0000000008002fb4                HAL_SYSTICK_Callback
 .text._ZN16CANDeviceManager27userReceiveMessagesCallbackEhhhmPh
                0x0000000008002fe4       0x18 Application/User/main.o
                0x0000000008002fe4                CANDeviceManager::userReceiveMessagesCallback(unsigned char, unsigned char, unsigned char, unsigned long, unsigned char*)
 .text._Z18SystemClock_Configv
                0x0000000008002ffc       0x78 Application/User/main.o
                0x0000000008002ffc                SystemClock_Config()
 .text.startup.main
                0x0000000008003074      0x168 Application/User/main.o
                0x0000000008003074                main
 .text.Error_Handler
                0x00000000080031dc        0x4 Application/User/main.o
                0x00000000080031dc                Error_Handler
 .text.MX_SPI1_Init
                0x00000000080031e0       0x48 Application/User/spi.o
                0x00000000080031e0                MX_SPI1_Init
 .text.HAL_SPI_MspInit
                0x0000000008003228       0x64 Application/User/spi.o
                0x0000000008003228                HAL_SPI_MspInit
 .text.HAL_MspInit
                0x000000000800328c       0x8c Application/User/stm32f1xx_hal_msp.o
                0x000000000800328c                HAL_MspInit
 .text.SysTick_Handler
                0x0000000008003318       0x10 Application/User/stm32f1xx_it.o
                0x0000000008003318                SysTick_Handler
 .text.CAN1_RX1_IRQHandler
                0x0000000008003328        0xc Application/User/stm32f1xx_it.o
                0x0000000008003328                CAN1_RX1_IRQHandler
 .text.USART2_IRQHandler
                0x0000000008003334        0xc Application/User/stm32f1xx_it.o
                0x0000000008003334                USART2_IRQHandler
 .text.HAL_TIM_MspPostInit.part.0
                0x0000000008003340       0x24 Application/User/tim.o
 .text.MX_TIM1_Init
                0x0000000008003364       0xe0 Application/User/tim.o
                0x0000000008003364                MX_TIM1_Init
 .text.HAL_TIM_Base_MspInit
                0x0000000008003444       0x28 Application/User/tim.o
                0x0000000008003444                HAL_TIM_Base_MspInit
 .text.MX_USART2_UART_Init
                0x000000000800346c       0x3c Application/User/usart.o
                0x000000000800346c                MX_USART2_UART_Init
 .text.HAL_UART_MspInit
                0x00000000080034a8       0x68 Application/User/usart.o
                0x00000000080034a8                HAL_UART_MspInit
 .text.SystemInit
                0x0000000008003510       0x50 Drivers/CMSIS/system_stm32f1xx.o
                0x0000000008003510                SystemInit
 .text.HAL_InitTick
                0x0000000008003560       0x28 Drivers/STM32F1xx_HAL_Driver/stm32f1xx_hal.o
                0x0000000008003560                HAL_InitTick
 .text.HAL_Init
                0x0000000008003588       0x24 Drivers/STM32F1xx_HAL_Driver/stm32f1xx_hal.o
                0x0000000008003588                HAL_Init
 .text.HAL_IncTick
                0x00000000080035ac       0x10 Drivers/STM32F1xx_HAL_Driver/stm32f1xx_hal.o
                0x00000000080035ac                HAL_IncTick
 .text.HAL_GetTick
                0x00000000080035bc        0xc Drivers/STM32F1xx_HAL_Driver/stm32f1xx_hal.o
                0x00000000080035bc                HAL_GetTick
 .text.HAL_Delay
                0x00000000080035c8       0x1c Drivers/STM32F1xx_HAL_Driver/stm32f1xx_hal.o
                0x00000000080035c8                HAL_Delay
 .text.HAL_CAN_ConfigFilter
                0x00000000080035e4       0xe0 Drivers/STM32F1xx_HAL_Driver/stm32f1xx_hal_can.o
                0x00000000080035e4                HAL_CAN_ConfigFilter
 .text.HAL_CAN_Init
                0x00000000080036c4      0x108 Drivers/STM32F1xx_HAL_Driver/stm32f1xx_hal_can.o
                0x00000000080036c4                HAL_CAN_Init
 .text.HAL_CAN_Transmit
                0x00000000080037cc      0x17c Drivers/STM32F1xx_HAL_Driver/stm32f1xx_hal_can.o
                0x00000000080037cc                HAL_CAN_Transmit
 .text.HAL_CAN_Receive_IT
                0x0000000008003948       0x68 Drivers/STM32F1xx_HAL_Driver/stm32f1xx_hal_can.o
                0x0000000008003948                HAL_CAN_Receive_IT
 .text.HAL_CAN_TxCpltCallback
                0x00000000080039b0        0x4 Drivers/STM32F1xx_HAL_Driver/stm32f1xx_hal_can.o
                0x00000000080039b0                HAL_CAN_TxCpltCallback
 .text._ZL14CAN_Receive_ITP17CAN_HandleTypeDefh
                0x00000000080039b4       0xe0 Drivers/STM32F1xx_HAL_Driver/stm32f1xx_hal_can.o
 .text.HAL_CAN_ErrorCallback
                0x0000000008003a94        0x4 Drivers/STM32F1xx_HAL_Driver/stm32f1xx_hal_can.o
                0x0000000008003a94                HAL_CAN_ErrorCallback
 .text.HAL_CAN_IRQHandler
                0x0000000008003a98      0x184 Drivers/STM32F1xx_HAL_Driver/stm32f1xx_hal_can.o
                0x0000000008003a98                HAL_CAN_IRQHandler
 .text.HAL_NVIC_SetPriorityGrouping
                0x0000000008003c1c       0x24 Drivers/STM32F1xx_HAL_Driver/stm32f1xx_hal_cortex.o
                0x0000000008003c1c                HAL_NVIC_SetPriorityGrouping
 .text.HAL_NVIC_SetPriority
                0x0000000008003c40       0x6c Drivers/STM32F1xx_HAL_Driver/stm32f1xx_hal_cortex.o
                0x0000000008003c40                HAL_NVIC_SetPriority
 .text.HAL_NVIC_EnableIRQ
                0x0000000008003cac       0x18 Drivers/STM32F1xx_HAL_Driver/stm32f1xx_hal_cortex.o
                0x0000000008003cac                HAL_NVIC_EnableIRQ
 .text.HAL_SYSTICK_Config
                0x0000000008003cc4       0x30 Drivers/STM32F1xx_HAL_Driver/stm32f1xx_hal_cortex.o
                0x0000000008003cc4                HAL_SYSTICK_Config
 .text.HAL_SYSTICK_CLKSourceConfig
                0x0000000008003cf4       0x18 Drivers/STM32F1xx_HAL_Driver/stm32f1xx_hal_cortex.o
                0x0000000008003cf4                HAL_SYSTICK_CLKSourceConfig
 .text.HAL_SYSTICK_IRQHandler
                0x0000000008003d0c        0x8 Drivers/STM32F1xx_HAL_Driver/stm32f1xx_hal_cortex.o
                0x0000000008003d0c                HAL_SYSTICK_IRQHandler
 .text._ZL18FLASH_SetErrorCodev
                0x0000000008003d14       0x50 Drivers/STM32F1xx_HAL_Driver/stm32f1xx_hal_flash.o
 .text.HAL_FLASH_Unlock
                0x0000000008003d64       0x24 Drivers/STM32F1xx_HAL_Driver/stm32f1xx_hal_flash.o
                0x0000000008003d64                HAL_FLASH_Unlock
 .text.HAL_FLASH_Lock
                0x0000000008003d88       0x14 Drivers/STM32F1xx_HAL_Driver/stm32f1xx_hal_flash.o
                0x0000000008003d88                HAL_FLASH_Lock
 .text.FLASH_WaitForLastOperation
                0x0000000008003d9c       0x5c Drivers/STM32F1xx_HAL_Driver/stm32f1xx_hal_flash.o
                0x0000000008003d9c                FLASH_WaitForLastOperation
 .text.HAL_FLASH_Program
                0x0000000008003df8       0xa4 Drivers/STM32F1xx_HAL_Driver/stm32f1xx_hal_flash.o
                0x0000000008003df8                HAL_FLASH_Program
 .text.HAL_FLASHEx_Erase
                0x0000000008003e9c       0xc8 Drivers/STM32F1xx_HAL_Driver/stm32f1xx_hal_flash_ex.o
                0x0000000008003e9c                HAL_FLASHEx_Erase
 .text.HAL_GPIO_Init
                0x0000000008003f64      0x200 Drivers/STM32F1xx_HAL_Driver/stm32f1xx_hal_gpio.o
                0x0000000008003f64                HAL_GPIO_Init
 .text.HAL_GPIO_WritePin
                0x0000000008004164        0x8 Drivers/STM32F1xx_HAL_Driver/stm32f1xx_hal_gpio.o
                0x0000000008004164                HAL_GPIO_WritePin
 .text.HAL_GPIO_TogglePin
                0x000000000800416c        0x8 Drivers/STM32F1xx_HAL_Driver/stm32f1xx_hal_gpio.o
                0x000000000800416c                HAL_GPIO_TogglePin
 .text.HAL_RCC_OscConfig
                0x0000000008004174      0x560 Drivers/STM32F1xx_HAL_Driver/stm32f1xx_hal_rcc.o
                0x0000000008004174                HAL_RCC_OscConfig
 .text.HAL_RCC_GetSysClockFreq
                0x00000000080046d4       0x8c Drivers/STM32F1xx_HAL_Driver/stm32f1xx_hal_rcc.o
                0x00000000080046d4                HAL_RCC_GetSysClockFreq
 .text.HAL_RCC_ClockConfig
                0x0000000008004760      0x16c Drivers/STM32F1xx_HAL_Driver/stm32f1xx_hal_rcc.o
                0x0000000008004760                HAL_RCC_ClockConfig
 .text.HAL_RCC_GetHCLKFreq
                0x00000000080048cc        0xc Drivers/STM32F1xx_HAL_Driver/stm32f1xx_hal_rcc.o
                0x00000000080048cc                HAL_RCC_GetHCLKFreq
 .text.HAL_RCC_GetPCLK1Freq
                0x00000000080048d8       0x30 Drivers/STM32F1xx_HAL_Driver/stm32f1xx_hal_rcc.o
                0x00000000080048d8                HAL_RCC_GetPCLK1Freq
 .text.HAL_RCC_GetPCLK2Freq
                0x0000000008004908       0x30 Drivers/STM32F1xx_HAL_Driver/stm32f1xx_hal_rcc.o
                0x0000000008004908                HAL_RCC_GetPCLK2Freq
 .text._ZL26SPI_WaitOnFlagUntilTimeoutP19__SPI_HandleTypeDefm10FlagStatusm
                0x0000000008004938       0xc4 Drivers/STM32F1xx_HAL_Driver/stm32f1xx_hal_spi.o
 .text.HAL_SPI_Transmit
                0x00000000080049fc      0x194 Drivers/STM32F1xx_HAL_Driver/stm32f1xx_hal_spi.o
                0x00000000080049fc                HAL_SPI_Transmit
 .text.HAL_SPI_TransmitReceive
                0x0000000008004b90      0x300 Drivers/STM32F1xx_HAL_Driver/stm32f1xx_hal_spi.o
                0x0000000008004b90                HAL_SPI_TransmitReceive
 .text.HAL_SPI_Receive
                0x0000000008004e90      0x21c Drivers/STM32F1xx_HAL_Driver/stm32f1xx_hal_spi.o
                0x0000000008004e90                HAL_SPI_Receive
 .text.HAL_SPI_Init
                0x00000000080050ac       0x80 Drivers/STM32F1xx_HAL_Driver/stm32f1xx_hal_spi_ex.o
                0x00000000080050ac                HAL_SPI_Init
 .text.SPI_ISCRCErrorValid
                0x000000000800512c        0x4 Drivers/STM32F1xx_HAL_Driver/stm32f1xx_hal_spi_ex.o
                0x000000000800512c                SPI_ISCRCErrorValid
 .text._ZL17TIM_OC1_SetConfigP11TIM_TypeDefP18TIM_OC_InitTypeDef
                0x0000000008005130       0x58 Drivers/STM32F1xx_HAL_Driver/stm32f1xx_hal_tim.o
 .text._ZL17TIM_OC3_SetConfigP11TIM_TypeDefP18TIM_OC_InitTypeDef
                0x0000000008005188       0x5c Drivers/STM32F1xx_HAL_Driver/stm32f1xx_hal_tim.o
 .text._ZL17TIM_OC4_SetConfigP11TIM_TypeDefP18TIM_OC_InitTypeDef
                0x00000000080051e4       0x48 Drivers/STM32F1xx_HAL_Driver/stm32f1xx_hal_tim.o
 .text.HAL_TIM_PWM_MspInit
                0x000000000800522c        0x4 Drivers/STM32F1xx_HAL_Driver/stm32f1xx_hal_tim.o
                0x000000000800522c                HAL_TIM_PWM_MspInit
 .text.HAL_TIM_PWM_Start
                0x0000000008005230       0x38 Drivers/STM32F1xx_HAL_Driver/stm32f1xx_hal_tim.o
                0x0000000008005230                HAL_TIM_PWM_Start
 .text.HAL_TIM_ConfigClockSource
                0x0000000008005268      0x180 Drivers/STM32F1xx_HAL_Driver/stm32f1xx_hal_tim.o
                0x0000000008005268                HAL_TIM_ConfigClockSource
 .text.TIM_Base_SetConfig
                0x00000000080053e8       0x7c Drivers/STM32F1xx_HAL_Driver/stm32f1xx_hal_tim.o
                0x00000000080053e8                TIM_Base_SetConfig
 .text.HAL_TIM_Base_Init
                0x0000000008005464       0x38 Drivers/STM32F1xx_HAL_Driver/stm32f1xx_hal_tim.o
                0x0000000008005464                HAL_TIM_Base_Init
 .text.HAL_TIM_PWM_Init
                0x000000000800549c       0x38 Drivers/STM32F1xx_HAL_Driver/stm32f1xx_hal_tim.o
                0x000000000800549c                HAL_TIM_PWM_Init
 .text.TIM_OC2_SetConfig
                0x00000000080054d4       0x5c Drivers/STM32F1xx_HAL_Driver/stm32f1xx_hal_tim.o
                0x00000000080054d4                TIM_OC2_SetConfig
 .text.HAL_TIM_PWM_ConfigChannel
                0x0000000008005530       0xd4 Drivers/STM32F1xx_HAL_Driver/stm32f1xx_hal_tim.o
                0x0000000008005530                HAL_TIM_PWM_ConfigChannel
 .text.HAL_TIMEx_ConfigBreakDeadTime
                0x0000000008005604       0x48 Drivers/STM32F1xx_HAL_Driver/stm32f1xx_hal_tim_ex.o
                0x0000000008005604                HAL_TIMEx_ConfigBreakDeadTime
 .text.HAL_TIMEx_MasterConfigSynchronization
                0x000000000800564c       0x4c Drivers/STM32F1xx_HAL_Driver/stm32f1xx_hal_tim_ex.o
                0x000000000800564c                HAL_TIMEx_MasterConfigSynchronization
 .text._ZL14UART_SetConfigP18UART_HandleTypeDef
                0x0000000008005698      0x184 Drivers/STM32F1xx_HAL_Driver/stm32f1xx_hal_uart.o
 .text._ZL27UART_WaitOnFlagUntilTimeoutP18UART_HandleTypeDefm10FlagStatusm.constprop.1
                0x000000000800581c       0x58 Drivers/STM32F1xx_HAL_Driver/stm32f1xx_hal_uart.o
 .text.HAL_UART_Init
                0x0000000008005874       0x5c Drivers/STM32F1xx_HAL_Driver/stm32f1xx_hal_uart.o
                0x0000000008005874                HAL_UART_Init
 .text.HAL_UART_Transmit
                0x00000000080058d0       0xb8 Drivers/STM32F1xx_HAL_Driver/stm32f1xx_hal_uart.o
                0x00000000080058d0                HAL_UART_Transmit
 .text.HAL_UART_Receive
                0x0000000008005988       0xcc Drivers/STM32F1xx_HAL_Driver/stm32f1xx_hal_uart.o
                0x0000000008005988                HAL_UART_Receive
 .text.HAL_UART_TxCpltCallback
                0x0000000008005a54        0x4 Drivers/STM32F1xx_HAL_Driver/stm32f1xx_hal_uart.o
                0x0000000008005a54                HAL_UART_TxCpltCallback
 .text.HAL_UART_RxCpltCallback
                0x0000000008005a58        0x4 Drivers/STM32F1xx_HAL_Driver/stm32f1xx_hal_uart.o
                0x0000000008005a58                HAL_UART_RxCpltCallback
 .text.HAL_UART_ErrorCallback
                0x0000000008005a5c        0x4 Drivers/STM32F1xx_HAL_Driver/stm32f1xx_hal_uart.o
                0x0000000008005a5c                HAL_UART_ErrorCallback
 .text.HAL_UART_IRQHandler
                0x0000000008005a60      0x1cc Drivers/STM32F1xx_HAL_Driver/stm32f1xx_hal_uart.o
                0x0000000008005a60                HAL_UART_IRQHandler
 .text._ZN10__cxxabiv120__si_class_type_infoD2Ev
                0x0000000008005c2c       0x14 /opt/Atollic_TrueSTUDIO_for_ARM_x86_64_8.1.0/ARMTools/bin/../lib/gcc/arm-atollic-eabi/6.3.1/../../../../arm-atollic-eabi/lib/armv7-m/libstdc++_nano.a(si_class_type_info.o)
                0x0000000008005c2c                __cxxabiv1::__si_class_type_info::~__si_class_type_info()
                0x0000000008005c2c                __cxxabiv1::__si_class_type_info::~__si_class_type_info()
 .text._ZN10__cxxabiv120__si_class_type_infoD0Ev
                0x0000000008005c40       0x14 /opt/Atollic_TrueSTUDIO_for_ARM_x86_64_8.1.0/ARMTools/bin/../lib/gcc/arm-atollic-eabi/6.3.1/../../../../arm-atollic-eabi/lib/armv7-m/libstdc++_nano.a(si_class_type_info.o)
                0x0000000008005c40                __cxxabiv1::__si_class_type_info::~__si_class_type_info()
 .text._ZNK10__cxxabiv120__si_class_type_info20__do_find_public_srcEiPKvPKNS_17__class_type_infoES2_
                0x0000000008005c54       0x38 /opt/Atollic_TrueSTUDIO_for_ARM_x86_64_8.1.0/ARMTools/bin/../lib/gcc/arm-atollic-eabi/6.3.1/../../../../arm-atollic-eabi/lib/armv7-m/libstdc++_nano.a(si_class_type_info.o)
                0x0000000008005c54                __cxxabiv1::__si_class_type_info::__do_find_public_src(int, void const*, __cxxabiv1::__class_type_info const*, void const*) const
 .text._ZNK10__cxxabiv120__si_class_type_info12__do_dyncastEiNS_17__class_type_info10__sub_kindEPKS1_PKvS4_S6_RNS1_16__dyncast_resultE
                0x0000000008005c8c       0x7c /opt/Atollic_TrueSTUDIO_for_ARM_x86_64_8.1.0/ARMTools/bin/../lib/gcc/arm-atollic-eabi/6.3.1/../../../../arm-atollic-eabi/lib/armv7-m/libstdc++_nano.a(si_class_type_info.o)
                0x0000000008005c8c                __cxxabiv1::__si_class_type_info::__do_dyncast(int, __cxxabiv1::__class_type_info::__sub_kind, __cxxabiv1::__class_type_info const*, void const*, __cxxabiv1::__class_type_info const*, void const*, __cxxabiv1::__class_type_info::__dyncast_result&) const
 .text._ZNK10__cxxabiv120__si_class_type_info11__do_upcastEPKNS_17__class_type_infoEPKvRNS1_15__upcast_resultE
                0x0000000008005d08       0x2a /opt/Atollic_TrueSTUDIO_for_ARM_x86_64_8.1.0/ARMTools/bin/../lib/gcc/arm-atollic-eabi/6.3.1/../../../../arm-atollic-eabi/lib/armv7-m/libstdc++_nano.a(si_class_type_info.o)
                0x0000000008005d08                __cxxabiv1::__si_class_type_info::__do_upcast(__cxxabiv1::__class_type_info const*, void const*, __cxxabiv1::__class_type_info::__upcast_result&) const
 .text._ZdlPvj  0x0000000008005d32        0x4 /opt/Atollic_TrueSTUDIO_for_ARM_x86_64_8.1.0/ARMTools/bin/../lib/gcc/arm-atollic-eabi/6.3.1/../../../../arm-atollic-eabi/lib/armv7-m/libstdc++_nano.a(del_ops.o)
                0x0000000008005d32                operator delete(void*, unsigned int)
 .text._ZNK10__cxxabiv117__class_type_info11__do_upcastEPKS0_PPv
                0x0000000008005d36       0x34 /opt/Atollic_TrueSTUDIO_for_ARM_x86_64_8.1.0/ARMTools/bin/../lib/gcc/arm-atollic-eabi/6.3.1/../../../../arm-atollic-eabi/lib/armv7-m/libstdc++_nano.a(class_type_info.o)
                0x0000000008005d36                __cxxabiv1::__class_type_info::__do_upcast(__cxxabiv1::__class_type_info const*, void**) const
 .text._ZNK10__cxxabiv117__class_type_info20__do_find_public_srcEiPKvPKS0_S2_
                0x0000000008005d6a        0xc /opt/Atollic_TrueSTUDIO_for_ARM_x86_64_8.1.0/ARMTools/bin/../lib/gcc/arm-atollic-eabi/6.3.1/../../../../arm-atollic-eabi/lib/armv7-m/libstdc++_nano.a(class_type_info.o)
                0x0000000008005d6a                __cxxabiv1::__class_type_info::__do_find_public_src(int, void const*, __cxxabiv1::__class_type_info const*, void const*) const
 *fill*         0x0000000008005d76        0x2 
 .text._ZN10__cxxabiv117__class_type_infoD2Ev
                0x0000000008005d78       0x14 /opt/Atollic_TrueSTUDIO_for_ARM_x86_64_8.1.0/ARMTools/bin/../lib/gcc/arm-atollic-eabi/6.3.1/../../../../arm-atollic-eabi/lib/armv7-m/libstdc++_nano.a(class_type_info.o)
                0x0000000008005d78                __cxxabiv1::__class_type_info::~__class_type_info()
                0x0000000008005d78                __cxxabiv1::__class_type_info::~__class_type_info()
 .text._ZN10__cxxabiv117__class_type_infoD0Ev
                0x0000000008005d8c       0x14 /opt/Atollic_TrueSTUDIO_for_ARM_x86_64_8.1.0/ARMTools/bin/../lib/gcc/arm-atollic-eabi/6.3.1/../../../../arm-atollic-eabi/lib/armv7-m/libstdc++_nano.a(class_type_info.o)
                0x0000000008005d8c                __cxxabiv1::__class_type_info::~__class_type_info()
 .text._ZNK10__cxxabiv117__class_type_info11__do_upcastEPKS0_PKvRNS0_15__upcast_resultE
                0x0000000008005da0       0x18 /opt/Atollic_TrueSTUDIO_for_ARM_x86_64_8.1.0/ARMTools/bin/../lib/gcc/arm-atollic-eabi/6.3.1/../../../../arm-atollic-eabi/lib/armv7-m/libstdc++_nano.a(class_type_info.o)
                0x0000000008005da0                __cxxabiv1::__class_type_info::__do_upcast(__cxxabiv1::__class_type_info const*, void const*, __cxxabiv1::__class_type_info::__upcast_result&) const
 .text._ZNK10__cxxabiv117__class_type_info10__do_catchEPKSt9type_infoPPvj
                0x0000000008005db8       0x2a /opt/Atollic_TrueSTUDIO_for_ARM_x86_64_8.1.0/ARMTools/bin/../lib/gcc/arm-atollic-eabi/6.3.1/../../../../arm-atollic-eabi/lib/armv7-m/libstdc++_nano.a(class_type_info.o)
                0x0000000008005db8                __cxxabiv1::__class_type_info::__do_catch(std::type_info const*, void**, unsigned int) const
 .text._ZNK10__cxxabiv117__class_type_info12__do_dyncastEiNS0_10__sub_kindEPKS0_PKvS3_S5_RNS0_16__dyncast_resultE
                0x0000000008005de2       0x38 /opt/Atollic_TrueSTUDIO_for_ARM_x86_64_8.1.0/ARMTools/bin/../lib/gcc/arm-atollic-eabi/6.3.1/../../../../arm-atollic-eabi/lib/armv7-m/libstdc++_nano.a(class_type_info.o)
                0x0000000008005de2                __cxxabiv1::__class_type_info::__do_dyncast(int, __cxxabiv1::__class_type_info::__sub_kind, __cxxabiv1::__class_type_info const*, void const*, __cxxabiv1::__class_type_info const*, void const*, __cxxabiv1::__class_type_info::__dyncast_result&) const
 .text._ZNSt9type_infoD2Ev
                0x0000000008005e1a        0x2 /opt/Atollic_TrueSTUDIO_for_ARM_x86_64_8.1.0/ARMTools/bin/../lib/gcc/arm-atollic-eabi/6.3.1/../../../../arm-atollic-eabi/lib/armv7-m/libstdc++_nano.a(tinfo.o)
                0x0000000008005e1a                std::type_info::~type_info()
                0x0000000008005e1a                std::type_info::~type_info()
 .text._ZNKSt9type_info15__is_function_pEv
                0x0000000008005e1c        0x4 /opt/Atollic_TrueSTUDIO_for_ARM_x86_64_8.1.0/ARMTools/bin/../lib/gcc/arm-atollic-eabi/6.3.1/../../../../arm-atollic-eabi/lib/armv7-m/libstdc++_nano.a(tinfo.o)
                0x0000000008005e1c                std::type_info::__is_function_p() const
                0x0000000008005e1c                std::type_info::__is_pointer_p() const
 .text._ZNKSt9type_infoeqERKS_
                0x0000000008005e20       0x2c /opt/Atollic_TrueSTUDIO_for_ARM_x86_64_8.1.0/ARMTools/bin/../lib/gcc/arm-atollic-eabi/6.3.1/../../../../arm-atollic-eabi/lib/armv7-m/libstdc++_nano.a(tinfo.o)
                0x0000000008005e20                std::type_info::operator==(std::type_info const&) const
 .text._ZdlPv   0x0000000008005e4c        0x4 /opt/Atollic_TrueSTUDIO_for_ARM_x86_64_8.1.0/ARMTools/bin/../lib/gcc/arm-atollic-eabi/6.3.1/../../../../arm-atollic-eabi/lib/armv7-m/libstdc++_nano.a(del_op.o)
                0x0000000008005e4c                operator delete(void*)
 .text.__libc_init_array
                0x0000000008005e50       0x48 /opt/Atollic_TrueSTUDIO_for_ARM_x86_64_8.1.0/ARMTools/bin/../lib/gcc/arm-atollic-eabi/6.3.1/../../../../arm-atollic-eabi/lib/armv7-m/libc_nano.a(lib_a-init.o)
                0x0000000008005e50                __libc_init_array
 .text.free     0x0000000008005e98       0x10 /opt/Atollic_TrueSTUDIO_for_ARM_x86_64_8.1.0/ARMTools/bin/../lib/gcc/arm-atollic-eabi/6.3.1/../../../../arm-atollic-eabi/lib/armv7-m/libc_nano.a(lib_a-malloc.o)
                0x0000000008005e98                free
 .text.memcpy   0x0000000008005ea8       0x16 /opt/Atollic_TrueSTUDIO_for_ARM_x86_64_8.1.0/ARMTools/bin/../lib/gcc/arm-atollic-eabi/6.3.1/../../../../arm-atollic-eabi/lib/armv7-m/libc_nano.a(lib_a-memcpy-stub.o)
                0x0000000008005ea8                memcpy
 .text.memset   0x0000000008005ebe       0x10 /opt/Atollic_TrueSTUDIO_for_ARM_x86_64_8.1.0/ARMTools/bin/../lib/gcc/arm-atollic-eabi/6.3.1/../../../../arm-atollic-eabi/lib/armv7-m/libc_nano.a(lib_a-memset.o)
                0x0000000008005ebe                memset
 *fill*         0x0000000008005ece        0x2 
 .text._free_r  0x0000000008005ed0       0x98 /opt/Atollic_TrueSTUDIO_for_ARM_x86_64_8.1.0/ARMTools/bin/../lib/gcc/arm-atollic-eabi/6.3.1/../../../../arm-atollic-eabi/lib/armv7-m/libc_nano.a(lib_a-nano-freer.o)
                0x0000000008005ed0                _free_r
 .text.__malloc_lock
                0x0000000008005f68        0x2 /opt/Atollic_TrueSTUDIO_for_ARM_x86_64_8.1.0/ARMTools/bin/../lib/gcc/arm-atollic-eabi/6.3.1/../../../../arm-atollic-eabi/lib/armv7-m/libc_nano.a(lib_a-mlock.o)
                0x0000000008005f68                __malloc_lock
 .text.__malloc_unlock
                0x0000000008005f6a        0x2 /opt/Atollic_TrueSTUDIO_for_ARM_x86_64_8.1.0/ARMTools/bin/../lib/gcc/arm-atollic-eabi/6.3.1/../../../../arm-atollic-eabi/lib/armv7-m/libc_nano.a(lib_a-mlock.o)
                0x0000000008005f6a                __malloc_unlock
 .text.abort    0x0000000008005f6c        0xe /opt/Atollic_TrueSTUDIO_for_ARM_x86_64_8.1.0/ARMTools/bin/../lib/gcc/arm-atollic-eabi/6.3.1/../../../../arm-atollic-eabi/lib/armv7-m/libc_nano.a(lib_a-abort.o)
                0x0000000008005f6c                abort
 .text._raise_r
                0x0000000008005f7a       0x50 /opt/Atollic_TrueSTUDIO_for_ARM_x86_64_8.1.0/ARMTools/bin/../lib/gcc/arm-atollic-eabi/6.3.1/../../../../arm-atollic-eabi/lib/armv7-m/libc_nano.a(lib_a-signal.o)
                0x0000000008005f7a                _raise_r
 *fill*         0x0000000008005fca        0x2 
 .text.raise    0x0000000008005fcc       0x10 /opt/Atollic_TrueSTUDIO_for_ARM_x86_64_8.1.0/ARMTools/bin/../lib/gcc/arm-atollic-eabi/6.3.1/../../../../arm-atollic-eabi/lib/armv7-m/libc_nano.a(lib_a-signal.o)
                0x0000000008005fcc                raise
 .text._kill_r  0x0000000008005fdc       0x24 /opt/Atollic_TrueSTUDIO_for_ARM_x86_64_8.1.0/ARMTools/bin/../lib/gcc/arm-atollic-eabi/6.3.1/../../../../arm-atollic-eabi/lib/armv7-m/libc_nano.a(lib_a-signalr.o)
                0x0000000008005fdc                _kill_r
 .text._getpid_r
                0x0000000008006000        0x4 /opt/Atollic_TrueSTUDIO_for_ARM_x86_64_8.1.0/ARMTools/bin/../lib/gcc/arm-atollic-eabi/6.3.1/../../../../arm-atollic-eabi/lib/armv7-m/libc_nano.a(lib_a-signalr.o)
                0x0000000008006000                _getpid_r
 .text._getpid  0x0000000008006004       0x10 /opt/Atollic_TrueSTUDIO_for_ARM_x86_64_8.1.0/ARMTools/bin/../lib/gcc/arm-atollic-eabi/6.3.1/../../../../arm-atollic-eabi/lib/armv7-m/libnosys.a(getpid.o)
                0x0000000008006004                _getpid
 .text._kill    0x0000000008006014       0x10 /opt/Atollic_TrueSTUDIO_for_ARM_x86_64_8.1.0/ARMTools/bin/../lib/gcc/arm-atollic-eabi/6.3.1/../../../../arm-atollic-eabi/lib/armv7-m/libnosys.a(kill.o)
                0x0000000008006014                _kill
 .text._exit    0x0000000008006024        0x2 /opt/Atollic_TrueSTUDIO_for_ARM_x86_64_8.1.0/ARMTools/bin/../lib/gcc/arm-atollic-eabi/6.3.1/../../../../arm-atollic-eabi/lib/armv7-m/libnosys.a(_exit.o)
                0x0000000008006024                _exit
 *(.glue_7)
 .glue_7        0x0000000008006026        0x0 linker stubs
 *(.glue_7t)
 .glue_7t       0x0000000008006026        0x0 linker stubs
 *(.eh_frame)
 *fill*         0x0000000008006026        0x2 
 .eh_frame      0x0000000008006028        0x0 /opt/Atollic_TrueSTUDIO_for_ARM_x86_64_8.1.0/ARMTools/bin/../lib/gcc/arm-atollic-eabi/6.3.1/armv7-m/crtbegin.o
 *(.init)
 .init          0x0000000008006028        0x4 /opt/Atollic_TrueSTUDIO_for_ARM_x86_64_8.1.0/ARMTools/bin/../lib/gcc/arm-atollic-eabi/6.3.1/armv7-m/crti.o
                0x0000000008006028                _init
 .init          0x000000000800602c        0x8 /opt/Atollic_TrueSTUDIO_for_ARM_x86_64_8.1.0/ARMTools/bin/../lib/gcc/arm-atollic-eabi/6.3.1/armv7-m/crtn.o
 *(.fini)
 .fini          0x0000000008006034        0x4 /opt/Atollic_TrueSTUDIO_for_ARM_x86_64_8.1.0/ARMTools/bin/../lib/gcc/arm-atollic-eabi/6.3.1/armv7-m/crti.o
                0x0000000008006034                _fini
 .fini          0x0000000008006038        0x8 /opt/Atollic_TrueSTUDIO_for_ARM_x86_64_8.1.0/ARMTools/bin/../lib/gcc/arm-atollic-eabi/6.3.1/armv7-m/crtn.o
                0x0000000008006040                . = ALIGN (0x4)
                0x0000000008006040                _etext = .

.vfp11_veneer   0x0000000008006040        0x0
 .vfp11_veneer  0x0000000008006040        0x0 linker stubs

.v4_bx          0x0000000008006040        0x0
 .v4_bx         0x0000000008006040        0x0 linker stubs

.iplt           0x0000000008006040        0x0
 .iplt          0x0000000008006040        0x0 /opt/Atollic_TrueSTUDIO_for_ARM_x86_64_8.1.0/ARMTools/bin/../lib/gcc/arm-atollic-eabi/6.3.1/armv7-m/crtbegin.o

.rodata         0x0000000008006040      0x3ac
                0x0000000008006040                . = ALIGN (0x4)
 *(.rodata)
 .rodata        0x0000000008006040       0x10 Drivers/STM32F1xx_HAL_Driver/stm32f1xx_hal_rcc.o
 *(.rodata*)
 .rodata._ZTS9CANDevice
                0x0000000008006050        0xb Application/IMU/imu_mpu9250.o
                0x0000000008006050                typeinfo name for CANDevice
 *fill*         0x000000000800605b        0x1 
 .rodata._ZTI9CANDevice
                0x000000000800605c        0x8 Application/IMU/imu_mpu9250.o
                0x000000000800605c                typeinfo for CANDevice
 .rodata._ZTI3IMU
                0x0000000008006064        0xc Application/IMU/imu_mpu9250.o
                0x0000000008006064                typeinfo for IMU
 .rodata._ZTS3IMU
                0x0000000008006070        0x5 Application/IMU/imu_mpu9250.o
                0x0000000008006070                typeinfo name for IMU
 *fill*         0x0000000008006075        0x3 
 .rodata._ZTV3IMU
                0x0000000008006078       0x10 Application/IMU/imu_mpu9250.o
                0x0000000008006078                vtable for IMU
 .rodata._ZTI11Initializer
                0x0000000008006088        0xc Application/Initializer/initializer.o
                0x0000000008006088                typeinfo for Initializer
 .rodata._ZTS11Initializer
                0x0000000008006094        0xe Application/Initializer/initializer.o
                0x0000000008006094                typeinfo name for Initializer
 *fill*         0x00000000080060a2        0x2 
 .rodata._ZTV11Initializer
                0x00000000080060a4       0x10 Application/Initializer/initializer.o
                0x00000000080060a4                vtable for Initializer
 .rodata._ZTI5Motor
                0x00000000080060b4        0xc Application/Motor/motor.o
                0x00000000080060b4                typeinfo for Motor
 .rodata._ZTS5Motor
                0x00000000080060c0        0x7 Application/Motor/motor.o
                0x00000000080060c0                typeinfo name for Motor
 *fill*         0x00000000080060c7        0x1 
 .rodata._ZTV5Motor
                0x00000000080060c8       0x10 Application/Motor/motor.o
                0x00000000080060c8                vtable for Motor
 .rodata._ZL9crc_table
                0x00000000080060d8      0x200 Application/Servo/Dynamixel/dynamixel_serial.o
 .rodata._ZN3CANL25MESSAGEID_SEND_SERVO_LISTE
                0x00000000080062d8        0x4 Application/Servo/servo.o
 .rodata._ZTI5Servo
                0x00000000080062dc        0xc Application/Servo/servo.o
                0x00000000080062dc                typeinfo for Servo
 .rodata._ZTS5Servo
                0x00000000080062e8        0x7 Application/Servo/servo.o
                0x00000000080062e8                typeinfo name for Servo
 *fill*         0x00000000080062ef        0x1 
 .rodata._ZTV5Servo
                0x00000000080062f0       0x10 Application/Servo/servo.o
                0x00000000080062f0                vtable for Servo
 .rodata.AHBPrescTable
                0x0000000008006300       0x10 Drivers/CMSIS/system_stm32f1xx.o
                0x0000000008006300                AHBPrescTable
 .rodata.APBPrescTable
                0x0000000008006310        0x8 Drivers/CMSIS/system_stm32f1xx.o
                0x0000000008006310                APBPrescTable
 .rodata._ZTIN10__cxxabiv120__si_class_type_infoE
                0x0000000008006318        0xc /opt/Atollic_TrueSTUDIO_for_ARM_x86_64_8.1.0/ARMTools/bin/../lib/gcc/arm-atollic-eabi/6.3.1/../../../../arm-atollic-eabi/lib/armv7-m/libstdc++_nano.a(si_class_type_info.o)
                0x0000000008006318                typeinfo for __cxxabiv1::__si_class_type_info
 .rodata._ZTSN10__cxxabiv120__si_class_type_infoE
                0x0000000008006324       0x25 /opt/Atollic_TrueSTUDIO_for_ARM_x86_64_8.1.0/ARMTools/bin/../lib/gcc/arm-atollic-eabi/6.3.1/../../../../arm-atollic-eabi/lib/armv7-m/libstdc++_nano.a(si_class_type_info.o)
                0x0000000008006324                typeinfo name for __cxxabiv1::__si_class_type_info
 *fill*         0x0000000008006349        0x3 
 .rodata._ZTVN10__cxxabiv120__si_class_type_infoE
                0x000000000800634c       0x2c /opt/Atollic_TrueSTUDIO_for_ARM_x86_64_8.1.0/ARMTools/bin/../lib/gcc/arm-atollic-eabi/6.3.1/../../../../arm-atollic-eabi/lib/armv7-m/libstdc++_nano.a(si_class_type_info.o)
                0x000000000800634c                vtable for __cxxabiv1::__si_class_type_info
 .rodata._ZTIN10__cxxabiv117__class_type_infoE
                0x0000000008006378        0xc /opt/Atollic_TrueSTUDIO_for_ARM_x86_64_8.1.0/ARMTools/bin/../lib/gcc/arm-atollic-eabi/6.3.1/../../../../arm-atollic-eabi/lib/armv7-m/libstdc++_nano.a(class_type_info.o)
                0x0000000008006378                typeinfo for __cxxabiv1::__class_type_info
 .rodata._ZTSN10__cxxabiv117__class_type_infoE
                0x0000000008006384       0x22 /opt/Atollic_TrueSTUDIO_for_ARM_x86_64_8.1.0/ARMTools/bin/../lib/gcc/arm-atollic-eabi/6.3.1/../../../../arm-atollic-eabi/lib/armv7-m/libstdc++_nano.a(class_type_info.o)
                0x0000000008006384                typeinfo name for __cxxabiv1::__class_type_info
 *fill*         0x00000000080063a6        0x2 
 .rodata._ZTVN10__cxxabiv117__class_type_infoE
                0x00000000080063a8       0x2c /opt/Atollic_TrueSTUDIO_for_ARM_x86_64_8.1.0/ARMTools/bin/../lib/gcc/arm-atollic-eabi/6.3.1/../../../../arm-atollic-eabi/lib/armv7-m/libstdc++_nano.a(class_type_info.o)
                0x00000000080063a8                vtable for __cxxabiv1::__class_type_info
 .rodata._ZTISt9type_info
                0x00000000080063d4        0x8 /opt/Atollic_TrueSTUDIO_for_ARM_x86_64_8.1.0/ARMTools/bin/../lib/gcc/arm-atollic-eabi/6.3.1/../../../../arm-atollic-eabi/lib/armv7-m/libstdc++_nano.a(tinfo.o)
                0x00000000080063d4                typeinfo for std::type_info
 .rodata._ZTSSt9type_info
                0x00000000080063dc        0xd /opt/Atollic_TrueSTUDIO_for_ARM_x86_64_8.1.0/ARMTools/bin/../lib/gcc/arm-atollic-eabi/6.3.1/../../../../arm-atollic-eabi/lib/armv7-m/libstdc++_nano.a(tinfo.o)
                0x00000000080063dc                typeinfo name for std::type_info
                0x00000000080063ec                . = ALIGN (0x4)
 *fill*         0x00000000080063e9        0x3 

.ARM.extab      0x00000000080063ec       0x54
 *(.ARM.extab* .gnu.linkonce.armextab.*)
 .ARM.extab.text._ZN16CANDeviceManager10Receive_ITEv
                0x00000000080063ec        0xc Application/CAN/can_device_manager.o
 .ARM.extab.text.HAL_SYSTICK_Callback
                0x00000000080063f8        0xc Application/User/main.o
 .ARM.extab.text.SysTick_Handler
                0x0000000008006404        0xc Application/User/stm32f1xx_it.o
 .ARM.extab.text.HAL_Init
                0x0000000008006410        0xc Drivers/STM32F1xx_HAL_Driver/stm32f1xx_hal.o
 .ARM.extab.text.HAL_SYSTICK_IRQHandler
                0x000000000800641c        0xc Drivers/STM32F1xx_HAL_Driver/stm32f1xx_hal_cortex.o
 .ARM.extab     0x0000000008006428       0x18 /opt/Atollic_TrueSTUDIO_for_ARM_x86_64_8.1.0/ARMTools/bin/../lib/gcc/arm-atollic-eabi/6.3.1/armv7-m/libgcc.a(pr-support.o)

.ARM            0x0000000008006440      0x360
                0x0000000008006440                __exidx_start = .
 *(.ARM.exidx*)
 .ARM.exidx.text._ZN3CAN4initEP17CAN_HandleTypeDefh
                0x00000000080064f8        0x8 Application/CAN/can_core.o
 .ARM.exidx.text._ZN3CAN15getHcanInstanceEv
                0x0000000008006500        0x8 Application/CAN/can_core.o
 .ARM.exidx.text._ZN3CAN10setMessageEhhhmPh
                0x0000000008006508        0x0 Application/CAN/can_core.o
                                          0x8 (size before relaxing)
 .ARM.exidx.text._ZN16CANDeviceManager4initEP17CAN_HandleTypeDefhP12GPIO_TypeDeft
                0x0000000008006508        0x8 Application/CAN/can_device_manager.o
 .ARM.exidx.text._ZN16CANDeviceManager9addDeviceEP9CANDevice
                0x0000000008006510        0x8 Application/CAN/can_device_manager.o
 .ARM.exidx.text._ZN16CANDeviceManager4tickEi
                0x0000000008006518        0x0 Application/CAN/can_device_manager.o
                                          0x8 (size before relaxing)
 .ARM.exidx.text._ZN16CANDeviceManager10Receive_ITEv
                0x0000000008006518        0x8 Application/CAN/can_device_manager.o
 .ARM.exidx.text.HAL_CAN_RxCpltCallback
                0x0000000008006520        0x8 Application/CAN/can_device_manager.o
 .ARM.exidx.text._ZN11Flashmemory4initEm
                0x0000000008006528        0x8 Application/Flashmemory/flashmemory.o
 .ARM.exidx.text._ZN11Flashmemory8addValueEPvj
                0x0000000008006530        0x0 Application/Flashmemory/flashmemory.o
                                          0x8 (size before relaxing)
 .ARM.exidx.text._ZN11Flashmemory4readEv
                0x0000000008006530        0x8 Application/Flashmemory/flashmemory.o
 .ARM.exidx.text._ZN11Flashmemory5eraseEv
                0x0000000008006538        0x8 Application/Flashmemory/flashmemory.o
 .ARM.exidx.text._ZN11Flashmemory5writeEv
                0x0000000008006540        0x8 Application/Flashmemory/flashmemory.o
 .ARM.exidx.text._ZN3IMU19receiveDataCallbackEhmPh
                0x0000000008006548        0x8 Application/IMU/imu_mpu9250.o
 .ARM.exidx.text._ZN3IMU8sendDataEv
                0x0000000008006550        0x8 Application/IMU/imu_mpu9250.o
 .ARM.exidx.text._ZN3IMU8mpuWriteEhh
                0x0000000008006558        0x8 Application/IMU/imu_mpu9250.o
 .ARM.exidx.text._ZN3IMU8gyroInitEv
                0x0000000008006560        0x8 Application/IMU/imu_mpu9250.o
 .ARM.exidx.text._ZN3IMU7accInitEv
                0x0000000008006568        0x0 Application/IMU/imu_mpu9250.o
                                          0x8 (size before relaxing)
 .ARM.exidx.text._ZN3IMU7magInitEv
                0x0000000008006568        0x0 Application/IMU/imu_mpu9250.o
                                          0x8 (size before relaxing)
 .ARM.exidx.text._ZN3IMU4initEP19__SPI_HandleTypeDef
                0x0000000008006568        0x8 Application/IMU/imu_mpu9250.o
 .ARM.exidx.text._ZN3IMU11pollingReadEv
                0x0000000008006570        0x8 Application/IMU/imu_mpu9250.o
 .ARM.exidx.text._ZN3IMU6updateEv
                0x0000000008006578        0x8 Application/IMU/imu_mpu9250.o
 .ARM.exidx.text._ZN11Initializer8sendDataEv
                0x0000000008006580        0x0 Application/Initializer/initializer.o
                                          0x8 (size before relaxing)
 .ARM.exidx.text._ZN11Initializer19receiveDataCallbackEhmPh
                0x0000000008006580        0x8 Application/Initializer/initializer.o
 .ARM.exidx.text._ZN5Motor8sendDataEv
                0x0000000008006588        0x8 Application/Motor/motor.o
 .ARM.exidx.text._ZN5Motor19receiveDataCallbackEhmPh
                0x0000000008006590        0x0 Application/Motor/motor.o
                                          0x8 (size before relaxing)
 .ARM.exidx.text._ZN5Motor4initEP17TIM_HandleTypeDef
                0x0000000008006590        0x0 Application/Motor/motor.o
                                          0x8 (size before relaxing)
 .ARM.exidx.text._ZN15DynamixelSerial9setTorqueEh
                0x0000000008006590        0x0 Application/Servo/Dynamixel/dynamixel_serial.o
                                          0x8 (size before relaxing)
 .ARM.exidx.text._ZN15DynamixelSerial15setHomingOffsetEh
                0x0000000008006590        0x0 Application/Servo/Dynamixel/dynamixel_serial.o
                                          0x8 (size before relaxing)
 .ARM.exidx.text._ZN15DynamixelSerial15setPositionGainEh
                0x0000000008006590        0x0 Application/Servo/Dynamixel/dynamixel_serial.o
                                          0x8 (size before relaxing)
 .ARM.exidx.text._ZN15DynamixelSerial18setProfileVelocityEh
                0x0000000008006590        0x0 Application/Servo/Dynamixel/dynamixel_serial.o
                                          0x8 (size before relaxing)
 .ARM.exidx.text._ZN15DynamixelSerial15setCurrentLimitEh
                0x0000000008006590        0x0 Application/Servo/Dynamixel/dynamixel_serial.o
                                          0x8 (size before relaxing)
 .ARM.exidx.text._ZN15DynamixelSerial25transmitInstructionPacketEhthPh
                0x0000000008006590        0x8 Application/Servo/Dynamixel/dynamixel_serial.o
 .ARM.exidx.text._ZN15DynamixelSerial16readStatusPacketEv
                0x0000000008006598        0x8 Application/Servo/Dynamixel/dynamixel_serial.o
 .ARM.exidx.text._ZN15DynamixelSerial4pingEv
                0x00000000080065a0        0x8 Application/Servo/Dynamixel/dynamixel_serial.o
 .ARM.exidx.text._ZN15DynamixelSerial8cmdWriteEhtPhi
                0x00000000080065a8        0x8 Application/Servo/Dynamixel/dynamixel_serial.o
 .ARM.exidx.text._ZN15DynamixelSerial11cmdSyncReadEtt
                0x00000000080065b0        0x8 Application/Servo/Dynamixel/dynamixel_serial.o
 .ARM.exidx.text._ZN15DynamixelSerial12cmdSyncWriteEtPhi
                0x00000000080065b8        0x8 Application/Servo/Dynamixel/dynamixel_serial.o
 .ARM.exidx.text._ZN15DynamixelSerial6updateEv
                0x00000000080065c0        0x8 Application/Servo/Dynamixel/dynamixel_serial.o
 .ARM.exidx.text._ZN15DynamixelSerial4initEP18UART_HandleTypeDef
                0x00000000080065c8        0x8 Application/Servo/Dynamixel/dynamixel_serial.o
 .ARM.exidx.text._ZN5Servo8sendDataEv
                0x00000000080065d0        0x8 Application/Servo/servo.o
 .ARM.exidx.text._ZN5Servo19receiveDataCallbackEhmPh
                0x00000000080065d8        0x8 Application/Servo/servo.o
 .ARM.exidx.text._ZN5Servo4initEP18UART_HandleTypeDef
                0x00000000080065e0        0x8 Application/Servo/servo.o
 .ARM.exidx.text._ZN5Servo6updateEv
                0x00000000080065e8        0x0 Application/Servo/servo.o
                                          0x8 (size before relaxing)
 .ARM.exidx.text.MX_CAN_Init
                0x00000000080065e8        0x8 Application/User/can.o
 .ARM.exidx.text.HAL_CAN_MspInit
                0x00000000080065f0        0x8 Application/User/can.o
 .ARM.exidx.text.MX_GPIO_Init
                0x00000000080065f8        0x8 Application/User/gpio.o
 .ARM.exidx.text.HAL_SYSTICK_Callback
                0x0000000008006600        0x8 Application/User/main.o
 .ARM.exidx.text._ZN16CANDeviceManager27userReceiveMessagesCallbackEhhhmPh
                0x0000000008006608        0x8 Application/User/main.o
 .ARM.exidx.text._Z18SystemClock_Configv
                0x0000000008006610        0x8 Application/User/main.o
 .ARM.exidx.text.startup.main
                0x0000000008006618        0x8 Application/User/main.o
 .ARM.exidx.text.Error_Handler
                0x0000000008006620        0x8 Application/User/main.o
 .ARM.exidx.text.MX_SPI1_Init
                0x0000000008006628        0x8 Application/User/spi.o
 .ARM.exidx.text.HAL_SPI_MspInit
                0x0000000008006630        0x8 Application/User/spi.o
 .ARM.exidx.text.HAL_MspInit
                0x0000000008006638        0x8 Application/User/stm32f1xx_hal_msp.o
 .ARM.exidx.text.SysTick_Handler
                0x0000000008006640        0x8 Application/User/stm32f1xx_it.o
 .ARM.exidx.text.CAN1_RX1_IRQHandler
                0x0000000008006648        0x8 Application/User/stm32f1xx_it.o
 .ARM.exidx.text.USART2_IRQHandler
                0x0000000008006650        0x0 Application/User/stm32f1xx_it.o
                                          0x8 (size before relaxing)
 .ARM.exidx.text.HAL_TIM_MspPostInit.part.0
                0x0000000008006650        0x8 Application/User/tim.o
 .ARM.exidx.text.MX_TIM1_Init
                0x0000000008006658        0x8 Application/User/tim.o
 .ARM.exidx.text.HAL_TIM_Base_MspInit
                0x0000000008006660        0x8 Application/User/tim.o
 .ARM.exidx.text.MX_USART2_UART_Init
                0x0000000008006668        0x8 Application/User/usart.o
 .ARM.exidx.text.HAL_UART_MspInit
                0x0000000008006670        0x8 Application/User/usart.o
 .ARM.exidx.text.SystemInit
                0x0000000008006678        0x8 Drivers/CMSIS/system_stm32f1xx.o
 .ARM.exidx.text.HAL_InitTick
                0x0000000008006680        0x8 Drivers/STM32F1xx_HAL_Driver/stm32f1xx_hal.o
 .ARM.exidx.text.HAL_Init
                0x0000000008006688        0x8 Drivers/STM32F1xx_HAL_Driver/stm32f1xx_hal.o
 .ARM.exidx.text.HAL_IncTick
                0x0000000008006690        0x8 Drivers/STM32F1xx_HAL_Driver/stm32f1xx_hal.o
 .ARM.exidx.text.HAL_GetTick
                0x0000000008006698        0x0 Drivers/STM32F1xx_HAL_Driver/stm32f1xx_hal.o
                                          0x8 (size before relaxing)
 .ARM.exidx.text.HAL_Delay
                0x0000000008006698        0x8 Drivers/STM32F1xx_HAL_Driver/stm32f1xx_hal.o
 .ARM.exidx.text.HAL_CAN_ConfigFilter
                0x00000000080066a0        0x8 Drivers/STM32F1xx_HAL_Driver/stm32f1xx_hal_can.o
 .ARM.exidx.text.HAL_CAN_Init
                0x00000000080066a8        0x8 Drivers/STM32F1xx_HAL_Driver/stm32f1xx_hal_can.o
 .ARM.exidx.text.HAL_CAN_Transmit
                0x00000000080066b0        0x8 Drivers/STM32F1xx_HAL_Driver/stm32f1xx_hal_can.o
 .ARM.exidx.text.HAL_CAN_Receive_IT
                0x00000000080066b8        0x8 Drivers/STM32F1xx_HAL_Driver/stm32f1xx_hal_can.o
 .ARM.exidx.text.HAL_CAN_TxCpltCallback
                0x00000000080066c0        0x0 Drivers/STM32F1xx_HAL_Driver/stm32f1xx_hal_can.o
                                          0x8 (size before relaxing)
 .ARM.exidx.text._ZL14CAN_Receive_ITP17CAN_HandleTypeDefh
                0x00000000080066c0        0x8 Drivers/STM32F1xx_HAL_Driver/stm32f1xx_hal_can.o
 .ARM.exidx.text.HAL_CAN_ErrorCallback
                0x00000000080066c8        0x8 Drivers/STM32F1xx_HAL_Driver/stm32f1xx_hal_can.o
 .ARM.exidx.text.HAL_CAN_IRQHandler
                0x00000000080066d0        0x8 Drivers/STM32F1xx_HAL_Driver/stm32f1xx_hal_can.o
 .ARM.exidx.text.HAL_NVIC_SetPriorityGrouping
                0x00000000080066d8        0x8 Drivers/STM32F1xx_HAL_Driver/stm32f1xx_hal_cortex.o
 .ARM.exidx.text.HAL_NVIC_SetPriority
                0x00000000080066e0        0x0 Drivers/STM32F1xx_HAL_Driver/stm32f1xx_hal_cortex.o
                                          0x8 (size before relaxing)
 .ARM.exidx.text.HAL_NVIC_EnableIRQ
                0x00000000080066e0        0x0 Drivers/STM32F1xx_HAL_Driver/stm32f1xx_hal_cortex.o
                                          0x8 (size before relaxing)
 .ARM.exidx.text.HAL_SYSTICK_Config
                0x00000000080066e0        0x0 Drivers/STM32F1xx_HAL_Driver/stm32f1xx_hal_cortex.o
                                          0x8 (size before relaxing)
 .ARM.exidx.text.HAL_SYSTICK_CLKSourceConfig
                0x00000000080066e0        0x0 Drivers/STM32F1xx_HAL_Driver/stm32f1xx_hal_cortex.o
                                          0x8 (size before relaxing)
 .ARM.exidx.text.HAL_SYSTICK_IRQHandler
                0x00000000080066e0        0x8 Drivers/STM32F1xx_HAL_Driver/stm32f1xx_hal_cortex.o
 .ARM.exidx.text._ZL18FLASH_SetErrorCodev
                0x00000000080066e8        0x8 Drivers/STM32F1xx_HAL_Driver/stm32f1xx_hal_flash.o
 .ARM.exidx.text.HAL_FLASH_Unlock
                0x00000000080066f0        0x0 Drivers/STM32F1xx_HAL_Driver/stm32f1xx_hal_flash.o
                                          0x8 (size before relaxing)
 .ARM.exidx.text.HAL_FLASH_Lock
                0x00000000080066f0        0x0 Drivers/STM32F1xx_HAL_Driver/stm32f1xx_hal_flash.o
                                          0x8 (size before relaxing)
 .ARM.exidx.text.FLASH_WaitForLastOperation
                0x00000000080066f0        0x8 Drivers/STM32F1xx_HAL_Driver/stm32f1xx_hal_flash.o
 .ARM.exidx.text.HAL_FLASH_Program
                0x00000000080066f8        0x8 Drivers/STM32F1xx_HAL_Driver/stm32f1xx_hal_flash.o
 .ARM.exidx.text.HAL_FLASHEx_Erase
                0x0000000008006700        0x8 Drivers/STM32F1xx_HAL_Driver/stm32f1xx_hal_flash_ex.o
 .ARM.exidx.text.HAL_GPIO_Init
                0x0000000008006708        0x8 Drivers/STM32F1xx_HAL_Driver/stm32f1xx_hal_gpio.o
 .ARM.exidx.text.HAL_GPIO_WritePin
                0x0000000008006710        0x0 Drivers/STM32F1xx_HAL_Driver/stm32f1xx_hal_gpio.o
                                          0x8 (size before relaxing)
 .ARM.exidx.text.HAL_GPIO_TogglePin
                0x0000000008006710        0x0 Drivers/STM32F1xx_HAL_Driver/stm32f1xx_hal_gpio.o
                                          0x8 (size before relaxing)
 .ARM.exidx.text.HAL_RCC_OscConfig
                0x0000000008006710        0x8 Drivers/STM32F1xx_HAL_Driver/stm32f1xx_hal_rcc.o
 .ARM.exidx.text.HAL_RCC_GetSysClockFreq
                0x0000000008006718        0x8 Drivers/STM32F1xx_HAL_Driver/stm32f1xx_hal_rcc.o
 .ARM.exidx.text.HAL_RCC_ClockConfig
                0x0000000008006720        0x8 Drivers/STM32F1xx_HAL_Driver/stm32f1xx_hal_rcc.o
 .ARM.exidx.text.HAL_RCC_GetHCLKFreq
                0x0000000008006728        0x8 Drivers/STM32F1xx_HAL_Driver/stm32f1xx_hal_rcc.o
 .ARM.exidx.text.HAL_RCC_GetPCLK1Freq
                0x0000000008006730        0x0 Drivers/STM32F1xx_HAL_Driver/stm32f1xx_hal_rcc.o
                                          0x8 (size before relaxing)
 .ARM.exidx.text.HAL_RCC_GetPCLK2Freq
                0x0000000008006730        0x0 Drivers/STM32F1xx_HAL_Driver/stm32f1xx_hal_rcc.o
                                          0x8 (size before relaxing)
 .ARM.exidx.text._ZL26SPI_WaitOnFlagUntilTimeoutP19__SPI_HandleTypeDefm10FlagStatusm
                0x0000000008006730        0x8 Drivers/STM32F1xx_HAL_Driver/stm32f1xx_hal_spi.o
 .ARM.exidx.text.HAL_SPI_Transmit
                0x0000000008006738        0x8 Drivers/STM32F1xx_HAL_Driver/stm32f1xx_hal_spi.o
 .ARM.exidx.text.HAL_SPI_TransmitReceive
                0x0000000008006740        0x0 Drivers/STM32F1xx_HAL_Driver/stm32f1xx_hal_spi.o
                                          0x8 (size before relaxing)
 .ARM.exidx.text.HAL_SPI_Receive
                0x0000000008006740        0x8 Drivers/STM32F1xx_HAL_Driver/stm32f1xx_hal_spi.o
 .ARM.exidx.text.HAL_SPI_Init
                0x0000000008006748        0x8 Drivers/STM32F1xx_HAL_Driver/stm32f1xx_hal_spi_ex.o
 .ARM.exidx.text.SPI_ISCRCErrorValid
                0x0000000008006750        0x8 Drivers/STM32F1xx_HAL_Driver/stm32f1xx_hal_spi_ex.o
 .ARM.exidx.text._ZL17TIM_OC1_SetConfigP11TIM_TypeDefP18TIM_OC_InitTypeDef
                0x0000000008006758        0x0 Drivers/STM32F1xx_HAL_Driver/stm32f1xx_hal_tim.o
                                          0x8 (size before relaxing)
 .ARM.exidx.text._ZL17TIM_OC3_SetConfigP11TIM_TypeDefP18TIM_OC_InitTypeDef
                0x0000000008006758        0x0 Drivers/STM32F1xx_HAL_Driver/stm32f1xx_hal_tim.o
                                          0x8 (size before relaxing)
 .ARM.exidx.text._ZL17TIM_OC4_SetConfigP11TIM_TypeDefP18TIM_OC_InitTypeDef
                0x0000000008006758        0x0 Drivers/STM32F1xx_HAL_Driver/stm32f1xx_hal_tim.o
                                          0x8 (size before relaxing)
 .ARM.exidx.text.HAL_TIM_PWM_MspInit
                0x0000000008006758        0x0 Drivers/STM32F1xx_HAL_Driver/stm32f1xx_hal_tim.o
                                          0x8 (size before relaxing)
 .ARM.exidx.text.HAL_TIM_PWM_Start
                0x0000000008006758        0x0 Drivers/STM32F1xx_HAL_Driver/stm32f1xx_hal_tim.o
                                          0x8 (size before relaxing)
 .ARM.exidx.text.HAL_TIM_ConfigClockSource
                0x0000000008006758        0x0 Drivers/STM32F1xx_HAL_Driver/stm32f1xx_hal_tim.o
                                          0x8 (size before relaxing)
 .ARM.exidx.text.TIM_Base_SetConfig
                0x0000000008006758        0x0 Drivers/STM32F1xx_HAL_Driver/stm32f1xx_hal_tim.o
                                          0x8 (size before relaxing)
 .ARM.exidx.text.HAL_TIM_Base_Init
                0x0000000008006758        0x8 Drivers/STM32F1xx_HAL_Driver/stm32f1xx_hal_tim.o
 .ARM.exidx.text.HAL_TIM_PWM_Init
                0x0000000008006760        0x0 Drivers/STM32F1xx_HAL_Driver/stm32f1xx_hal_tim.o
                                          0x8 (size before relaxing)
 .ARM.exidx.text.TIM_OC2_SetConfig
                0x0000000008006760        0x8 Drivers/STM32F1xx_HAL_Driver/stm32f1xx_hal_tim.o
 .ARM.exidx.text.HAL_TIM_PWM_ConfigChannel
                0x0000000008006768        0x0 Drivers/STM32F1xx_HAL_Driver/stm32f1xx_hal_tim.o
                                          0x8 (size before relaxing)
 .ARM.exidx.text.HAL_TIMEx_ConfigBreakDeadTime
                0x0000000008006768        0x0 Drivers/STM32F1xx_HAL_Driver/stm32f1xx_hal_tim_ex.o
                                          0x8 (size before relaxing)
 .ARM.exidx.text.HAL_TIMEx_MasterConfigSynchronization
                0x0000000008006768        0x0 Drivers/STM32F1xx_HAL_Driver/stm32f1xx_hal_tim_ex.o
                                          0x8 (size before relaxing)
 .ARM.exidx.text._ZL14UART_SetConfigP18UART_HandleTypeDef
                0x0000000008006768        0x8 Drivers/STM32F1xx_HAL_Driver/stm32f1xx_hal_uart.o
 .ARM.exidx.text._ZL27UART_WaitOnFlagUntilTimeoutP18UART_HandleTypeDefm10FlagStatusm.constprop.1
                0x0000000008006770        0x8 Drivers/STM32F1xx_HAL_Driver/stm32f1xx_hal_uart.o
 .ARM.exidx.text.HAL_UART_Init
                0x0000000008006778        0x8 Drivers/STM32F1xx_HAL_Driver/stm32f1xx_hal_uart.o
 .ARM.exidx.text.HAL_UART_Transmit
                0x0000000008006780        0x8 Drivers/STM32F1xx_HAL_Driver/stm32f1xx_hal_uart.o
 .ARM.exidx.text.HAL_UART_Receive
                0x0000000008006788        0x0 Drivers/STM32F1xx_HAL_Driver/stm32f1xx_hal_uart.o
                                          0x8 (size before relaxing)
 .ARM.exidx.text.HAL_UART_TxCpltCallback
                0x0000000008006788        0x8 Drivers/STM32F1xx_HAL_Driver/stm32f1xx_hal_uart.o
 .ARM.exidx.text.HAL_UART_RxCpltCallback
                0x0000000008006790        0x0 Drivers/STM32F1xx_HAL_Driver/stm32f1xx_hal_uart.o
                                          0x8 (size before relaxing)
 .ARM.exidx.text.HAL_UART_ErrorCallback
                0x0000000008006790        0x0 Drivers/STM32F1xx_HAL_Driver/stm32f1xx_hal_uart.o
                                          0x8 (size before relaxing)
 .ARM.exidx.text.HAL_UART_IRQHandler
                0x0000000008006790       0x10 Drivers/STM32F1xx_HAL_Driver/stm32f1xx_hal_uart.o
                                          0x8 (size before relaxing)
 .ARM.exidx     0x0000000008006440       0x80 /opt/Atollic_TrueSTUDIO_for_ARM_x86_64_8.1.0/ARMTools/bin/../lib/gcc/arm-atollic-eabi/6.3.1/armv7-m/libgcc.a(unwind-arm.o)
                                         0xd8 (size before relaxing)
 .ARM.exidx     0x00000000080064c0       0x38 /opt/Atollic_TrueSTUDIO_for_ARM_x86_64_8.1.0/ARMTools/bin/../lib/gcc/arm-atollic-eabi/6.3.1/armv7-m/libgcc.a(pr-support.o)
                                         0x48 (size before relaxing)
                0x00000000080067a0                __exidx_end = .

.rel.dyn        0x00000000080067a0        0x0
 .rel.iplt      0x00000000080067a0        0x0 /opt/Atollic_TrueSTUDIO_for_ARM_x86_64_8.1.0/ARMTools/bin/../lib/gcc/arm-atollic-eabi/6.3.1/armv7-m/crtbegin.o

.preinit_array  0x00000000080067a0        0x0
                0x00000000080067a0                PROVIDE (__preinit_array_start, .)
 *(.preinit_array*)
                0x00000000080067a0                PROVIDE (__preinit_array_end, .)

.init_array     0x00000000080067a0        0x4
                0x00000000080067a0                PROVIDE (__init_array_start, .)
 *(SORT(.init_array.*))
 *(.init_array*)
 .init_array    0x00000000080067a0        0x4 /opt/Atollic_TrueSTUDIO_for_ARM_x86_64_8.1.0/ARMTools/bin/../lib/gcc/arm-atollic-eabi/6.3.1/armv7-m/crtbegin.o
                0x00000000080067a4                PROVIDE (__init_array_end, .)

.fini_array     0x00000000080067a4        0x4
                [!provide]                        PROVIDE (__fini_array_start, .)
 *(SORT(.fini_array.*))
 *(.fini_array*)
 .fini_array    0x00000000080067a4        0x4 /opt/Atollic_TrueSTUDIO_for_ARM_x86_64_8.1.0/ARMTools/bin/../lib/gcc/arm-atollic-eabi/6.3.1/armv7-m/crtbegin.o
                [!provide]                        PROVIDE (__fini_array_end, .)
                0x00000000080067a8                _sidata = LOADADDR (.data)

.data           0x0000000020000000       0x68 load address 0x00000000080067a8
                0x0000000020000000                . = ALIGN (0x4)
                0x0000000020000000                _sdata = .
 *(.data)
 *(.data*)
 .data.SystemCoreClock
                0x0000000020000000        0x4 Drivers/CMSIS/system_stm32f1xx.o
                0x0000000020000000                SystemCoreClock
 .data._impure_ptr
                0x0000000020000004        0x4 /opt/Atollic_TrueSTUDIO_for_ARM_x86_64_8.1.0/ARMTools/bin/../lib/gcc/arm-atollic-eabi/6.3.1/../../../../arm-atollic-eabi/lib/armv7-m/libc_nano.a(lib_a-impure.o)
                0x0000000020000004                _impure_ptr
 .data.impure_data
                0x0000000020000008       0x60 /opt/Atollic_TrueSTUDIO_for_ARM_x86_64_8.1.0/ARMTools/bin/../lib/gcc/arm-atollic-eabi/6.3.1/../../../../arm-atollic-eabi/lib/armv7-m/libc_nano.a(lib_a-impure.o)
                0x0000000020000068                . = ALIGN (0x4)
                0x0000000020000068                _edata = .

.igot.plt       0x0000000020000068        0x0 load address 0x0000000008006810
 .igot.plt      0x0000000020000068        0x0 /opt/Atollic_TrueSTUDIO_for_ARM_x86_64_8.1.0/ARMTools/bin/../lib/gcc/arm-atollic-eabi/6.3.1/armv7-m/crtbegin.o
                0x0000000020000068                . = ALIGN (0x4)

.bss            0x0000000020000068      0x2f4 load address 0x0000000008006810
                0x0000000020000068                _sbss = .
                0x0000000020000068                __bss_start__ = _sbss
 *(.bss)
 .bss           0x0000000020000068       0x1c /opt/Atollic_TrueSTUDIO_for_ARM_x86_64_8.1.0/ARMTools/bin/../lib/gcc/arm-atollic-eabi/6.3.1/armv7-m/crtbegin.o
 *(.bss*)
 .bss._ZN3CAN12_GLOBAL__N_15hcan_E
                0x0000000020000084        0x4 Application/CAN/can_core.o
 .bss._ZN3CAN12_GLOBAL__N_16Can_reE
                0x0000000020000088       0x24 Application/CAN/can_core.o
 .bss._ZN3CAN12_GLOBAL__N_16Can_txE
                0x00000000200000ac       0x1c Application/CAN/can_core.o
 .bss._ZN16CANDeviceManager12_GLOBAL__N_110m_GPIO_PinE
                0x00000000200000c8        0x2 Application/CAN/can_device_manager.o
 *fill*         0x00000000200000ca        0x2 
 .bss._ZN16CANDeviceManager12_GLOBAL__N_115can_device_listE
                0x00000000200000cc       0x20 Application/CAN/can_device_manager.o
 .bss._ZN16CANDeviceManager12_GLOBAL__N_117can_timeout_countE
                0x00000000200000ec        0x4 Application/CAN/can_device_manager.o
 .bss._ZN16CANDeviceManager12_GLOBAL__N_17m_GPIOxE
                0x00000000200000f0        0x4 Application/CAN/can_device_manager.o
 .bss._ZZN16CANDeviceManager4tickEiE14internal_count
                0x00000000200000f4        0x4 Application/CAN/can_device_manager.o
 .bss._ZN11Flashmemory12_GLOBAL__N_110data_indexE
                0x00000000200000f8        0x4 Application/Flashmemory/flashmemory.o
 .bss._ZN11Flashmemory12_GLOBAL__N_114m_data_addressE
                0x00000000200000fc        0x4 Application/Flashmemory/flashmemory.o
 .bss._ZN11Flashmemory12_GLOBAL__N_14dataE
                0x0000000020000100      0x100 Application/Flashmemory/flashmemory.o
 .bss._ZN3IMU4adc_E
                0x0000000020000200        0x7 Application/IMU/imu_mpu9250.o
                0x0000000020000200                IMU::adc_
 *fill*         0x0000000020000207        0x1 
 .bss._ZZN3IMU11pollingReadEvE1i
                0x0000000020000208        0x4 Application/IMU/imu_mpu9250.o
 .bss.hcan      0x000000002000020c       0x40 Application/User/can.o
                0x000000002000020c                hcan
 .bss._ZN12_GLOBAL__N_113receive_flag_E
                0x000000002000024c        0x1 Application/User/main.o
 .bss._ZN12_GLOBAL__N_119start_process_flag_E
                0x000000002000024d        0x1 Application/User/main.o
 *fill*         0x000000002000024e        0x2 
 .bss._ZN12_GLOBAL__N_16p_imu_E
                0x0000000020000250        0x4 Application/User/main.o
 .bss._ZN12_GLOBAL__N_18p_servo_E
                0x0000000020000254        0x4 Application/User/main.o
 .bss.hspi1     0x0000000020000258       0x58 Application/User/spi.o
                0x0000000020000258                hspi1
 .bss.htim1     0x00000000200002b0       0x3c Application/User/tim.o
                0x00000000200002b0                htim1
 .bss.huart2    0x00000000200002ec       0x40 Application/User/usart.o
                0x00000000200002ec                huart2
 .bss._ZL6uwTick
                0x000000002000032c        0x4 Drivers/STM32F1xx_HAL_Driver/stm32f1xx_hal.o
 .bss.pFlash    0x0000000020000330       0x20 Drivers/STM32F1xx_HAL_Driver/stm32f1xx_hal_flash.o
                0x0000000020000330                pFlash
 .bss.uCRCErrorWorkaroundCheck
                0x0000000020000350        0x1 Drivers/STM32F1xx_HAL_Driver/stm32f1xx_hal_spi_ex.o
                0x0000000020000350                uCRCErrorWorkaroundCheck
 *fill*         0x0000000020000351        0x3 
 .bss.__malloc_free_list
                0x0000000020000354        0x4 /opt/Atollic_TrueSTUDIO_for_ARM_x86_64_8.1.0/ARMTools/bin/../lib/gcc/arm-atollic-eabi/6.3.1/../../../../arm-atollic-eabi/lib/armv7-m/libc_nano.a(lib_a-nano-mallocr.o)
                0x0000000020000354                __malloc_free_list
 *(COMMON)
 COMMON         0x0000000020000358        0x4 /opt/Atollic_TrueSTUDIO_for_ARM_x86_64_8.1.0/ARMTools/bin/../lib/gcc/arm-atollic-eabi/6.3.1/../../../../arm-atollic-eabi/lib/armv7-m/libc_nano.a(lib_a-reent.o)
                0x0000000020000358                errno
                0x000000002000035c                . = ALIGN (0x4)
                0x000000002000035c                _ebss = .
                0x000000002000035c                __bss_end__ = _ebss

._user_heap_stack
                0x000000002000035c      0x600 load address 0x0000000008006810
                0x000000002000035c                . = ALIGN (0x4)
                0x000000002000035c                PROVIDE (end, .)
                [!provide]                        PROVIDE (_end, .)
                0x000000002000055c                . = (. + _Min_Heap_Size)
 *fill*         0x000000002000035c      0x200 
                0x000000002000095c                . = (. + _Min_Stack_Size)
 *fill*         0x000000002000055c      0x400 
                0x000000002000095c                . = ALIGN (0x4)

/DISCARD/
 libc.a(*)
 libm.a(*)
 libgcc.a(*)

.ARM.attributes
                0x0000000000000000       0x29
 *(.ARM.attributes)
 .ARM.attributes
                0x0000000000000000       0x1d /opt/Atollic_TrueSTUDIO_for_ARM_x86_64_8.1.0/ARMTools/bin/../lib/gcc/arm-atollic-eabi/6.3.1/armv7-m/crti.o
 .ARM.attributes
                0x000000000000001d       0x2d /opt/Atollic_TrueSTUDIO_for_ARM_x86_64_8.1.0/ARMTools/bin/../lib/gcc/arm-atollic-eabi/6.3.1/armv7-m/crtbegin.o
 .ARM.attributes
                0x000000000000004a       0x33 Application/CAN/can_core.o
 .ARM.attributes
                0x000000000000007d       0x33 Application/CAN/can_device_manager.o
 .ARM.attributes
                0x00000000000000b0       0x33 Application/Flashmemory/flashmemory.o
 .ARM.attributes
                0x00000000000000e3       0x33 Application/IMU/imu_mpu9250.o
 .ARM.attributes
                0x0000000000000116       0x33 Application/Initializer/initializer.o
 .ARM.attributes
                0x0000000000000149       0x33 Application/Motor/motor.o
 .ARM.attributes
                0x000000000000017c       0x33 Application/Servo/Dynamixel/dynamixel_serial.o
 .ARM.attributes
                0x00000000000001af       0x33 Application/Servo/servo.o
 .ARM.attributes
                0x00000000000001e2       0x21 Application/TrueSTUDIO/startup_stm32f103xb.o
 .ARM.attributes
                0x0000000000000203       0x33 Application/User/can.o
 .ARM.attributes
                0x0000000000000236       0x33 Application/User/gpio.o
 .ARM.attributes
                0x0000000000000269       0x33 Application/User/main.o
 .ARM.attributes
                0x000000000000029c       0x33 Application/User/spi.o
 .ARM.attributes
                0x00000000000002cf       0x33 Application/User/stm32f1xx_hal_msp.o
 .ARM.attributes
                0x0000000000000302       0x33 Application/User/stm32f1xx_it.o
 .ARM.attributes
                0x0000000000000335       0x33 Application/User/tim.o
 .ARM.attributes
                0x0000000000000368       0x33 Application/User/usart.o
 .ARM.attributes
                0x000000000000039b       0x33 Drivers/CMSIS/system_stm32f1xx.o
 .ARM.attributes
                0x00000000000003ce       0x33 Drivers/STM32F1xx_HAL_Driver/stm32f1xx_hal.o
 .ARM.attributes
                0x0000000000000401       0x33 Drivers/STM32F1xx_HAL_Driver/stm32f1xx_hal_can.o
 .ARM.attributes
                0x0000000000000434       0x33 Drivers/STM32F1xx_HAL_Driver/stm32f1xx_hal_cortex.o
 .ARM.attributes
                0x0000000000000467       0x33 Drivers/STM32F1xx_HAL_Driver/stm32f1xx_hal_flash.o
 .ARM.attributes
                0x000000000000049a       0x33 Drivers/STM32F1xx_HAL_Driver/stm32f1xx_hal_flash_ex.o
 .ARM.attributes
                0x00000000000004cd       0x33 Drivers/STM32F1xx_HAL_Driver/stm32f1xx_hal_gpio.o
 .ARM.attributes
                0x0000000000000500       0x33 Drivers/STM32F1xx_HAL_Driver/stm32f1xx_hal_rcc.o
 .ARM.attributes
                0x0000000000000533       0x33 Drivers/STM32F1xx_HAL_Driver/stm32f1xx_hal_spi.o
 .ARM.attributes
                0x0000000000000566       0x33 Drivers/STM32F1xx_HAL_Driver/stm32f1xx_hal_spi_ex.o
 .ARM.attributes
                0x0000000000000599       0x33 Drivers/STM32F1xx_HAL_Driver/stm32f1xx_hal_tim.o
 .ARM.attributes
                0x00000000000005cc       0x33 Drivers/STM32F1xx_HAL_Driver/stm32f1xx_hal_tim_ex.o
 .ARM.attributes
                0x00000000000005ff       0x33 Drivers/STM32F1xx_HAL_Driver/stm32f1xx_hal_uart.o
 .ARM.attributes
                0x0000000000000632       0x2d /opt/Atollic_TrueSTUDIO_for_ARM_x86_64_8.1.0/ARMTools/bin/../lib/gcc/arm-atollic-eabi/6.3.1/../../../../arm-atollic-eabi/lib/armv7-m/libstdc++_nano.a(si_class_type_info.o)
 .ARM.attributes
                0x000000000000065f       0x2d /opt/Atollic_TrueSTUDIO_for_ARM_x86_64_8.1.0/ARMTools/bin/../lib/gcc/arm-atollic-eabi/6.3.1/../../../../arm-atollic-eabi/lib/armv7-m/libstdc++_nano.a(del_ops.o)
 .ARM.attributes
                0x000000000000068c       0x2d /opt/Atollic_TrueSTUDIO_for_ARM_x86_64_8.1.0/ARMTools/bin/../lib/gcc/arm-atollic-eabi/6.3.1/../../../../arm-atollic-eabi/lib/armv7-m/libstdc++_nano.a(class_type_info.o)
 .ARM.attributes
                0x00000000000006b9       0x2d /opt/Atollic_TrueSTUDIO_for_ARM_x86_64_8.1.0/ARMTools/bin/../lib/gcc/arm-atollic-eabi/6.3.1/../../../../arm-atollic-eabi/lib/armv7-m/libstdc++_nano.a(tinfo.o)
 .ARM.attributes
                0x00000000000006e6       0x2d /opt/Atollic_TrueSTUDIO_for_ARM_x86_64_8.1.0/ARMTools/bin/../lib/gcc/arm-atollic-eabi/6.3.1/../../../../arm-atollic-eabi/lib/armv7-m/libstdc++_nano.a(del_op.o)
 .ARM.attributes
                0x0000000000000713       0x2d /opt/Atollic_TrueSTUDIO_for_ARM_x86_64_8.1.0/ARMTools/bin/../lib/gcc/arm-atollic-eabi/6.3.1/../../../../arm-atollic-eabi/lib/armv7-m/libc_nano.a(lib_a-init.o)
 .ARM.attributes
                0x0000000000000740       0x2d /opt/Atollic_TrueSTUDIO_for_ARM_x86_64_8.1.0/ARMTools/bin/../lib/gcc/arm-atollic-eabi/6.3.1/../../../../arm-atollic-eabi/lib/armv7-m/libc_nano.a(lib_a-malloc.o)
 .ARM.attributes
                0x000000000000076d       0x2d /opt/Atollic_TrueSTUDIO_for_ARM_x86_64_8.1.0/ARMTools/bin/../lib/gcc/arm-atollic-eabi/6.3.1/../../../../arm-atollic-eabi/lib/armv7-m/libc_nano.a(lib_a-memcpy-stub.o)
 .ARM.attributes
                0x000000000000079a       0x2d /opt/Atollic_TrueSTUDIO_for_ARM_x86_64_8.1.0/ARMTools/bin/../lib/gcc/arm-atollic-eabi/6.3.1/../../../../arm-atollic-eabi/lib/armv7-m/libc_nano.a(lib_a-memset.o)
 .ARM.attributes
                0x00000000000007c7       0x2d /opt/Atollic_TrueSTUDIO_for_ARM_x86_64_8.1.0/ARMTools/bin/../lib/gcc/arm-atollic-eabi/6.3.1/../../../../arm-atollic-eabi/lib/armv7-m/libc_nano.a(lib_a-nano-freer.o)
 .ARM.attributes
                0x00000000000007f4       0x2d /opt/Atollic_TrueSTUDIO_for_ARM_x86_64_8.1.0/ARMTools/bin/../lib/gcc/arm-atollic-eabi/6.3.1/../../../../arm-atollic-eabi/lib/armv7-m/libc_nano.a(lib_a-nano-mallocr.o)
 .ARM.attributes
                0x0000000000000821       0x1b /opt/Atollic_TrueSTUDIO_for_ARM_x86_64_8.1.0/ARMTools/bin/../lib/gcc/arm-atollic-eabi/6.3.1/../../../../arm-atollic-eabi/lib/armv7-m/libc_nano.a(lib_a-strcmp.o)
 .ARM.attributes
                0x000000000000083c       0x2d /opt/Atollic_TrueSTUDIO_for_ARM_x86_64_8.1.0/ARMTools/bin/../lib/gcc/arm-atollic-eabi/6.3.1/../../../../arm-atollic-eabi/lib/armv7-m/libc_nano.a(lib_a-impure.o)
 .ARM.attributes
                0x0000000000000869       0x2d /opt/Atollic_TrueSTUDIO_for_ARM_x86_64_8.1.0/ARMTools/bin/../lib/gcc/arm-atollic-eabi/6.3.1/../../../../arm-atollic-eabi/lib/armv7-m/libc_nano.a(lib_a-mlock.o)
 .ARM.attributes
                0x0000000000000896       0x1d /opt/Atollic_TrueSTUDIO_for_ARM_x86_64_8.1.0/ARMTools/bin/../lib/gcc/arm-atollic-eabi/6.3.1/armv7-m/libgcc.a(_arm_addsubsf3.o)
 .ARM.attributes
                0x00000000000008b3       0x1d /opt/Atollic_TrueSTUDIO_for_ARM_x86_64_8.1.0/ARMTools/bin/../lib/gcc/arm-atollic-eabi/6.3.1/armv7-m/libgcc.a(_arm_muldivsf3.o)
 .ARM.attributes
                0x00000000000008d0       0x1d /opt/Atollic_TrueSTUDIO_for_ARM_x86_64_8.1.0/ARMTools/bin/../lib/gcc/arm-atollic-eabi/6.3.1/armv7-m/libgcc.a(_arm_fixunssfsi.o)
 .ARM.attributes
                0x00000000000008ed       0x1d /opt/Atollic_TrueSTUDIO_for_ARM_x86_64_8.1.0/ARMTools/bin/../lib/gcc/arm-atollic-eabi/6.3.1/armv7-m/crtn.o
OUTPUT(neuron.elf elf32-littlearm)

.debug_info     0x0000000000000000    0x3ef18
 .debug_info    0x0000000000000000     0x2bcf Application/CAN/can_core.o
 .debug_info    0x0000000000002bcf     0x3523 Application/CAN/can_device_manager.o
 .debug_info    0x00000000000060f2     0x2b95 Application/Flashmemory/flashmemory.o