msg.h:45:7:constexpr ros::Msg::Msg()	16	static
Log.h:25:5:rosserial_msgs::Log::Log()	16	static
Log.h:31:17:virtual int rosserial_msgs::Log::serialize(unsigned char*) const	24	static
Log.h:44:17:virtual int rosserial_msgs::Log::deserialize(unsigned char*)	32	static
Log.h:61:18:virtual const char* rosserial_msgs::Log::getType()	16	static
Log.h:62:18:virtual const char* rosserial_msgs::Log::getMD5()	16	static
publisher.h:48:3:ros::Publisher::Publisher(const char*, ros::Msg*, int)	24	static
publisher.h:53:7:int ros::Publisher::publish(const ros::Msg*)	16	static
ImuCalib.h:30:5:spinal::ImuCalibRequest::ImuCalibRequest()	16	static
ImuCalib.h:36:17:virtual int spinal::ImuCalibRequest::serialize(unsigned char*) const	32	static
ImuCalib.h:61:17:virtual int spinal::ImuCalibRequest::deserialize(unsigned char*)	32	static
ImuCalib.h:91:18:virtual const char* spinal::ImuCalibRequest::getType()	16	static
ImuCalib.h:92:18:virtual const char* spinal::ImuCalibRequest::getMD5()	16	static
ImuCalib.h:106:5:spinal::ImuCalibResponse::ImuCalibResponse()	16	static
ImuCalib.h:112:17:virtual int spinal::ImuCalibResponse::serialize(unsigned char*) const	32	static
ImuCalib.h:142:17:virtual int spinal::ImuCalibResponse::deserialize(unsigned char*)	40	static
ImuCalib.h:178:18:virtual const char* spinal::ImuCalibResponse::getType()	16	static
ImuCalib.h:179:18:virtual const char* spinal::ImuCalibResponse::getMD5()	16	static
imu_basic.h:90:19:ap::Vector3f IMU::getGyroBias()	48	static
imu_basic.h:91:19:ap::Vector3f IMU::getAccBias()	48	static
imu_basic.h:92:19:ap::Vector3f IMU::getMagBias()	48	static
imu_basic.h:93:19:ap::Vector3f IMU::getMagScale()	48	static
imu_basic.h:94:15:void IMU::setGyroBias(ap::Vector3f)	24	static
imu_basic.h:95:15:void IMU::setAccBias(ap::Vector3f)	24	static
imu_basic.h:96:15:void IMU::setMagBias(ap::Vector3f)	24	static
imu_basic.h:97:15:void IMU::setMagScale(ap::Vector3f)	24	static
new:173:33:void* operator new(std::size_t, void*)	16	static
gthr-default.h:229:1:int __gthread_key_delete(__gthread_key_t)	16	static
stl_vector.h:125:14:std::_Vector_base<IMU*, std::allocator<IMU*> >::_Vector_impl::~_Vector_impl()	16	static
stl_vector.h:285:7:std::_Vector_base<_Tp, _Alloc>::_Vector_base() [with _Tp = IMU*; _Alloc = std::allocator<IMU*>]	16	static
stl_vector.h:484:7:std::vector<_Tp, _Alloc>::vector() [with _Tp = IMU*; _Alloc = std::allocator<IMU*>]	16	static
imu_ros_cmd.cpp:24:8:void IMU_ROS_CMD::getImuCalibData()	64	static
msg.h:45:7:constexpr ros::Msg& ros::Msg::operator=(const ros::Msg&)	16	static
ImuCalib.h:96:9:constexpr spinal::ImuCalibResponse& spinal::ImuCalibResponse::operator=(const spinal::ImuCalibResponse&)	16	static
imu_ros_cmd.cpp:47:8:void IMU_ROS_CMD::imuCalibCallback(const Request&, spinal::ImuCalib::Response&)	104	static
imu_ros_cmd.cpp:172:8:void IMU_ROS_CMD::init(ros::NodeHandle*)	16	static
imu_ros_cmd.cpp:178:8:void IMU_ROS_CMD::addImu(IMU*)	16	static
msg.h:129:15:static void ros::Msg::varToArr(A, V) [with A = unsigned char*; V = long unsigned int]	24	static
msg.h:137:15:static void ros::Msg::arrToVar(V&, A) [with V = long unsigned int; A = unsigned char*]	24	static
stl_vector.h:128:2:std::_Vector_base<_Tp, _Alloc>::_Vector_impl::_Vector_impl() [with _Tp = IMU*; _Alloc = std::allocator<IMU*>]	16	static
allocator.h:153:7:std::allocator< <template-parameter-1-1> >::~allocator() [with _Tp = IMU*]	16	static
stl_vector.h:330:7:std::_Vector_base<_Tp, _Alloc>::~_Vector_base() [with _Tp = IMU*; _Alloc = std::allocator<IMU*>]	16	static
stl_vector.h:915:7:std::vector<_Tp, _Alloc>::size_type std::vector<_Tp, _Alloc>::size() const [with _Tp = IMU*; _Alloc = std::allocator<IMU*>]	16	static
stl_vector.h:1089:7:std::vector<_Tp, _Alloc>::reference std::vector<_Tp, _Alloc>::at(std::vector<_Tp, _Alloc>::size_type) [with _Tp = IMU*; _Alloc = std::allocator<IMU*>]	16	static
vector3.h:80:5:ap::Vector3<T>::Vector3(T, T, T) [with T = float]	24	static
node_handle.h:569:8:void ros::NodeHandle_<Hardware, MAX_SUBSCRIBERS, MAX_PUBLISHERS, INPUT_SIZE, OUTPUT_SIZE>::logwarn(const char*) [with Hardware = STM32Hardware; int MAX_SUBSCRIBERS = 50; int MAX_PUBLISHERS = 50; int INPUT_SIZE = 512; int OUTPUT_SIZE = 512]	16	static
subscriber.h:44:7:ros::Subscriber_::Subscriber_()	16	static
service_server.h:94:3:ros::ServiceServer<MReq, MRes, void>::ServiceServer(const char*, ros::ServiceServer<MReq, MRes, void>::CallbackT) [with MReq = spinal::ImuCalibRequest; MRes = spinal::ImuCalibResponse]	24	static
node_handle.h:448:8:bool ros::NodeHandle_<Hardware, MAX_SUBSCRIBERS, MAX_PUBLISHERS, INPUT_SIZE, OUTPUT_SIZE>::advertiseService(ros::ServiceServer<MReq, MRes, ObjT>&) [with MReq = spinal::ImuCalibRequest; MRes = spinal::ImuCalibResponse; ObjT = void; Hardware = STM32Hardware; int MAX_SUBSCRIBERS = 50; int MAX_PUBLISHERS = 50; int INPUT_SIZE = 512; int OUTPUT_SIZE = 512]	24	static
stl_vector.h:1184:7:void std::vector<_Tp, _Alloc>::push_back(const value_type&) [with _Tp = IMU*; _Alloc = std::allocator<IMU*>]	16	static
allocator.h:138:7:std::allocator< <template-parameter-1-1> >::allocator() [with _Tp = IMU*]	16	static
stl_vector.h:94:2:std::_Vector_base<_Tp, _Alloc>::_Vector_impl_data::_Vector_impl_data() [with _Tp = IMU*; _Alloc = std::allocator<IMU*>]	16	static
new_allocator.h:89:7:__gnu_cxx::new_allocator<_Tp>::~new_allocator() [with _Tp = IMU*]	16	static
stl_vector.h:347:7:void std::_Vector_base<_Tp, _Alloc>::_M_deallocate(std::_Vector_base<_Tp, _Alloc>::pointer, std::size_t) [with _Tp = IMU*; _Alloc = std::allocator<IMU*>]	24	static
stl_vector.h:1067:7:void std::vector<_Tp, _Alloc>::_M_range_check(std::vector<_Tp, _Alloc>::size_type) const [with _Tp = IMU*; _Alloc = std::allocator<IMU*>]	16	static
stl_vector.h:1040:7:std::vector<_Tp, _Alloc>::reference std::vector<_Tp, _Alloc>::operator[](std::vector<_Tp, _Alloc>::size_type) [with _Tp = IMU*; _Alloc = std::allocator<IMU*>]	16	static
node_handle.h:552:8:void ros::NodeHandle_<Hardware, MAX_SUBSCRIBERS, MAX_PUBLISHERS, INPUT_SIZE, OUTPUT_SIZE>::log(char, const char*) [with Hardware = STM32Hardware; int MAX_SUBSCRIBERS = 50; int MAX_PUBLISHERS = 50; int INPUT_SIZE = 512; int OUTPUT_SIZE = 512]	40	static
node_handle.h:415:8:bool ros::NodeHandle_<Hardware, MAX_SUBSCRIBERS, MAX_PUBLISHERS, INPUT_SIZE, OUTPUT_SIZE>::advertise(ros::Publisher&) [with Hardware = STM32Hardware; int MAX_SUBSCRIBERS = 50; int MAX_PUBLISHERS = 50; int INPUT_SIZE = 512; int OUTPUT_SIZE = 512]	24	static
alloc_traits.h:482:2:) [with _Up = IMU*; _Args = {IMU* const&}; _Tp = IMU*]	24	static
stl_vector.h:826:7:std::vector<_Tp, _Alloc>::iterator std::vector<_Tp, _Alloc>::end() [with _Tp = IMU*; _Alloc = std::allocator<IMU*>]	24	static
stl_vector.h:441:7:static constexpr bool std::vector<_Tp, _Alloc>::_S_use_relocate() [with _Tp = IMU*; _Alloc = std::allocator<IMU*>]	16	static
stl_vector.h:428:7:static constexpr bool std::vector<_Tp, _Alloc>::_S_nothrow_relocate(std::true_type) [with _Tp = IMU*; _Alloc = std::allocator<IMU*>]	16	static
vector.tcc:426:7:) [with _Args = {IMU* const&}; _Tp = IMU*; _Alloc = std::allocator<IMU*>]	64	static
new_allocator.h:80:7:__gnu_cxx::new_allocator<_Tp>::new_allocator() [with _Tp = IMU*]	16	static
alloc_traits.h:469:7:static void std::allocator_traits<std::allocator<_Tp1> >::deallocate(std::allocator_traits<std::allocator<_Tp1> >::allocator_type&, std::allocator_traits<std::allocator<_Tp1> >::pointer, std::allocator_traits<std::allocator<_Tp1> >::size_type) [with _Tp = IMU*]	24	static
move.h:74:5:constexpr _Tp&& std::forward(typename std::remove_reference<_Tp>::type&) [with _Tp = IMU* const&]	16	static
new_allocator.h:144:2:) [with _Up = IMU*; _Args = {IMU* const&}; _Tp = IMU*]	32	static
stl_iterator.h:806:7:__gnu_cxx::__normal_iterator<_Iterator, _Container>::__normal_iterator(const _Iterator&) [with _Iterator = IMU**; _Container = std::vector<IMU*>]	16	static
stl_vector.h:1753:7:std::vector<_Tp, _Alloc>::size_type std::vector<_Tp, _Alloc>::_M_check_len(std::vector<_Tp, _Alloc>::size_type, const char*) const [with _Tp = IMU*; _Alloc = std::allocator<IMU*>]	40	static
stl_vector.h:808:7:std::vector<_Tp, _Alloc>::iterator std::vector<_Tp, _Alloc>::begin() [with _Tp = IMU*; _Alloc = std::allocator<IMU*>]	24	static
stl_iterator.h:989:5:typename __gnu_cxx::__normal_iterator<_Iterator, _Container>::difference_type __gnu_cxx::operator-(const __gnu_cxx::__normal_iterator<_Iterator, _Container>&, const __gnu_cxx::__normal_iterator<_Iterator, _Container>&) [with _Iterator = IMU**; _Container = std::vector<IMU*>]	24	static
stl_vector.h:340:7:std::_Vector_base<_Tp, _Alloc>::pointer std::_Vector_base<_Tp, _Alloc>::_M_allocate(std::size_t) [with _Tp = IMU*; _Alloc = std::allocator<IMU*>]	16	static
stl_vector.h:462:7:static std::vector<_Tp, _Alloc>::pointer std::vector<_Tp, _Alloc>::_S_relocate(std::vector<_Tp, _Alloc>::pointer, std::vector<_Tp, _Alloc>::pointer, std::vector<_Tp, _Alloc>::pointer, std::vector<_Tp, _Alloc>::_Tp_alloc_type&) [with _Tp = IMU*; _Alloc = std::allocator<IMU*>]	48	static
stl_iterator.h:871:7:const _Iterator& __gnu_cxx::__normal_iterator<_Iterator, _Container>::base() const [with _Iterator = IMU**; _Container = std::vector<IMU*>]	16	static
stl_vector.h:273:7:std::_Vector_base<_Tp, _Alloc>::_Tp_alloc_type& std::_Vector_base<_Tp, _Alloc>::_M_get_Tp_allocator() [with _Tp = IMU*; _Alloc = std::allocator<IMU*>]	16	static
stl_uninitialized.h:323:5:_ForwardIterator std::__uninitialized_move_if_noexcept_a(_InputIterator, _InputIterator, _ForwardIterator, _Allocator&) [with _InputIterator = IMU**; _ForwardIterator = IMU**; _Allocator = std::allocator<IMU*>]	32	static
stl_construct.h:203:5:void std::_Destroy(_ForwardIterator, _ForwardIterator, std::allocator<_T2>&) [with _ForwardIterator = IMU**; _Tp = IMU*]	24	static
new_allocator.h:119:7:void __gnu_cxx::new_allocator<_Tp>::deallocate(__gnu_cxx::new_allocator<_Tp>::pointer, __gnu_cxx::new_allocator<_Tp>::size_type) [with _Tp = IMU*]	24	static
stl_vector.h:920:7:std::vector<_Tp, _Alloc>::size_type std::vector<_Tp, _Alloc>::max_size() const [with _Tp = IMU*; _Alloc = std::allocator<IMU*>]	16	static
stl_algobase.h:222:5:constexpr const _Tp& std::max(const _Tp&, const _Tp&) [with _Tp = unsigned int]	16	static
alloc_traits.h:443:7:static _Tp* std::allocator_traits<std::allocator<_Tp1> >::allocate(std::allocator_traits<std::allocator<_Tp1> >::allocator_type&, std::allocator_traits<std::allocator<_Tp1> >::size_type) [with _Tp = IMU*]	16	static
stl_vector.h:450:7:static std::vector<_Tp, _Alloc>::pointer std::vector<_Tp, _Alloc>::_S_do_relocate(std::vector<_Tp, _Alloc>::pointer, std::vector<_Tp, _Alloc>::pointer, std::vector<_Tp, _Alloc>::pointer, std::vector<_Tp, _Alloc>::_Tp_alloc_type&, std::true_type) [with _Tp = IMU*; _Alloc = std::allocator<IMU*>]	24	static
stl_iterator.h:1242:5:_ReturnType std::__make_move_if_noexcept_iterator(_Tp*) [with _Tp = IMU*; _ReturnType = std::move_iterator<IMU**>]	24	static
stl_uninitialized.h:305:5:_ForwardIterator std::__uninitialized_copy_a(_InputIterator, _InputIterator, _ForwardIterator, std::allocator<_Tp>&) [with _InputIterator = std::move_iterator<IMU**>; _ForwardIterator = IMU**; _Tp = IMU*]	24	static
stl_construct.h:127:5:void std::_Destroy(_ForwardIterator, _ForwardIterator) [with _ForwardIterator = IMU**]	16	static
stl_vector.h:1773:7:static std::vector<_Tp, _Alloc>::size_type std::vector<_Tp, _Alloc>::_S_max_size(const _Tp_alloc_type&) [with _Tp = IMU*; _Alloc = std::allocator<IMU*>]	24	static
stl_vector.h:277:7:const _Tp_alloc_type& std::_Vector_base<_Tp, _Alloc>::_M_get_Tp_allocator() const [with _Tp = IMU*; _Alloc = std::allocator<IMU*>]	16	static
new_allocator.h:102:7:_Tp* __gnu_cxx::new_allocator<_Tp>::allocate(__gnu_cxx::new_allocator<_Tp>::size_type, const void*) [with _Tp = IMU*]	24	static
stl_uninitialized.h:958:5:_ForwardIterator std::__relocate_a(_InputIterator, _InputIterator, _ForwardIterator, _Allocator&) [with _InputIterator = IMU**; _ForwardIterator = IMU**; _Allocator = std::allocator<IMU*>]	32	static
stl_iterator.h:1057:7:std::move_iterator<_Iterator>::move_iterator(std::move_iterator<_Iterator>::iterator_type) [with _Iterator = IMU**]	16	static
stl_uninitialized.h:115:5:_ForwardIterator std::uninitialized_copy(_InputIterator, _InputIterator, _ForwardIterator) [with _InputIterator = std::move_iterator<IMU**>; _ForwardIterator = IMU**]	32	static
stl_construct.h:117:9:static void std::_Destroy_aux<true>::__destroy(_ForwardIterator, _ForwardIterator) [with _ForwardIterator = IMU**]	16	static
alloc_traits.h:505:7:static std::allocator_traits<std::allocator<_Tp1> >::size_type std::allocator_traits<std::allocator<_Tp1> >::max_size(const allocator_type&) [with _Tp = IMU*]	16	static
stl_algobase.h:198:5:constexpr const _Tp& std::min(const _Tp&, const _Tp&) [with _Tp = unsigned int]	16	static
new_allocator.h:132:7:__gnu_cxx::new_allocator<_Tp>::size_type __gnu_cxx::new_allocator<_Tp>::max_size() const [with _Tp = IMU*]	16	static
stl_algobase.h:280:5:_Iterator std::__niter_base(_Iterator) [with _Iterator = IMU**]	16	static
stl_uninitialized.h:924:5:std::__enable_if_t<std::__is_bitwise_relocatable<_Tp>::value, _Tp*> std::__relocate_a_1(_Tp*, _Tp*, _Tp*, std::allocator<_T2>&) [with _Tp = IMU*; _Up = IMU*]	32	static
stl_uninitialized.h:99:9:static _ForwardIterator std::__uninitialized_copy<true>::__uninit_copy(_InputIterator, _InputIterator, _ForwardIterator) [with _InputIterator = std::move_iterator<IMU**>; _ForwardIterator = IMU**]	24	static
stl_algobase.h:465:5:_OI std::copy(_II, _II, _OI) [with _II = std::move_iterator<IMU**>; _OI = IMU**]	32	static
stl_iterator.h:1262:5:base())) std::__miter_base(std::move_iterator<_IteratorL>) [with _Iterator = IMU**]	16	static
stl_algobase.h:438:5:_OI std::__copy_move_a2(_II, _II, _OI) [with bool _IsMove = true; _II = IMU**; _OI = IMU**]	32	static
stl_iterator.h:1066:7:std::move_iterator<_Iterator>::iterator_type std::move_iterator<_Iterator>::base() const [with _Iterator = IMU**]	16	static
cpp_type_traits.h:428:5:_Iterator std::__miter_base(_Iterator) [with _Iterator = IMU**]	16	static
stl_algobase.h:393:5:_OI std::__copy_move_a(_II, _II, _OI) [with bool _IsMove = true; _II = IMU**; _OI = IMU**]	32	static
stl_algobase.h:295:5:_Iterator std::__niter_wrap(const _Iterator&, _Iterator) [with _Iterator = IMU**]	16	static
stl_algobase.h:375:2:static _Tp* std::__copy_move<_IsMove, true, std::random_access_iterator_tag>::__copy_m(const _Tp*, const _Tp*, _Tp*) [with _Tp = IMU*; bool _IsMove = true]	32	static
imu_ros_cmd.cpp:182:1:void __static_initialization_and_destruction_0(int, int)	16	static
service_server.h:102:16:void ros::ServiceServer<MReq, MRes, void>::callback(unsigned char*) [with MReq = spinal::ImuCalibRequest; MRes = spinal::ImuCalibResponse]	16	static
service_server.h:116:15:int ros::ServiceServer<MReq, MRes, void>::getEndpointType() [with MReq = spinal::ImuCalibRequest; MRes = spinal::ImuCalibResponse]	16	static
service_server.h:108:24:const char* ros::ServiceServer<MReq, MRes, void>::getMsgType() [with MReq = spinal::ImuCalibRequest; MRes = spinal::ImuCalibResponse]	16	static
service_server.h:112:24:const char* ros::ServiceServer<MReq, MRes, void>::getMsgMD5() [with MReq = spinal::ImuCalibRequest; MRes = spinal::ImuCalibResponse]	16	static
stl_vector.h:675:7:std::vector<_Tp, _Alloc>::~vector() [with _Tp = IMU*; _Alloc = std::allocator<IMU*>]	24	static
imu_ros_cmd.cpp:182:1:cpp)	8	static
imu_ros_cmd.cpp:182:1:cpp)	8	static
